Archive member included to satisfy reference by file (symbol)

c:/programs/msp430_gcc/bin/../lib/gcc/msp430-elf/6.2.1/430\libgcc.a(lib2divHI.o)
                              adc.o (__mspabi_divi)
c:/programs/msp430_gcc/bin/../lib/gcc/msp430-elf/6.2.1/430\libgcc.a(lib2divSI.o)
                              adc.o (__mspabi_divul)
c:/programs/msp430_gcc/bin/../lib/gcc/msp430-elf/6.2.1/430\libgcc.a(epilogue.o)
                              adc.o (__mspabi_func_epilog_7)
c:/programs/msp430_gcc/bin/../lib/gcc/msp430-elf/6.2.1/430\libgcc.a(srli.o)
                              c:/programs/msp430_gcc/bin/../lib/gcc/msp430-elf/6.2.1/430/crtbegin.o (__mspabi_srli_15)
c:/programs/msp430_gcc/bin/../lib/gcc/msp430-elf/6.2.1/430\libgcc.a(_udivdi3.o)
                              c:/programs/msp430_gcc/bin/../lib/gcc/msp430-elf/6.2.1/430\libgcc.a(lib2divSI.o) (__mspabi_divull)
c:/programs/msp430_gcc/bin/../lib/gcc/msp430-elf/6.2.1/430\libgcc.a(_lshrdi3.o)
                              c:/programs/msp430_gcc/bin/../lib/gcc/msp430-elf/6.2.1/430\libgcc.a(_udivdi3.o) (__lshrdi3)
c:/programs/msp430_gcc/bin/../lib/gcc/msp430-elf/6.2.1/430\libgcc.a(_ashldi3.o)
                              c:/programs/msp430_gcc/bin/../lib/gcc/msp430-elf/6.2.1/430\libgcc.a(_udivdi3.o) (__ashldi3)
c:/programs/msp430_gcc/bin/../lib/gcc/msp430-elf/6.2.1/430\libgcc.a(_clzdi2.o)
                              c:/programs/msp430_gcc/bin/../lib/gcc/msp430-elf/6.2.1/430\libgcc.a(_udivdi3.o) (__clzdi2)
c:/programs/msp430_gcc/bin/../lib/gcc/msp430-elf/6.2.1/430\libgcc.a(slli.o)
                              c:/programs/msp430_gcc/bin/../lib/gcc/msp430-elf/6.2.1/430\libgcc.a(_lshrdi3.o) (__mspabi_slll)
c:/programs/msp430_gcc/bin/../lib/gcc/msp430-elf/6.2.1/430\libgcc.a(_clz.o)
                              c:/programs/msp430_gcc/bin/../lib/gcc/msp430-elf/6.2.1/430\libgcc.a(_clzdi2.o) (__clz_tab)
c:/programs/msp430_gcc/bin/../lib/gcc/msp430-elf/6.2.1/430\libmul_none.a(lib2_mul_none.o)
                              adc.o (__mspabi_mpyl)
c:/programs/msp430_gcc/bin/../lib/gcc/msp430-elf/6.2.1/../../../../msp430-elf/lib/430\libcrt.a(crt_bss.o)
                              c:/programs/msp430_gcc/bin/../lib/gcc/msp430-elf/6.2.1/430/crtbegin.o (__crt0_init_bss)
c:/programs/msp430_gcc/bin/../lib/gcc/msp430-elf/6.2.1/../../../../msp430-elf/lib/430\libcrt.a(crt_movedata.o)
                              c:/programs/msp430_gcc/bin/../lib/gcc/msp430-elf/6.2.1/430/crtbegin.o (__crt0_movedata)
c:/programs/msp430_gcc/bin/../lib/gcc/msp430-elf/6.2.1/../../../../msp430-elf/lib/430\libcrt.a(crt_main.o)
                              c:/programs/msp430_gcc/bin/../lib/gcc/msp430-elf/6.2.1/../../../../msp430-elf/lib/430/crt0.o (__crt0_call_init_then_main)
c:/programs/msp430_gcc/bin/../lib/gcc/msp430-elf/6.2.1/../../../../msp430-elf/lib/430\libc.a(lib_a-memmove.o)
                              c:/programs/msp430_gcc/bin/../lib/gcc/msp430-elf/6.2.1/../../../../msp430-elf/lib/430\libcrt.a(crt_movedata.o) (memmove)
c:/programs/msp430_gcc/bin/../lib/gcc/msp430-elf/6.2.1/../../../../msp430-elf/lib/430\libc.a(lib_a-memset.o)
                              c:/programs/msp430_gcc/bin/../lib/gcc/msp430-elf/6.2.1/../../../../msp430-elf/lib/430\libcrt.a(crt_bss.o) (memset)

Memory Configuration

Name             Origin             Length             Attributes
SFR              0x00000000         0x00000010
RAM              0x00000200         0x00000200
INFOMEM          0x00001000         0x00000100
INFOA            0x000010c0         0x00000040
INFOB            0x00001080         0x00000040
INFOC            0x00001040         0x00000040
INFOD            0x00001000         0x00000040
ROM              0x0000c000         0x00003fde         xr
BSLSIGNATURE     0x0000ffde         0x00000002
VECT1            0x0000ffe0         0x00000002
VECT2            0x0000ffe2         0x00000002
VECT3            0x0000ffe4         0x00000002
VECT4            0x0000ffe6         0x00000002
VECT5            0x0000ffe8         0x00000002
VECT6            0x0000ffea         0x00000002
VECT7            0x0000ffec         0x00000002
VECT8            0x0000ffee         0x00000002
VECT9            0x0000fff0         0x00000002
VECT10           0x0000fff2         0x00000002
VECT11           0x0000fff4         0x00000002
VECT12           0x0000fff6         0x00000002
VECT13           0x0000fff8         0x00000002
VECT14           0x0000fffa         0x00000002
VECT15           0x0000fffc         0x00000002
RESETVEC         0x0000fffe         0x00000002
*default*        0x00000000         0xffffffff

Linker script and memory map

LOAD c:/programs/msp430_gcc/bin/../lib/gcc/msp430-elf/6.2.1/../../../../msp430-elf/lib/430/crt0.o
LOAD c:/programs/msp430_gcc/bin/../lib/gcc/msp430-elf/6.2.1/430/crtbegin.o
LOAD adc.o
LOAD c:/programs/msp430_gcc/bin/../lib/gcc/msp430-elf/6.2.1/430\libgcc.a
START GROUP
LOAD c:/programs/msp430_gcc/bin/../lib/gcc/msp430-elf/6.2.1/430\libmul_none.a
LOAD c:/programs/msp430_gcc/bin/../lib/gcc/msp430-elf/6.2.1/../../../../msp430-elf/lib/430\libc.a
LOAD c:/programs/msp430_gcc/bin/../lib/gcc/msp430-elf/6.2.1/430\libgcc.a
LOAD c:/programs/msp430_gcc/bin/../lib/gcc/msp430-elf/6.2.1/../../../../msp430-elf/lib/430\libcrt.a
LOAD c:/programs/msp430_gcc/bin/../lib/gcc/msp430-elf/6.2.1/../../../../msp430-elf/lib/430\libnosys.a
END GROUP

.bslsignature

__interrupt_vector_1
 *(__interrupt_vector_1)
 *(__interrupt_vector_trapint)

__interrupt_vector_2
 *(__interrupt_vector_2)

__interrupt_vector_3
 *(__interrupt_vector_3)
 *(__interrupt_vector_port1)

__interrupt_vector_4
 *(__interrupt_vector_4)
 *(__interrupt_vector_port2)

__interrupt_vector_5
 *(__interrupt_vector_5)

__interrupt_vector_6
 *(__interrupt_vector_6)
 *(__interrupt_vector_adc10)

__interrupt_vector_7
 *(__interrupt_vector_7)
 *(__interrupt_vector_usciab0tx)

__interrupt_vector_8
 *(__interrupt_vector_8)
 *(__interrupt_vector_usciab0rx)

__interrupt_vector_9
 *(__interrupt_vector_9)
 *(__interrupt_vector_timer0_a1)

__interrupt_vector_10
 *(__interrupt_vector_10)
 *(__interrupt_vector_timer0_a0)

__interrupt_vector_11
 *(__interrupt_vector_11)
 *(__interrupt_vector_wdt)

__interrupt_vector_12
 *(__interrupt_vector_12)
 *(__interrupt_vector_comparatora)

__interrupt_vector_13
 *(__interrupt_vector_13)
 *(__interrupt_vector_timer1_a1)

__interrupt_vector_14
 *(__interrupt_vector_14)
 *(__interrupt_vector_timer1_a0)

__interrupt_vector_15
 *(__interrupt_vector_15)
 *(__interrupt_vector_nmi)

__reset_vector  0x0000fffe        0x2
 *(__interrupt_vector_16)
 *(__interrupt_vector_reset)
 *(.resetvec)
 .resetvec      0x0000fffe        0x2 c:/programs/msp430_gcc/bin/../lib/gcc/msp430-elf/6.2.1/../../../../msp430-elf/lib/430/crt0.o

.rodata         0x0000c000      0x164
                0x0000c000                . = ALIGN (0x2)
 *(.plt)
 *(.rodata .rodata.* .gnu.linkonce.r.* .const .const:*)
 .rodata        0x0000c000       0x64 adc.o
 .rodata.__clz_tab
                0x0000c064      0x100 c:/programs/msp430_gcc/bin/../lib/gcc/msp430-elf/6.2.1/430\libgcc.a(_clz.o)
                0x0000c064                __clz_tab
 *(.rodata1)
 *(.gcc_except_table)
 *(.gcc_except_table.*)
                0x0000c164                PROVIDE (__preinit_array_start, .)
 *(.preinit_array)
                0x0000c164                PROVIDE (__preinit_array_end, .)
                0x0000c164                PROVIDE (__init_array_start, .)
 *(SORT(.init_array.*))
 *(.init_array)
                0x0000c164                PROVIDE (__init_array_end, .)
                0x0000c164                PROVIDE (__fini_array_start, .)
 *(.fini_array)
 *(SORT(.fini_array.*))
                0x0000c164                PROVIDE (__fini_array_end, .)

.rodata2        0x0000c164       0x7c
                0x0000c164                . = ALIGN (0x2)
 *(.eh_frame_hdr)
 *(.eh_frame)
 .eh_frame      0x0000c164        0x0 c:/programs/msp430_gcc/bin/../lib/gcc/msp430-elf/6.2.1/430/crtbegin.o
 .eh_frame      0x0000c164       0x6e c:/programs/msp430_gcc/bin/../lib/gcc/msp430-elf/6.2.1/430\libgcc.a(_udivdi3.o)
 *fill*         0x0000c1d2        0x2 
 .eh_frame      0x0000c1d4        0x4 c:/programs/msp430_gcc/bin/../lib/gcc/msp430-elf/6.2.1/430/crtend.o
 *crtbegin*.o(.ctors)
 .ctors         0x0000c1d8        0x2 c:/programs/msp430_gcc/bin/../lib/gcc/msp430-elf/6.2.1/430/crtbegin.o
 *(EXCLUDE_FILE(*crtend*.o) .ctors)
 *(SORT(.ctors.*))
 *(.ctors)
 .ctors         0x0000c1da        0x2 c:/programs/msp430_gcc/bin/../lib/gcc/msp430-elf/6.2.1/430/crtend.o
 *crtbegin*.o(.dtors)
 .dtors         0x0000c1dc        0x2 c:/programs/msp430_gcc/bin/../lib/gcc/msp430-elf/6.2.1/430/crtbegin.o
 *(EXCLUDE_FILE(*crtend*.o) .dtors)
 *(SORT(.dtors.*))
 *(.dtors)
 .dtors         0x0000c1de        0x2 c:/programs/msp430_gcc/bin/../lib/gcc/msp430-elf/6.2.1/430/crtend.o
                0x0000c1de                __DTOR_END__

.text           0x0000c1e0      0xd9e
                0x0000c1e0                . = ALIGN (0x2)
                0x0000c1e0                PROVIDE (_start, .)
 *(SORT(.crt_*))
 .crt_0000start
                0x0000c1e0        0x4 c:/programs/msp430_gcc/bin/../lib/gcc/msp430-elf/6.2.1/../../../../msp430-elf/lib/430/crt0.o
                0x0000c1e0                __crt0_start
 .crt_0100init_bss
                0x0000c1e4        0xe c:/programs/msp430_gcc/bin/../lib/gcc/msp430-elf/6.2.1/../../../../msp430-elf/lib/430\libcrt.a(crt_bss.o)
                0x0000c1e4                __crt0_init_bss
 .crt_0300movedata
                0x0000c1f2       0x14 c:/programs/msp430_gcc/bin/../lib/gcc/msp430-elf/6.2.1/../../../../msp430-elf/lib/430\libcrt.a(crt_movedata.o)
                0x0000c1f2                __crt0_movedata
 .crt_0700call_init_then_main
                0x0000c206        0xa c:/programs/msp430_gcc/bin/../lib/gcc/msp430-elf/6.2.1/../../../../msp430-elf/lib/430\libcrt.a(crt_main.o)
                0x0000c206                __crt0_call_init_then_main
 .crt_0900main_init
                0x0000c210       0x3c c:/programs/msp430_gcc/bin/../lib/gcc/msp430-elf/6.2.1/../../../../msp430-elf/lib/430/crt0.o
                0x0000c210                _msp430_run_init_array
                0x0000c21e                _msp430_run_preinit_array
                0x0000c22c                _msp430_run_fini_array
 *(.lowtext .text .stub .text.* .gnu.linkonce.t.* .text:*)
 .text          0x0000c24c        0x0 c:/programs/msp430_gcc/bin/../lib/gcc/msp430-elf/6.2.1/../../../../msp430-elf/lib/430/crt0.o
 .text          0x0000c24c        0x4 c:/programs/msp430_gcc/bin/../lib/gcc/msp430-elf/6.2.1/430/crtbegin.o
 .text.deregister_tm_clones
                0x0000c250       0x1e c:/programs/msp430_gcc/bin/../lib/gcc/msp430-elf/6.2.1/430/crtbegin.o
 .text.register_tm_clones
                0x0000c26e       0x2e c:/programs/msp430_gcc/bin/../lib/gcc/msp430-elf/6.2.1/430/crtbegin.o
 .text.__do_global_dtors_aux
                0x0000c29c       0x4e c:/programs/msp430_gcc/bin/../lib/gcc/msp430-elf/6.2.1/430/crtbegin.o
 .text.call___do_global_dtors_aux
                0x0000c2ea        0x0 c:/programs/msp430_gcc/bin/../lib/gcc/msp430-elf/6.2.1/430/crtbegin.o
 .text.frame_dummy
                0x0000c2ea       0x2c c:/programs/msp430_gcc/bin/../lib/gcc/msp430-elf/6.2.1/430/crtbegin.o
 .text.call_frame_dummy
                0x0000c316        0x0 c:/programs/msp430_gcc/bin/../lib/gcc/msp430-elf/6.2.1/430/crtbegin.o
 .text          0x0000c316      0x23a adc.o
                0x0000c316                uart_init
                0x0000c33c                uart_getc
                0x0000c348                uart_putc
                0x0000c36a                uart_puts
                0x0000c386                PrintNumber
                0x0000c3f8                wait_1ms
                0x0000c416                waitms
                0x0000c430                main
 .text          0x0000c550        0x0 c:/programs/msp430_gcc/bin/../lib/gcc/msp430-elf/6.2.1/430\libgcc.a(lib2divHI.o)
 .text.udivmodhi4
                0x0000c550       0x5a c:/programs/msp430_gcc/bin/../lib/gcc/msp430-elf/6.2.1/430\libgcc.a(lib2divHI.o)
                0x0000c550                udivmodhi4
 .text.__divhi3
                0x0000c5aa       0x4c c:/programs/msp430_gcc/bin/../lib/gcc/msp430-elf/6.2.1/430\libgcc.a(lib2divHI.o)
                0x0000c5aa                __mspabi_divi
 .text.__modhi3
                0x0000c5f6       0x32 c:/programs/msp430_gcc/bin/../lib/gcc/msp430-elf/6.2.1/430\libgcc.a(lib2divHI.o)
                0x0000c5f6                __mspabi_remi
 .text.__udivhi3
                0x0000c628        0x8 c:/programs/msp430_gcc/bin/../lib/gcc/msp430-elf/6.2.1/430\libgcc.a(lib2divHI.o)
                0x0000c628                __mspabi_divu
 .text.__umodhi3
                0x0000c630        0x8 c:/programs/msp430_gcc/bin/../lib/gcc/msp430-elf/6.2.1/430\libgcc.a(lib2divHI.o)
                0x0000c630                __mspabi_remu
 .text          0x0000c638        0x4 c:/programs/msp430_gcc/bin/../lib/gcc/msp430-elf/6.2.1/430\libgcc.a(lib2divSI.o)
                0x0000c638                __mspabi_divllu
 .text.udivmodsi4
                0x0000c63c       0x90 c:/programs/msp430_gcc/bin/../lib/gcc/msp430-elf/6.2.1/430\libgcc.a(lib2divSI.o)
                0x0000c63c                udivmodsi4
 .text.__divsi3
                0x0000c6cc       0x84 c:/programs/msp430_gcc/bin/../lib/gcc/msp430-elf/6.2.1/430\libgcc.a(lib2divSI.o)
                0x0000c6cc                __mspabi_divli
 .text.__modsi3
                0x0000c750       0x60 c:/programs/msp430_gcc/bin/../lib/gcc/msp430-elf/6.2.1/430\libgcc.a(lib2divSI.o)
                0x0000c750                __mspabi_remli
 .text.__udivsi3
                0x0000c7b0        0xe c:/programs/msp430_gcc/bin/../lib/gcc/msp430-elf/6.2.1/430\libgcc.a(lib2divSI.o)
                0x0000c7b0                __mspabi_divlu
                0x0000c7b0                __mspabi_divul
 .text.__umodsi3
                0x0000c7be        0xe c:/programs/msp430_gcc/bin/../lib/gcc/msp430-elf/6.2.1/430\libgcc.a(lib2divSI.o)
                0x0000c7be                __mspabi_remul
 .text          0x0000c7cc       0x10 c:/programs/msp430_gcc/bin/../lib/gcc/msp430-elf/6.2.1/430\libgcc.a(epilogue.o)
                0x0000c7cc                __mspabi_func_epilog_7
                0x0000c7ce                __mspabi_func_epilog_6
                0x0000c7d0                __mspabi_func_epilog_5
                0x0000c7d2                __mspabi_func_epilog_4
                0x0000c7d4                __mspabi_func_epilog_3
                0x0000c7d6                __mspabi_func_epilog_2
                0x0000c7d8                __mspabi_func_epilog_1
 .text          0x0000c7dc       0xb4 c:/programs/msp430_gcc/bin/../lib/gcc/msp430-elf/6.2.1/430\libgcc.a(srli.o)
                0x0000c7dc                __mspabi_srli_15
                0x0000c7e0                __mspabi_srli_14
                0x0000c7e4                __mspabi_srli_13
                0x0000c7e8                __mspabi_srli_12
                0x0000c7ec                __mspabi_srli_11
                0x0000c7f0                __mspabi_srli_10
                0x0000c7f4                __mspabi_srli_9
                0x0000c7f8                __mspabi_srli_8
                0x0000c7fc                __mspabi_srli_7
                0x0000c800                __mspabi_srli_6
                0x0000c804                __mspabi_srli_5
                0x0000c808                __mspabi_srli_4
                0x0000c80c                __mspabi_srli_3
                0x0000c810                __mspabi_srli_2
                0x0000c814                __mspabi_srli_1
                0x0000c820                __mspabi_srli
                0x0000c826                __mspabi_srll_15
                0x0000c82c                __mspabi_srll_14
                0x0000c832                __mspabi_srll_13
                0x0000c838                __mspabi_srll_12
                0x0000c83e                __mspabi_srll_11
                0x0000c844                __mspabi_srll_10
                0x0000c84a                __mspabi_srll_9
                0x0000c850                __mspabi_srll_8
                0x0000c856                __mspabi_srll_7
                0x0000c85c                __mspabi_srll_6
                0x0000c862                __mspabi_srll_5
                0x0000c868                __mspabi_srll_4
                0x0000c86e                __mspabi_srll_3
                0x0000c874                __mspabi_srll_2
                0x0000c87a                __mspabi_srll_1
                0x0000c88a                __mspabi_srll
 .text          0x0000c890        0x0 c:/programs/msp430_gcc/bin/../lib/gcc/msp430-elf/6.2.1/430\libgcc.a(_udivdi3.o)
 .text.__udivdi3
                0x0000c890      0x3ec c:/programs/msp430_gcc/bin/../lib/gcc/msp430-elf/6.2.1/430\libgcc.a(_udivdi3.o)
                0x0000c890                __mspabi_divull
 .text          0x0000cc7c        0x0 c:/programs/msp430_gcc/bin/../lib/gcc/msp430-elf/6.2.1/430\libgcc.a(_lshrdi3.o)
 .text.__lshrdi3
                0x0000cc7c       0x86 c:/programs/msp430_gcc/bin/../lib/gcc/msp430-elf/6.2.1/430\libgcc.a(_lshrdi3.o)
                0x0000cc7c                __lshrdi3
 .text          0x0000cd02        0x0 c:/programs/msp430_gcc/bin/../lib/gcc/msp430-elf/6.2.1/430\libgcc.a(_ashldi3.o)
 .text.__ashldi3
                0x0000cd02       0x80 c:/programs/msp430_gcc/bin/../lib/gcc/msp430-elf/6.2.1/430\libgcc.a(_ashldi3.o)
                0x0000cd02                __ashldi3
 .text          0x0000cd82        0x0 c:/programs/msp430_gcc/bin/../lib/gcc/msp430-elf/6.2.1/430\libgcc.a(_clzdi2.o)
 .text.__clzdi2
                0x0000cd82       0x68 c:/programs/msp430_gcc/bin/../lib/gcc/msp430-elf/6.2.1/430\libgcc.a(_clzdi2.o)
                0x0000cd82                __clzdi2
 .text          0x0000cdea       0x74 c:/programs/msp430_gcc/bin/../lib/gcc/msp430-elf/6.2.1/430\libgcc.a(slli.o)
                0x0000cdea                __mspabi_slli_15
                0x0000cdec                __mspabi_slli_14
                0x0000cdee                __mspabi_slli_13
                0x0000cdf0                __mspabi_slli_12
                0x0000cdf2                __mspabi_slli_11
                0x0000cdf4                __mspabi_slli_10
                0x0000cdf6                __mspabi_slli_9
                0x0000cdf8                __mspabi_slli_8
                0x0000cdfa                __mspabi_slli_7
                0x0000cdfc                __mspabi_slli_6
                0x0000cdfe                __mspabi_slli_5
                0x0000ce00                __mspabi_slli_4
                0x0000ce02                __mspabi_slli_3
                0x0000ce04                __mspabi_slli_2
                0x0000ce06                __mspabi_slli_1
                0x0000ce0e                __mspabi_slli
                0x0000ce14                __mspabi_slll_15
                0x0000ce18                __mspabi_slll_14
                0x0000ce1c                __mspabi_slll_13
                0x0000ce20                __mspabi_slll_12
                0x0000ce24                __mspabi_slll_11
                0x0000ce28                __mspabi_slll_10
                0x0000ce2c                __mspabi_slll_9
                0x0000ce30                __mspabi_slll_8
                0x0000ce34                __mspabi_slll_7
                0x0000ce38                __mspabi_slll_6
                0x0000ce3c                __mspabi_slll_5
                0x0000ce40                __mspabi_slll_4
                0x0000ce44                __mspabi_slll_3
                0x0000ce48                __mspabi_slll_2
                0x0000ce4c                __mspabi_slll_1
                0x0000ce58                __mspabi_slll
 .text          0x0000ce5e        0x0 c:/programs/msp430_gcc/bin/../lib/gcc/msp430-elf/6.2.1/430\libgcc.a(_clz.o)
 .text          0x0000ce5e        0x0 c:/programs/msp430_gcc/bin/../lib/gcc/msp430-elf/6.2.1/430\libmul_none.a(lib2_mul_none.o)
 .text.__mulsi3
                0x0000ce5e       0x52 c:/programs/msp430_gcc/bin/../lib/gcc/msp430-elf/6.2.1/430\libmul_none.a(lib2_mul_none.o)
                0x0000ce5e                __mspabi_mpyl
 .text.__mulhi3
                0x0000ceb0       0x46 c:/programs/msp430_gcc/bin/../lib/gcc/msp430-elf/6.2.1/430\libmul_none.a(lib2_mul_none.o)
                0x0000ceb0                __mspabi_mpyi
 .text          0x0000cef6        0x0 c:/programs/msp430_gcc/bin/../lib/gcc/msp430-elf/6.2.1/../../../../msp430-elf/lib/430\libcrt.a(crt_bss.o)
 .text          0x0000cef6        0x0 c:/programs/msp430_gcc/bin/../lib/gcc/msp430-elf/6.2.1/../../../../msp430-elf/lib/430\libcrt.a(crt_movedata.o)
 .text          0x0000cef6        0x0 c:/programs/msp430_gcc/bin/../lib/gcc/msp430-elf/6.2.1/../../../../msp430-elf/lib/430\libcrt.a(crt_main.o)
 .text          0x0000cef6        0x0 c:/programs/msp430_gcc/bin/../lib/gcc/msp430-elf/6.2.1/../../../../msp430-elf/lib/430\libc.a(lib_a-memmove.o)
 .text.memmove  0x0000cef6       0x3c c:/programs/msp430_gcc/bin/../lib/gcc/msp430-elf/6.2.1/../../../../msp430-elf/lib/430\libc.a(lib_a-memmove.o)
                0x0000cef6                memmove
 .text          0x0000cf32        0x0 c:/programs/msp430_gcc/bin/../lib/gcc/msp430-elf/6.2.1/../../../../msp430-elf/lib/430\libc.a(lib_a-memset.o)
 .text.memset   0x0000cf32       0x14 c:/programs/msp430_gcc/bin/../lib/gcc/msp430-elf/6.2.1/../../../../msp430-elf/lib/430\libc.a(lib_a-memset.o)
                0x0000cf32                memset
 .text          0x0000cf46        0x2 c:/programs/msp430_gcc/bin/../lib/gcc/msp430-elf/6.2.1/430/crtend.o
 .text.__do_global_ctors_aux
                0x0000cf48       0x1a c:/programs/msp430_gcc/bin/../lib/gcc/msp430-elf/6.2.1/430/crtend.o
 .text.call___do_global_ctors_aux
                0x0000cf62        0x0 c:/programs/msp430_gcc/bin/../lib/gcc/msp430-elf/6.2.1/430/crtend.o
 .text          0x0000cf62        0x0 c:/programs/msp430_gcc/bin/../lib/gcc/msp430-elf/6.2.1/../../../../msp430-elf/lib/430/crtn.o
 *(.text.*personality*)
 *(.gnu.warning)
 *(.interp .hash .dynsym .dynstr .gnu.version*)
                [!provide]                PROVIDE (__etext, .)
                [!provide]                PROVIDE (_etext, .)
                [!provide]                PROVIDE (etext, .)
                0x0000cf62                . = ALIGN (0x2)
 *(.init)
 .init          0x0000cf62        0x0 c:/programs/msp430_gcc/bin/../lib/gcc/msp430-elf/6.2.1/../../../../msp430-elf/lib/430/crt0.o
                0x0000cf62                __msp430_init
 .init          0x0000cf62        0x4 c:/programs/msp430_gcc/bin/../lib/gcc/msp430-elf/6.2.1/430/crtbegin.o
 .init          0x0000cf66        0x4 c:/programs/msp430_gcc/bin/../lib/gcc/msp430-elf/6.2.1/430/crtend.o
 .init          0x0000cf6a        0xa c:/programs/msp430_gcc/bin/../lib/gcc/msp430-elf/6.2.1/../../../../msp430-elf/lib/430/crtn.o
                0x0000cf74                __msp430_init_end
 *(.fini)
 .fini          0x0000cf74        0x4 c:/programs/msp430_gcc/bin/../lib/gcc/msp430-elf/6.2.1/../../../../msp430-elf/lib/430/crt0.o
                0x0000cf74                __msp430_fini
 .fini          0x0000cf78        0x4 c:/programs/msp430_gcc/bin/../lib/gcc/msp430-elf/6.2.1/430/crtbegin.o
 .fini          0x0000cf7c        0x2 c:/programs/msp430_gcc/bin/../lib/gcc/msp430-elf/6.2.1/../../../../msp430-elf/lib/430/crtn.o
                0x0000cf7e                __msp430_fini_end
 *(.tm_clone_table)
 .tm_clone_table
                0x0000cf7e        0x0 c:/programs/msp430_gcc/bin/../lib/gcc/msp430-elf/6.2.1/430/crtbegin.o
 .tm_clone_table
                0x0000cf7e        0x0 c:/programs/msp430_gcc/bin/../lib/gcc/msp430-elf/6.2.1/430/crtend.o
                0x0000cf7e                __TMC_END__

.data           0x00000200       0x16 load address 0x0000cf7e
                0x00000200                . = ALIGN (0x2)
                0x00000200                PROVIDE (__datastart, .)
 *(.jcr)
 .jcr           0x00000200        0x0 c:/programs/msp430_gcc/bin/../lib/gcc/msp430-elf/6.2.1/430/crtbegin.o
 .jcr           0x00000200        0x2 c:/programs/msp430_gcc/bin/../lib/gcc/msp430-elf/6.2.1/430/crtend.o
 *(.data.rel.ro.local)
 *(.data.rel.ro*)
 *(.dynamic)
 *(.data .data.* .gnu.linkonce.d.*)
 .data          0x00000202        0x0 c:/programs/msp430_gcc/bin/../lib/gcc/msp430-elf/6.2.1/../../../../msp430-elf/lib/430/crt0.o
 .data          0x00000202        0x0 c:/programs/msp430_gcc/bin/../lib/gcc/msp430-elf/6.2.1/430/crtbegin.o
 .data.__dso_handle
                0x00000202        0x2 c:/programs/msp430_gcc/bin/../lib/gcc/msp430-elf/6.2.1/430/crtbegin.o
                0x00000202                __dso_handle
 .data          0x00000204       0x11 adc.o
                0x00000204                HexDigit
 .data          0x00000215        0x0 c:/programs/msp430_gcc/bin/../lib/gcc/msp430-elf/6.2.1/430\libgcc.a(lib2divHI.o)
 .data          0x00000215        0x0 c:/programs/msp430_gcc/bin/../lib/gcc/msp430-elf/6.2.1/430\libgcc.a(lib2divSI.o)
 .data          0x00000215        0x0 c:/programs/msp430_gcc/bin/../lib/gcc/msp430-elf/6.2.1/430\libgcc.a(epilogue.o)
 .data          0x00000215        0x0 c:/programs/msp430_gcc/bin/../lib/gcc/msp430-elf/6.2.1/430\libgcc.a(srli.o)
 .data          0x00000215        0x0 c:/programs/msp430_gcc/bin/../lib/gcc/msp430-elf/6.2.1/430\libgcc.a(_udivdi3.o)
 .data          0x00000215        0x0 c:/programs/msp430_gcc/bin/../lib/gcc/msp430-elf/6.2.1/430\libgcc.a(_lshrdi3.o)
 .data          0x00000215        0x0 c:/programs/msp430_gcc/bin/../lib/gcc/msp430-elf/6.2.1/430\libgcc.a(_ashldi3.o)
 .data          0x00000215        0x0 c:/programs/msp430_gcc/bin/../lib/gcc/msp430-elf/6.2.1/430\libgcc.a(_clzdi2.o)
 .data          0x00000215        0x0 c:/programs/msp430_gcc/bin/../lib/gcc/msp430-elf/6.2.1/430\libgcc.a(slli.o)
 .data          0x00000215        0x0 c:/programs/msp430_gcc/bin/../lib/gcc/msp430-elf/6.2.1/430\libgcc.a(_clz.o)
 .data          0x00000215        0x0 c:/programs/msp430_gcc/bin/../lib/gcc/msp430-elf/6.2.1/430\libmul_none.a(lib2_mul_none.o)
 .data          0x00000215        0x0 c:/programs/msp430_gcc/bin/../lib/gcc/msp430-elf/6.2.1/../../../../msp430-elf/lib/430\libcrt.a(crt_bss.o)
 .data          0x00000215        0x0 c:/programs/msp430_gcc/bin/../lib/gcc/msp430-elf/6.2.1/../../../../msp430-elf/lib/430\libcrt.a(crt_movedata.o)
 .data          0x00000215        0x0 c:/programs/msp430_gcc/bin/../lib/gcc/msp430-elf/6.2.1/../../../../msp430-elf/lib/430\libcrt.a(crt_main.o)
 .data          0x00000215        0x0 c:/programs/msp430_gcc/bin/../lib/gcc/msp430-elf/6.2.1/../../../../msp430-elf/lib/430\libc.a(lib_a-memmove.o)
 .data          0x00000215        0x0 c:/programs/msp430_gcc/bin/../lib/gcc/msp430-elf/6.2.1/../../../../msp430-elf/lib/430\libc.a(lib_a-memset.o)
 .data          0x00000215        0x0 c:/programs/msp430_gcc/bin/../lib/gcc/msp430-elf/6.2.1/430/crtend.o
 .data          0x00000215        0x0 c:/programs/msp430_gcc/bin/../lib/gcc/msp430-elf/6.2.1/../../../../msp430-elf/lib/430/crtn.o
 *(.gnu.linkonce.d.*personality*)
 *(.data1)
 *(.got.plt)
 *(.got)
                0x00000216                . = ALIGN (0x2)
 *fill*         0x00000215        0x1 
 *(.sdata .sdata.* .gnu.linkonce.s.* D_2 D_1)
                0x00000216                . = ALIGN (0x2)
                0x00000216                _edata = .
                [!provide]                PROVIDE (edata, .)
                [!provide]                PROVIDE (__dataend, .)
                0x0000cf7e                PROVIDE (__romdatastart, LOADADDR (.data))
                0x00000016                PROVIDE (__romdatacopysize, SIZEOF (.data))

.bss            0x00000216       0x12 load address 0x0000cf94
                0x00000216                . = ALIGN (0x2)
                0x00000216                PROVIDE (__bssstart, .)
 *(.dynbss)
 *(.sbss .sbss.*)
 *(.bss .bss.* .gnu.linkonce.b.*)
 .bss           0x00000216        0x0 c:/programs/msp430_gcc/bin/../lib/gcc/msp430-elf/6.2.1/../../../../msp430-elf/lib/430/crt0.o
 .bss           0x00000216        0x0 c:/programs/msp430_gcc/bin/../lib/gcc/msp430-elf/6.2.1/430/crtbegin.o
 .bss.completed.3086
                0x00000216        0x1 c:/programs/msp430_gcc/bin/../lib/gcc/msp430-elf/6.2.1/430/crtbegin.o
 *fill*         0x00000217        0x1 
 .bss.dtor_idx.3088
                0x00000218        0x2 c:/programs/msp430_gcc/bin/../lib/gcc/msp430-elf/6.2.1/430/crtbegin.o
 .bss.object.3101
                0x0000021a        0xe c:/programs/msp430_gcc/bin/../lib/gcc/msp430-elf/6.2.1/430/crtbegin.o
 .bss           0x00000228        0x0 adc.o
 .bss           0x00000228        0x0 c:/programs/msp430_gcc/bin/../lib/gcc/msp430-elf/6.2.1/430\libgcc.a(lib2divHI.o)
 .bss           0x00000228        0x0 c:/programs/msp430_gcc/bin/../lib/gcc/msp430-elf/6.2.1/430\libgcc.a(lib2divSI.o)
 .bss           0x00000228        0x0 c:/programs/msp430_gcc/bin/../lib/gcc/msp430-elf/6.2.1/430\libgcc.a(epilogue.o)
 .bss           0x00000228        0x0 c:/programs/msp430_gcc/bin/../lib/gcc/msp430-elf/6.2.1/430\libgcc.a(srli.o)
 .bss           0x00000228        0x0 c:/programs/msp430_gcc/bin/../lib/gcc/msp430-elf/6.2.1/430\libgcc.a(_udivdi3.o)
 .bss           0x00000228        0x0 c:/programs/msp430_gcc/bin/../lib/gcc/msp430-elf/6.2.1/430\libgcc.a(_lshrdi3.o)
 .bss           0x00000228        0x0 c:/programs/msp430_gcc/bin/../lib/gcc/msp430-elf/6.2.1/430\libgcc.a(_ashldi3.o)
 .bss           0x00000228        0x0 c:/programs/msp430_gcc/bin/../lib/gcc/msp430-elf/6.2.1/430\libgcc.a(_clzdi2.o)
 .bss           0x00000228        0x0 c:/programs/msp430_gcc/bin/../lib/gcc/msp430-elf/6.2.1/430\libgcc.a(slli.o)
 .bss           0x00000228        0x0 c:/programs/msp430_gcc/bin/../lib/gcc/msp430-elf/6.2.1/430\libgcc.a(_clz.o)
 .bss           0x00000228        0x0 c:/programs/msp430_gcc/bin/../lib/gcc/msp430-elf/6.2.1/430\libmul_none.a(lib2_mul_none.o)
 .bss           0x00000228        0x0 c:/programs/msp430_gcc/bin/../lib/gcc/msp430-elf/6.2.1/../../../../msp430-elf/lib/430\libcrt.a(crt_bss.o)
 .bss           0x00000228        0x0 c:/programs/msp430_gcc/bin/../lib/gcc/msp430-elf/6.2.1/../../../../msp430-elf/lib/430\libcrt.a(crt_movedata.o)
 .bss           0x00000228        0x0 c:/programs/msp430_gcc/bin/../lib/gcc/msp430-elf/6.2.1/../../../../msp430-elf/lib/430\libcrt.a(crt_main.o)
 .bss           0x00000228        0x0 c:/programs/msp430_gcc/bin/../lib/gcc/msp430-elf/6.2.1/../../../../msp430-elf/lib/430\libc.a(lib_a-memmove.o)
 .bss           0x00000228        0x0 c:/programs/msp430_gcc/bin/../lib/gcc/msp430-elf/6.2.1/../../../../msp430-elf/lib/430\libc.a(lib_a-memset.o)
 .bss           0x00000228        0x0 c:/programs/msp430_gcc/bin/../lib/gcc/msp430-elf/6.2.1/430/crtend.o
 .bss           0x00000228        0x0 c:/programs/msp430_gcc/bin/../lib/gcc/msp430-elf/6.2.1/../../../../msp430-elf/lib/430/crtn.o
                0x00000228                . = ALIGN (0x2)
 *(COMMON)
                [!provide]                PROVIDE (__bssend, .)
                0x00000012                PROVIDE (__bsssize, SIZEOF (.bss))

.noinit         0x00000228        0x0 load address 0x0000cf94
                0x00000228                . = ALIGN (0x2)
                [!provide]                PROVIDE (__noinit_start, .)
 *(.noinit)
                0x00000228                . = ALIGN (0x2)
                [!provide]                PROVIDE (__noinit_end, .)
                0x00000228                end = .

.heap           0x00000228        0x4 load address 0x0000cf94
                0x00000228                . = ALIGN (0x2)
                0x00000228                __heap_start__ = .
                0x00000228                _end = __heap_start__
                [!provide]                PROVIDE (end, .)
 *(.heap)
                0x00000228                _end = .
                [!provide]                PROVIDE (end, .)
                0x00000228        0x4 LONG 0x0
                0x0000022c                __heap_end__ = .
                0x0000022c                __HeapLimit = __heap_end__

.stack          0x00000400        0x0
                0x00000400                PROVIDE (__stack, .)
 *(.stack)

.infoA

.infoB

.infoC

.infoD

.MSP430.attributes
                0x00000000       0x17
 *(.MSP430.attributes)
 .MSP430.attributes
                0x00000000       0x17 c:/programs/msp430_gcc/bin/../lib/gcc/msp430-elf/6.2.1/../../../../msp430-elf/lib/430/crt0.o
 .MSP430.attributes
                0x00000017       0x17 c:/programs/msp430_gcc/bin/../lib/gcc/msp430-elf/6.2.1/430/crtbegin.o
 .MSP430.attributes
                0x0000002e       0x17 adc.o
 .MSP430.attributes
                0x00000045       0x17 c:/programs/msp430_gcc/bin/../lib/gcc/msp430-elf/6.2.1/430\libgcc.a(lib2divHI.o)
 .MSP430.attributes
                0x0000005c       0x17 c:/programs/msp430_gcc/bin/../lib/gcc/msp430-elf/6.2.1/430\libgcc.a(lib2divSI.o)
 .MSP430.attributes
                0x00000073       0x17 c:/programs/msp430_gcc/bin/../lib/gcc/msp430-elf/6.2.1/430\libgcc.a(epilogue.o)
 .MSP430.attributes
                0x0000008a       0x17 c:/programs/msp430_gcc/bin/../lib/gcc/msp430-elf/6.2.1/430\libgcc.a(srli.o)
 .MSP430.attributes
                0x000000a1       0x17 c:/programs/msp430_gcc/bin/../lib/gcc/msp430-elf/6.2.1/430\libgcc.a(_udivdi3.o)
 .MSP430.attributes
                0x000000b8       0x17 c:/programs/msp430_gcc/bin/../lib/gcc/msp430-elf/6.2.1/430\libgcc.a(_lshrdi3.o)
 .MSP430.attributes
                0x000000cf       0x17 c:/programs/msp430_gcc/bin/../lib/gcc/msp430-elf/6.2.1/430\libgcc.a(_ashldi3.o)
 .MSP430.attributes
                0x000000e6       0x17 c:/programs/msp430_gcc/bin/../lib/gcc/msp430-elf/6.2.1/430\libgcc.a(_clzdi2.o)
 .MSP430.attributes
                0x000000fd       0x17 c:/programs/msp430_gcc/bin/../lib/gcc/msp430-elf/6.2.1/430\libgcc.a(slli.o)
 .MSP430.attributes
                0x00000114       0x17 c:/programs/msp430_gcc/bin/../lib/gcc/msp430-elf/6.2.1/430\libgcc.a(_clz.o)
 .MSP430.attributes
                0x0000012b       0x17 c:/programs/msp430_gcc/bin/../lib/gcc/msp430-elf/6.2.1/430\libmul_none.a(lib2_mul_none.o)
 .MSP430.attributes
                0x00000142       0x17 c:/programs/msp430_gcc/bin/../lib/gcc/msp430-elf/6.2.1/../../../../msp430-elf/lib/430\libcrt.a(crt_bss.o)
 .MSP430.attributes
                0x00000159       0x17 c:/programs/msp430_gcc/bin/../lib/gcc/msp430-elf/6.2.1/../../../../msp430-elf/lib/430\libcrt.a(crt_movedata.o)
 .MSP430.attributes
                0x00000170       0x17 c:/programs/msp430_gcc/bin/../lib/gcc/msp430-elf/6.2.1/../../../../msp430-elf/lib/430\libcrt.a(crt_main.o)
 .MSP430.attributes
                0x00000187       0x17 c:/programs/msp430_gcc/bin/../lib/gcc/msp430-elf/6.2.1/../../../../msp430-elf/lib/430\libc.a(lib_a-memmove.o)
 .MSP430.attributes
                0x0000019e       0x17 c:/programs/msp430_gcc/bin/../lib/gcc/msp430-elf/6.2.1/../../../../msp430-elf/lib/430\libc.a(lib_a-memset.o)
 .MSP430.attributes
                0x000001b5       0x17 c:/programs/msp430_gcc/bin/../lib/gcc/msp430-elf/6.2.1/430/crtend.o
 .MSP430.attributes
                0x000001cc       0x17 c:/programs/msp430_gcc/bin/../lib/gcc/msp430-elf/6.2.1/../../../../msp430-elf/lib/430/crtn.o
 *(.gnu.attributes)
 *(__TI_build_attributes)

.stab
 *(.stab)

.stabstr
 *(.stabstr)

.stab.excl
 *(.stab.excl)

.stab.exclstr
 *(.stab.exclstr)

.stab.index
 *(.stab.index)

.stab.indexstr
 *(.stab.indexstr)

.comment        0x00000000       0x49
 *(.comment)
 .comment       0x00000000       0x49 c:/programs/msp430_gcc/bin/../lib/gcc/msp430-elf/6.2.1/430/crtbegin.o
                                 0x4a (size before relaxing)
 .comment       0x00000049       0x4a adc.o
 .comment       0x00000049       0x4a c:/programs/msp430_gcc/bin/../lib/gcc/msp430-elf/6.2.1/430\libgcc.a(lib2divHI.o)
 .comment       0x00000049       0x4a c:/programs/msp430_gcc/bin/../lib/gcc/msp430-elf/6.2.1/430\libgcc.a(lib2divSI.o)
 .comment       0x00000049       0x4a c:/programs/msp430_gcc/bin/../lib/gcc/msp430-elf/6.2.1/430\libgcc.a(_udivdi3.o)
 .comment       0x00000049       0x4a c:/programs/msp430_gcc/bin/../lib/gcc/msp430-elf/6.2.1/430\libgcc.a(_lshrdi3.o)
 .comment       0x00000049       0x4a c:/programs/msp430_gcc/bin/../lib/gcc/msp430-elf/6.2.1/430\libgcc.a(_ashldi3.o)
 .comment       0x00000049       0x4a c:/programs/msp430_gcc/bin/../lib/gcc/msp430-elf/6.2.1/430\libgcc.a(_clzdi2.o)
 .comment       0x00000049       0x4a c:/programs/msp430_gcc/bin/../lib/gcc/msp430-elf/6.2.1/430\libgcc.a(_clz.o)
 .comment       0x00000049       0x4a c:/programs/msp430_gcc/bin/../lib/gcc/msp430-elf/6.2.1/430\libmul_none.a(lib2_mul_none.o)
 .comment       0x00000049       0x4a c:/programs/msp430_gcc/bin/../lib/gcc/msp430-elf/6.2.1/../../../../msp430-elf/lib/430\libc.a(lib_a-memmove.o)
 .comment       0x00000049       0x4a c:/programs/msp430_gcc/bin/../lib/gcc/msp430-elf/6.2.1/../../../../msp430-elf/lib/430\libc.a(lib_a-memset.o)
 .comment       0x00000049       0x4a c:/programs/msp430_gcc/bin/../lib/gcc/msp430-elf/6.2.1/430/crtend.o

.debug
 *(.debug)

.line
 *(.line)

.debug_srcinfo
 *(.debug_srcinfo)

.debug_sfnames
 *(.debug_sfnames)

.debug_aranges
 *(.debug_aranges)

.debug_pubnames
 *(.debug_pubnames)

.debug_info
 *(.debug_info .gnu.linkonce.wi.*)

.debug_abbrev
 *(.debug_abbrev)

.debug_line
 *(.debug_line .debug_line.* .debug_line_end)

.debug_frame
 *(.debug_frame)

.debug_str
 *(.debug_str)

.debug_loc
 *(.debug_loc)

.debug_macinfo
 *(.debug_macinfo)

.debug_weaknames
 *(.debug_weaknames)

.debug_funcnames
 *(.debug_funcnames)

.debug_typenames
 *(.debug_typenames)

.debug_varnames
 *(.debug_varnames)

/DISCARD/
 *(.note.GNU-stack)
                [!provide]                PROVIDE (IE1, 0x0)
                [!provide]                PROVIDE (IFG1, 0x2)
                [!provide]                PROVIDE (IE2, 0x1)
                0x00000003                PROVIDE (IFG2, 0x3)
                [!provide]                PROVIDE (ADC10DTC0, 0x48)
                [!provide]                PROVIDE (ADC10DTC1, 0x49)
                0x0000004a                PROVIDE (ADC10AE0, 0x4a)
                0x000001b0                PROVIDE (ADC10CTL0, 0x1b0)
                0x000001b2                PROVIDE (ADC10CTL1, 0x1b2)
                0x000001b4                PROVIDE (ADC10MEM, 0x1b4)
                [!provide]                PROVIDE (ADC10SA, 0x1bc)
                0x00000056                PROVIDE (DCOCTL, 0x56)
                0x00000057                PROVIDE (BCSCTL1, 0x57)
                [!provide]                PROVIDE (BCSCTL2, 0x58)
                [!provide]                PROVIDE (BCSCTL3, 0x53)
                [!provide]                PROVIDE (CACTL1, 0x59)
                [!provide]                PROVIDE (CACTL2, 0x5a)
                [!provide]                PROVIDE (CAPD, 0x5b)
                [!provide]                PROVIDE (FCTL1, 0x128)
                [!provide]                PROVIDE (FCTL2, 0x12a)
                [!provide]                PROVIDE (FCTL3, 0x12c)
                [!provide]                PROVIDE (P1IN, 0x20)
                [!provide]                PROVIDE (P1OUT, 0x21)
                [!provide]                PROVIDE (P1DIR, 0x22)
                [!provide]                PROVIDE (P1IFG, 0x23)
                [!provide]                PROVIDE (P1IES, 0x24)
                [!provide]                PROVIDE (P1IE, 0x25)
                0x00000026                PROVIDE (P1SEL, 0x26)
                0x00000041                PROVIDE (P1SEL2, 0x41)
                [!provide]                PROVIDE (P1REN, 0x27)
                [!provide]                PROVIDE (P2IN, 0x28)
                [!provide]                PROVIDE (P2OUT, 0x29)
                [!provide]                PROVIDE (P2DIR, 0x2a)
                [!provide]                PROVIDE (P2IFG, 0x2b)
                [!provide]                PROVIDE (P2IES, 0x2c)
                [!provide]                PROVIDE (P2IE, 0x2d)
                [!provide]                PROVIDE (P2SEL, 0x2e)
                [!provide]                PROVIDE (P2SEL2, 0x42)
                [!provide]                PROVIDE (P2REN, 0x2f)
                [!provide]                PROVIDE (P3IN, 0x18)
                [!provide]                PROVIDE (P3OUT, 0x19)
                [!provide]                PROVIDE (P3DIR, 0x1a)
                [!provide]                PROVIDE (P3SEL, 0x1b)
                [!provide]                PROVIDE (P3SEL2, 0x43)
                [!provide]                PROVIDE (P3REN, 0x10)
                [!provide]                PROVIDE (TA0IV, 0x12e)
                0x00000160                PROVIDE (TA0CTL, 0x160)
                [!provide]                PROVIDE (TA0CCTL0, 0x162)
                [!provide]                PROVIDE (TA0CCTL1, 0x164)
                [!provide]                PROVIDE (TA0CCTL2, 0x166)
                0x00000170                PROVIDE (TA0R, 0x170)
                [!provide]                PROVIDE (TA0CCR0, 0x172)
                [!provide]                PROVIDE (TA0CCR1, 0x174)
                [!provide]                PROVIDE (TA0CCR2, 0x176)
                [!provide]                PROVIDE (TA1IV, 0x11e)
                [!provide]                PROVIDE (TA1CTL, 0x180)
                [!provide]                PROVIDE (TA1CCTL0, 0x182)
                [!provide]                PROVIDE (TA1CCTL1, 0x184)
                [!provide]                PROVIDE (TA1CCTL2, 0x186)
                [!provide]                PROVIDE (TA1R, 0x190)
                [!provide]                PROVIDE (TA1CCR0, 0x192)
                [!provide]                PROVIDE (TA1CCR1, 0x194)
                [!provide]                PROVIDE (TA1CCR2, 0x196)
                [!provide]                PROVIDE (UCA0CTL0, 0x60)
                0x00000061                PROVIDE (UCA0CTL1, 0x61)
                0x00000062                PROVIDE (UCA0BR0, 0x62)
                0x00000063                PROVIDE (UCA0BR1, 0x63)
                0x00000064                PROVIDE (UCA0MCTL, 0x64)
                [!provide]                PROVIDE (UCA0STAT, 0x65)
                0x00000066                PROVIDE (UCA0RXBUF, 0x66)
                0x00000067                PROVIDE (UCA0TXBUF, 0x67)
                [!provide]                PROVIDE (UCA0ABCTL, 0x5d)
                [!provide]                PROVIDE (UCA0IRTCTL, 0x5e)
                [!provide]                PROVIDE (UCA0IRRCTL, 0x5f)
                [!provide]                PROVIDE (UCB0CTL0, 0x68)
                [!provide]                PROVIDE (UCB0CTL1, 0x69)
                [!provide]                PROVIDE (UCB0BR0, 0x6a)
                [!provide]                PROVIDE (UCB0BR1, 0x6b)
                [!provide]                PROVIDE (UCB0I2CIE, 0x6c)
                [!provide]                PROVIDE (UCB0STAT, 0x6d)
                [!provide]                PROVIDE (UCB0RXBUF, 0x6e)
                [!provide]                PROVIDE (UCB0TXBUF, 0x6f)
                [!provide]                PROVIDE (UCB0I2COA, 0x118)
                [!provide]                PROVIDE (UCB0I2CSA, 0x11a)
                0x00000120                PROVIDE (WDTCTL, 0x120)
                0x000010f8                PROVIDE (CALDCO_16MHZ, 0x10f8)
                0x000010f9                PROVIDE (CALBC1_16MHZ, 0x10f9)
                [!provide]                PROVIDE (CALDCO_12MHZ, 0x10fa)
                [!provide]                PROVIDE (CALBC1_12MHZ, 0x10fb)
                [!provide]                PROVIDE (CALDCO_8MHZ, 0x10fc)
                [!provide]                PROVIDE (CALBC1_8MHZ, 0x10fd)
                [!provide]                PROVIDE (CALDCO_1MHZ, 0x10fe)
                [!provide]                PROVIDE (CALBC1_1MHZ, 0x10ff)
                [!provide]                PROVIDE (TLV_CHECKSUM, 0x10c0)
                [!provide]                PROVIDE (TLV_DCO_30_TAG, 0x10f6)
                [!provide]                PROVIDE (TLV_DCO_30_LEN, 0x10f7)
                [!provide]                PROVIDE (TLV_ADC10_1_TAG, 0x10da)
                [!provide]                PROVIDE (TLV_ADC10_1_LEN, 0x10db)
LOAD c:/programs/msp430_gcc/bin/../lib/gcc/msp430-elf/6.2.1/430\libgcc.a
LOAD c:/programs/msp430_gcc/bin/../lib/gcc/msp430-elf/6.2.1/430/crtend.o
LOAD c:/programs/msp430_gcc/bin/../lib/gcc/msp430-elf/6.2.1/../../../../msp430-elf/lib/430/crtn.o
LOAD c:/programs/msp430_gcc/bin/../lib/gcc/msp430-elf/6.2.1/430\libgcc.a
OUTPUT(adc_test.elf elf32-msp430)
