Archive member included to satisfy reference by file (symbol)

c:/programs/msp430_gcc/bin/../lib/gcc/msp430-elf/6.2.1/430\libgcc.a(_ne_sf.o)
                              _ftoa.o (__nesf2)
c:/programs/msp430_gcc/bin/../lib/gcc/msp430-elf/6.2.1/430\libgcc.a(_mul_df.o)
                              adc.o (__mspabi_mpyd)
c:/programs/msp430_gcc/bin/../lib/gcc/msp430-elf/6.2.1/430\libgcc.a(_div_df.o)
                              adc.o (__mspabi_divd)
c:/programs/msp430_gcc/bin/../lib/gcc/msp430-elf/6.2.1/430\libgcc.a(_df_to_sf.o)
                              adc.o (__mspabi_cvtdf)
c:/programs/msp430_gcc/bin/../lib/gcc/msp430-elf/6.2.1/430\libgcc.a(_thenan_df.o)
                              c:/programs/msp430_gcc/bin/../lib/gcc/msp430-elf/6.2.1/430\libgcc.a(_mul_df.o) (__thenan_df)
c:/programs/msp430_gcc/bin/../lib/gcc/msp430-elf/6.2.1/430\libgcc.a(_usi_to_df.o)
                              adc.o (__mspabi_fltuld)
c:/programs/msp430_gcc/bin/../lib/gcc/msp430-elf/6.2.1/430\libgcc.a(lib2divHI.o)
                              _ftoa.o (__mspabi_divi)
c:/programs/msp430_gcc/bin/../lib/gcc/msp430-elf/6.2.1/430\libgcc.a(epilogue.o)
                              _ftoa.o (__mspabi_func_epilog_7)
c:/programs/msp430_gcc/bin/../lib/gcc/msp430-elf/6.2.1/430\libgcc.a(srli.o)
                              c:/programs/msp430_gcc/bin/../lib/gcc/msp430-elf/6.2.1/430/crtbegin.o (__mspabi_srli_15)
c:/programs/msp430_gcc/bin/../lib/gcc/msp430-elf/6.2.1/430\libgcc.a(_muldi3.o)
                              c:/programs/msp430_gcc/bin/../lib/gcc/msp430-elf/6.2.1/430\libgcc.a(_mul_df.o) (__mspabi_mpyll)
c:/programs/msp430_gcc/bin/../lib/gcc/msp430-elf/6.2.1/430\libgcc.a(_lshrdi3.o)
                              c:/programs/msp430_gcc/bin/../lib/gcc/msp430-elf/6.2.1/430\libgcc.a(_mul_df.o) (__lshrdi3)
c:/programs/msp430_gcc/bin/../lib/gcc/msp430-elf/6.2.1/430\libgcc.a(_ashldi3.o)
                              c:/programs/msp430_gcc/bin/../lib/gcc/msp430-elf/6.2.1/430\libgcc.a(_mul_df.o) (__ashldi3)
c:/programs/msp430_gcc/bin/../lib/gcc/msp430-elf/6.2.1/430\libgcc.a(_clzsi2.o)
                              c:/programs/msp430_gcc/bin/../lib/gcc/msp430-elf/6.2.1/430\libgcc.a(_usi_to_df.o) (__clzsi2)
c:/programs/msp430_gcc/bin/../lib/gcc/msp430-elf/6.2.1/430\libgcc.a(_unpack_sf.o)
                              c:/programs/msp430_gcc/bin/../lib/gcc/msp430-elf/6.2.1/430\libgcc.a(_ne_sf.o) (__unpack_f)
c:/programs/msp430_gcc/bin/../lib/gcc/msp430-elf/6.2.1/430\libgcc.a(_fpcmp_parts_sf.o)
                              c:/programs/msp430_gcc/bin/../lib/gcc/msp430-elf/6.2.1/430\libgcc.a(_ne_sf.o) (__fpcmp_parts_f)
c:/programs/msp430_gcc/bin/../lib/gcc/msp430-elf/6.2.1/430\libgcc.a(_make_sf.o)
                              c:/programs/msp430_gcc/bin/../lib/gcc/msp430-elf/6.2.1/430\libgcc.a(_df_to_sf.o) (__make_fp)
c:/programs/msp430_gcc/bin/../lib/gcc/msp430-elf/6.2.1/430\libgcc.a(_pack_df.o)
                              c:/programs/msp430_gcc/bin/../lib/gcc/msp430-elf/6.2.1/430\libgcc.a(_mul_df.o) (__pack_d)
c:/programs/msp430_gcc/bin/../lib/gcc/msp430-elf/6.2.1/430\libgcc.a(_unpack_df.o)
                              c:/programs/msp430_gcc/bin/../lib/gcc/msp430-elf/6.2.1/430\libgcc.a(_mul_df.o) (__unpack_d)
c:/programs/msp430_gcc/bin/../lib/gcc/msp430-elf/6.2.1/430\libgcc.a(slli.o)
                              c:/programs/msp430_gcc/bin/../lib/gcc/msp430-elf/6.2.1/430\libgcc.a(_muldi3.o) (__mspabi_slll)
c:/programs/msp430_gcc/bin/../lib/gcc/msp430-elf/6.2.1/430\libgcc.a(_clz.o)
                              c:/programs/msp430_gcc/bin/../lib/gcc/msp430-elf/6.2.1/430\libgcc.a(_clzsi2.o) (__clz_tab)
c:/programs/msp430_gcc/bin/../lib/gcc/msp430-elf/6.2.1/430\libgcc.a(_pack_sf.o)
                              c:/programs/msp430_gcc/bin/../lib/gcc/msp430-elf/6.2.1/430\libgcc.a(_make_sf.o) (__pack_f)
c:/programs/msp430_gcc/bin/../lib/gcc/msp430-elf/6.2.1/430\libmul_none.a(lib2_mul_none.o)
                              c:/programs/msp430_gcc/bin/../lib/gcc/msp430-elf/6.2.1/430\libgcc.a(_muldi3.o) (__mspabi_mpyl)
c:/programs/msp430_gcc/bin/../lib/gcc/msp430-elf/6.2.1/../../../../msp430-elf/lib/430\libc.a(lib_a-memset.o)
                              _ftoa.o (memset)
c:/programs/msp430_gcc/bin/../lib/gcc/msp430-elf/6.2.1/../../../../msp430-elf/lib/430\libcrt.a(crt_bss.o)
                              c:/programs/msp430_gcc/bin/../lib/gcc/msp430-elf/6.2.1/430/crtbegin.o (__crt0_init_bss)
c:/programs/msp430_gcc/bin/../lib/gcc/msp430-elf/6.2.1/../../../../msp430-elf/lib/430\libcrt.a(crt_movedata.o)
                              c:/programs/msp430_gcc/bin/../lib/gcc/msp430-elf/6.2.1/430/crtbegin.o (__crt0_movedata)
c:/programs/msp430_gcc/bin/../lib/gcc/msp430-elf/6.2.1/../../../../msp430-elf/lib/430\libcrt.a(crt_main.o)
                              c:/programs/msp430_gcc/bin/../lib/gcc/msp430-elf/6.2.1/../../../../msp430-elf/lib/430/crt0.o (__crt0_call_init_then_main)
c:/programs/msp430_gcc/bin/../lib/gcc/msp430-elf/6.2.1/../../../../msp430-elf/lib/430\libc.a(lib_a-memmove.o)
                              c:/programs/msp430_gcc/bin/../lib/gcc/msp430-elf/6.2.1/../../../../msp430-elf/lib/430\libcrt.a(crt_movedata.o) (memmove)

Memory Configuration

Name             Origin             Length             Attributes
SFR              0x00000000         0x00000010
RAM              0x00000200         0x00000200
INFOMEM          0x00001000         0x00000100
INFOA            0x000010c0         0x00000040
INFOB            0x00001080         0x00000040
INFOC            0x00001040         0x00000040
INFOD            0x00001000         0x00000040
ROM              0x0000c000         0x00003fde         xr
BSLSIGNATURE     0x0000ffde         0x00000002
VECT1            0x0000ffe0         0x00000002
VECT2            0x0000ffe2         0x00000002
VECT3            0x0000ffe4         0x00000002
VECT4            0x0000ffe6         0x00000002
VECT5            0x0000ffe8         0x00000002
VECT6            0x0000ffea         0x00000002
VECT7            0x0000ffec         0x00000002
VECT8            0x0000ffee         0x00000002
VECT9            0x0000fff0         0x00000002
VECT10           0x0000fff2         0x00000002
VECT11           0x0000fff4         0x00000002
VECT12           0x0000fff6         0x00000002
VECT13           0x0000fff8         0x00000002
VECT14           0x0000fffa         0x00000002
VECT15           0x0000fffc         0x00000002
RESETVEC         0x0000fffe         0x00000002
*default*        0x00000000         0xffffffff

Linker script and memory map

LOAD c:/programs/msp430_gcc/bin/../lib/gcc/msp430-elf/6.2.1/../../../../msp430-elf/lib/430/crt0.o
LOAD c:/programs/msp430_gcc/bin/../lib/gcc/msp430-elf/6.2.1/430/crtbegin.o
LOAD adc.o
LOAD _ftoa.o
LOAD c:/programs/msp430_gcc/bin/../lib/gcc/msp430-elf/6.2.1/430\libgcc.a
START GROUP
LOAD c:/programs/msp430_gcc/bin/../lib/gcc/msp430-elf/6.2.1/430\libmul_none.a
LOAD c:/programs/msp430_gcc/bin/../lib/gcc/msp430-elf/6.2.1/../../../../msp430-elf/lib/430\libc.a
LOAD c:/programs/msp430_gcc/bin/../lib/gcc/msp430-elf/6.2.1/430\libgcc.a
LOAD c:/programs/msp430_gcc/bin/../lib/gcc/msp430-elf/6.2.1/../../../../msp430-elf/lib/430\libcrt.a
LOAD c:/programs/msp430_gcc/bin/../lib/gcc/msp430-elf/6.2.1/../../../../msp430-elf/lib/430\libnosys.a
END GROUP

.bslsignature

__interrupt_vector_1
 *(__interrupt_vector_1)
 *(__interrupt_vector_trapint)

__interrupt_vector_2
 *(__interrupt_vector_2)

__interrupt_vector_3
 *(__interrupt_vector_3)
 *(__interrupt_vector_port1)

__interrupt_vector_4
 *(__interrupt_vector_4)
 *(__interrupt_vector_port2)

__interrupt_vector_5
 *(__interrupt_vector_5)

__interrupt_vector_6
 *(__interrupt_vector_6)
 *(__interrupt_vector_adc10)

__interrupt_vector_7
 *(__interrupt_vector_7)
 *(__interrupt_vector_usciab0tx)

__interrupt_vector_8
 *(__interrupt_vector_8)
 *(__interrupt_vector_usciab0rx)

__interrupt_vector_9
 *(__interrupt_vector_9)
 *(__interrupt_vector_timer0_a1)

__interrupt_vector_10
 *(__interrupt_vector_10)
 *(__interrupt_vector_timer0_a0)

__interrupt_vector_11
 *(__interrupt_vector_11)
 *(__interrupt_vector_wdt)

__interrupt_vector_12
 *(__interrupt_vector_12)
 *(__interrupt_vector_comparatora)

__interrupt_vector_13
 *(__interrupt_vector_13)
 *(__interrupt_vector_timer1_a1)

__interrupt_vector_14
 *(__interrupt_vector_14)
 *(__interrupt_vector_timer1_a0)

__interrupt_vector_15
 *(__interrupt_vector_15)
 *(__interrupt_vector_nmi)

__reset_vector  0x0000fffe        0x2
 *(__interrupt_vector_16)
 *(__interrupt_vector_reset)
 *(.resetvec)
 .resetvec      0x0000fffe        0x2 c:/programs/msp430_gcc/bin/../lib/gcc/msp430-elf/6.2.1/../../../../msp430-elf/lib/430/crt0.o

.rodata         0x0000c000      0x168
                0x0000c000                . = ALIGN (0x2)
 *(.plt)
 *(.rodata .rodata.* .gnu.linkonce.r.* .const .const:*)
 .rodata        0x0000c000       0x59 adc.o
 *fill*         0x0000c059        0x1 
 .rodata.__thenan_df
                0x0000c05a        0xe c:/programs/msp430_gcc/bin/../lib/gcc/msp430-elf/6.2.1/430\libgcc.a(_thenan_df.o)
                0x0000c05a                __thenan_df
 .rodata.__clz_tab
                0x0000c068      0x100 c:/programs/msp430_gcc/bin/../lib/gcc/msp430-elf/6.2.1/430\libgcc.a(_clz.o)
                0x0000c068                __clz_tab
 *(.rodata1)
 *(.gcc_except_table)
 *(.gcc_except_table.*)
                0x0000c168                PROVIDE (__preinit_array_start, .)
 *(.preinit_array)
                0x0000c168                PROVIDE (__preinit_array_end, .)
                0x0000c168                PROVIDE (__init_array_start, .)
 *(SORT(.init_array.*))
 *(.init_array)
                0x0000c168                PROVIDE (__init_array_end, .)
                0x0000c168                PROVIDE (__fini_array_start, .)
 *(.fini_array)
 *(SORT(.fini_array.*))
                0x0000c168                PROVIDE (__fini_array_end, .)

.rodata2        0x0000c168        0xc
                0x0000c168                . = ALIGN (0x2)
 *(.eh_frame_hdr)
 *(.eh_frame)
 .eh_frame      0x0000c168        0x0 c:/programs/msp430_gcc/bin/../lib/gcc/msp430-elf/6.2.1/430/crtbegin.o
 .eh_frame      0x0000c168        0x4 c:/programs/msp430_gcc/bin/../lib/gcc/msp430-elf/6.2.1/430/crtend.o
 *crtbegin*.o(.ctors)
 .ctors         0x0000c16c        0x2 c:/programs/msp430_gcc/bin/../lib/gcc/msp430-elf/6.2.1/430/crtbegin.o
 *(EXCLUDE_FILE(*crtend*.o) .ctors)
 *(SORT(.ctors.*))
 *(.ctors)
 .ctors         0x0000c16e        0x2 c:/programs/msp430_gcc/bin/../lib/gcc/msp430-elf/6.2.1/430/crtend.o
 *crtbegin*.o(.dtors)
 .dtors         0x0000c170        0x2 c:/programs/msp430_gcc/bin/../lib/gcc/msp430-elf/6.2.1/430/crtbegin.o
 *(EXCLUDE_FILE(*crtend*.o) .dtors)
 *(SORT(.dtors.*))
 *(.dtors)
 .dtors         0x0000c172        0x2 c:/programs/msp430_gcc/bin/../lib/gcc/msp430-elf/6.2.1/430/crtend.o
                0x0000c172                __DTOR_END__

.text           0x0000c174     0x235a
                0x0000c174                . = ALIGN (0x2)
                0x0000c174                PROVIDE (_start, .)
 *(SORT(.crt_*))
 .crt_0000start
                0x0000c174        0x4 c:/programs/msp430_gcc/bin/../lib/gcc/msp430-elf/6.2.1/../../../../msp430-elf/lib/430/crt0.o
                0x0000c174                __crt0_start
 .crt_0100init_bss
                0x0000c178        0xe c:/programs/msp430_gcc/bin/../lib/gcc/msp430-elf/6.2.1/../../../../msp430-elf/lib/430\libcrt.a(crt_bss.o)
                0x0000c178                __crt0_init_bss
 .crt_0300movedata
                0x0000c186       0x14 c:/programs/msp430_gcc/bin/../lib/gcc/msp430-elf/6.2.1/../../../../msp430-elf/lib/430\libcrt.a(crt_movedata.o)
                0x0000c186                __crt0_movedata
 .crt_0700call_init_then_main
                0x0000c19a        0xa c:/programs/msp430_gcc/bin/../lib/gcc/msp430-elf/6.2.1/../../../../msp430-elf/lib/430\libcrt.a(crt_main.o)
                0x0000c19a                __crt0_call_init_then_main
 .crt_0900main_init
                0x0000c1a4       0x3c c:/programs/msp430_gcc/bin/../lib/gcc/msp430-elf/6.2.1/../../../../msp430-elf/lib/430/crt0.o
                0x0000c1a4                _msp430_run_init_array
                0x0000c1b2                _msp430_run_preinit_array
                0x0000c1c0                _msp430_run_fini_array
 *(.lowtext .text .stub .text.* .gnu.linkonce.t.* .text:*)
 .text          0x0000c1e0        0x0 c:/programs/msp430_gcc/bin/../lib/gcc/msp430-elf/6.2.1/../../../../msp430-elf/lib/430/crt0.o
 .text          0x0000c1e0        0x4 c:/programs/msp430_gcc/bin/../lib/gcc/msp430-elf/6.2.1/430/crtbegin.o
 .text.deregister_tm_clones
                0x0000c1e4       0x1e c:/programs/msp430_gcc/bin/../lib/gcc/msp430-elf/6.2.1/430/crtbegin.o
 .text.register_tm_clones
                0x0000c202       0x2e c:/programs/msp430_gcc/bin/../lib/gcc/msp430-elf/6.2.1/430/crtbegin.o
 .text.__do_global_dtors_aux
                0x0000c230       0x4e c:/programs/msp430_gcc/bin/../lib/gcc/msp430-elf/6.2.1/430/crtbegin.o
 .text.call___do_global_dtors_aux
                0x0000c27e        0x0 c:/programs/msp430_gcc/bin/../lib/gcc/msp430-elf/6.2.1/430/crtbegin.o
 .text.frame_dummy
                0x0000c27e       0x2c c:/programs/msp430_gcc/bin/../lib/gcc/msp430-elf/6.2.1/430/crtbegin.o
 .text.call_frame_dummy
                0x0000c2aa        0x0 c:/programs/msp430_gcc/bin/../lib/gcc/msp430-elf/6.2.1/430/crtbegin.o
 .text          0x0000c2aa      0x1b6 adc.o
                0x0000c2aa                uart_init
                0x0000c2d0                uart_getc
                0x0000c2dc                uart_putc
                0x0000c2fe                uart_puts
                0x0000c31a                wait_1ms
                0x0000c338                waitms
                0x0000c352                main
 .text          0x0000c460      0x2b8 _ftoa.o
                0x0000c460                _ftoa
 .text          0x0000c718        0x0 c:/programs/msp430_gcc/bin/../lib/gcc/msp430-elf/6.2.1/430\libgcc.a(_ne_sf.o)
 .text.__nesf2  0x0000c718       0x58 c:/programs/msp430_gcc/bin/../lib/gcc/msp430-elf/6.2.1/430\libgcc.a(_ne_sf.o)
                0x0000c718                __nesf2
 .text          0x0000c770        0x0 c:/programs/msp430_gcc/bin/../lib/gcc/msp430-elf/6.2.1/430\libgcc.a(_mul_df.o)
 .text.__muldf3
                0x0000c770      0x550 c:/programs/msp430_gcc/bin/../lib/gcc/msp430-elf/6.2.1/430\libgcc.a(_mul_df.o)
                0x0000c770                __mspabi_mpyd
 .text          0x0000ccc0        0x0 c:/programs/msp430_gcc/bin/../lib/gcc/msp430-elf/6.2.1/430\libgcc.a(_div_df.o)
 .text.__divdf3
                0x0000ccc0      0x300 c:/programs/msp430_gcc/bin/../lib/gcc/msp430-elf/6.2.1/430\libgcc.a(_div_df.o)
                0x0000ccc0                __mspabi_divd
 .text          0x0000cfc0        0x0 c:/programs/msp430_gcc/bin/../lib/gcc/msp430-elf/6.2.1/430\libgcc.a(_df_to_sf.o)
 .text.__truncdfsf2
                0x0000cfc0       0x6e c:/programs/msp430_gcc/bin/../lib/gcc/msp430-elf/6.2.1/430\libgcc.a(_df_to_sf.o)
                0x0000cfc0                __mspabi_cvtdf
 .text          0x0000d02e        0x0 c:/programs/msp430_gcc/bin/../lib/gcc/msp430-elf/6.2.1/430\libgcc.a(_thenan_df.o)
 .text          0x0000d02e        0x0 c:/programs/msp430_gcc/bin/../lib/gcc/msp430-elf/6.2.1/430\libgcc.a(_usi_to_df.o)
 .text.__floatunsidf
                0x0000d02e       0x6c c:/programs/msp430_gcc/bin/../lib/gcc/msp430-elf/6.2.1/430\libgcc.a(_usi_to_df.o)
                0x0000d02e                __mspabi_fltuld
 .text          0x0000d09a        0x0 c:/programs/msp430_gcc/bin/../lib/gcc/msp430-elf/6.2.1/430\libgcc.a(lib2divHI.o)
 .text.udivmodhi4
                0x0000d09a       0x5a c:/programs/msp430_gcc/bin/../lib/gcc/msp430-elf/6.2.1/430\libgcc.a(lib2divHI.o)
                0x0000d09a                udivmodhi4
 .text.__divhi3
                0x0000d0f4       0x4c c:/programs/msp430_gcc/bin/../lib/gcc/msp430-elf/6.2.1/430\libgcc.a(lib2divHI.o)
                0x0000d0f4                __mspabi_divi
 .text.__modhi3
                0x0000d140       0x32 c:/programs/msp430_gcc/bin/../lib/gcc/msp430-elf/6.2.1/430\libgcc.a(lib2divHI.o)
                0x0000d140                __mspabi_remi
 .text.__udivhi3
                0x0000d172        0x8 c:/programs/msp430_gcc/bin/../lib/gcc/msp430-elf/6.2.1/430\libgcc.a(lib2divHI.o)
                0x0000d172                __mspabi_divu
 .text.__umodhi3
                0x0000d17a        0x8 c:/programs/msp430_gcc/bin/../lib/gcc/msp430-elf/6.2.1/430\libgcc.a(lib2divHI.o)
                0x0000d17a                __mspabi_remu
 .text          0x0000d182       0x10 c:/programs/msp430_gcc/bin/../lib/gcc/msp430-elf/6.2.1/430\libgcc.a(epilogue.o)
                0x0000d182                __mspabi_func_epilog_7
                0x0000d184                __mspabi_func_epilog_6
                0x0000d186                __mspabi_func_epilog_5
                0x0000d188                __mspabi_func_epilog_4
                0x0000d18a                __mspabi_func_epilog_3
                0x0000d18c                __mspabi_func_epilog_2
                0x0000d18e                __mspabi_func_epilog_1
 .text          0x0000d192       0xb4 c:/programs/msp430_gcc/bin/../lib/gcc/msp430-elf/6.2.1/430\libgcc.a(srli.o)
                0x0000d192                __mspabi_srli_15
                0x0000d196                __mspabi_srli_14
                0x0000d19a                __mspabi_srli_13
                0x0000d19e                __mspabi_srli_12
                0x0000d1a2                __mspabi_srli_11
                0x0000d1a6                __mspabi_srli_10
                0x0000d1aa                __mspabi_srli_9
                0x0000d1ae                __mspabi_srli_8
                0x0000d1b2                __mspabi_srli_7
                0x0000d1b6                __mspabi_srli_6
                0x0000d1ba                __mspabi_srli_5
                0x0000d1be                __mspabi_srli_4
                0x0000d1c2                __mspabi_srli_3
                0x0000d1c6                __mspabi_srli_2
                0x0000d1ca                __mspabi_srli_1
                0x0000d1d6                __mspabi_srli
                0x0000d1dc                __mspabi_srll_15
                0x0000d1e2                __mspabi_srll_14
                0x0000d1e8                __mspabi_srll_13
                0x0000d1ee                __mspabi_srll_12
                0x0000d1f4                __mspabi_srll_11
                0x0000d1fa                __mspabi_srll_10
                0x0000d200                __mspabi_srll_9
                0x0000d206                __mspabi_srll_8
                0x0000d20c                __mspabi_srll_7
                0x0000d212                __mspabi_srll_6
                0x0000d218                __mspabi_srll_5
                0x0000d21e                __mspabi_srll_4
                0x0000d224                __mspabi_srll_3
                0x0000d22a                __mspabi_srll_2
                0x0000d230                __mspabi_srll_1
                0x0000d240                __mspabi_srll
 .text          0x0000d246        0x0 c:/programs/msp430_gcc/bin/../lib/gcc/msp430-elf/6.2.1/430\libgcc.a(_muldi3.o)
 .text.__muldi3
                0x0000d246      0x156 c:/programs/msp430_gcc/bin/../lib/gcc/msp430-elf/6.2.1/430\libgcc.a(_muldi3.o)
                0x0000d246                __mspabi_mpyll
 .text          0x0000d39c        0x0 c:/programs/msp430_gcc/bin/../lib/gcc/msp430-elf/6.2.1/430\libgcc.a(_lshrdi3.o)
 .text.__lshrdi3
                0x0000d39c       0x86 c:/programs/msp430_gcc/bin/../lib/gcc/msp430-elf/6.2.1/430\libgcc.a(_lshrdi3.o)
                0x0000d39c                __lshrdi3
 .text          0x0000d422        0x0 c:/programs/msp430_gcc/bin/../lib/gcc/msp430-elf/6.2.1/430\libgcc.a(_ashldi3.o)
 .text.__ashldi3
                0x0000d422       0x80 c:/programs/msp430_gcc/bin/../lib/gcc/msp430-elf/6.2.1/430\libgcc.a(_ashldi3.o)
                0x0000d422                __ashldi3
 .text          0x0000d4a2        0x0 c:/programs/msp430_gcc/bin/../lib/gcc/msp430-elf/6.2.1/430\libgcc.a(_clzsi2.o)
 .text.__clzsi2
                0x0000d4a2       0x50 c:/programs/msp430_gcc/bin/../lib/gcc/msp430-elf/6.2.1/430\libgcc.a(_clzsi2.o)
                0x0000d4a2                __clzsi2
 .text          0x0000d4f2        0x0 c:/programs/msp430_gcc/bin/../lib/gcc/msp430-elf/6.2.1/430\libgcc.a(_unpack_sf.o)
 .text.__unpack_f
                0x0000d4f2      0x138 c:/programs/msp430_gcc/bin/../lib/gcc/msp430-elf/6.2.1/430\libgcc.a(_unpack_sf.o)
                0x0000d4f2                __unpack_f
 .text          0x0000d62a        0x0 c:/programs/msp430_gcc/bin/../lib/gcc/msp430-elf/6.2.1/430\libgcc.a(_fpcmp_parts_sf.o)
 .text.__fpcmp_parts_f
                0x0000d62a       0xb0 c:/programs/msp430_gcc/bin/../lib/gcc/msp430-elf/6.2.1/430\libgcc.a(_fpcmp_parts_sf.o)
                0x0000d62a                __fpcmp_parts_f
 .text          0x0000d6da        0x0 c:/programs/msp430_gcc/bin/../lib/gcc/msp430-elf/6.2.1/430\libgcc.a(_make_sf.o)
 .text.__make_fp
                0x0000d6da       0x3a c:/programs/msp430_gcc/bin/../lib/gcc/msp430-elf/6.2.1/430\libgcc.a(_make_sf.o)
                0x0000d6da                __make_fp
 .text          0x0000d714        0x0 c:/programs/msp430_gcc/bin/../lib/gcc/msp430-elf/6.2.1/430\libgcc.a(_pack_df.o)
 .text.__pack_d
                0x0000d714      0x32a c:/programs/msp430_gcc/bin/../lib/gcc/msp430-elf/6.2.1/430\libgcc.a(_pack_df.o)
                0x0000d714                __pack_d
 .text          0x0000da3e        0x0 c:/programs/msp430_gcc/bin/../lib/gcc/msp430-elf/6.2.1/430\libgcc.a(_unpack_df.o)
 .text.__unpack_d
                0x0000da3e      0x782 c:/programs/msp430_gcc/bin/../lib/gcc/msp430-elf/6.2.1/430\libgcc.a(_unpack_df.o)
                0x0000da3e                __unpack_d
 .text          0x0000e1c0       0x74 c:/programs/msp430_gcc/bin/../lib/gcc/msp430-elf/6.2.1/430\libgcc.a(slli.o)
                0x0000e1c0                __mspabi_slli_15
                0x0000e1c2                __mspabi_slli_14
                0x0000e1c4                __mspabi_slli_13
                0x0000e1c6                __mspabi_slli_12
                0x0000e1c8                __mspabi_slli_11
                0x0000e1ca                __mspabi_slli_10
                0x0000e1cc                __mspabi_slli_9
                0x0000e1ce                __mspabi_slli_8
                0x0000e1d0                __mspabi_slli_7
                0x0000e1d2                __mspabi_slli_6
                0x0000e1d4                __mspabi_slli_5
                0x0000e1d6                __mspabi_slli_4
                0x0000e1d8                __mspabi_slli_3
                0x0000e1da                __mspabi_slli_2
                0x0000e1dc                __mspabi_slli_1
                0x0000e1e4                __mspabi_slli
                0x0000e1ea                __mspabi_slll_15
                0x0000e1ee                __mspabi_slll_14
                0x0000e1f2                __mspabi_slll_13
                0x0000e1f6                __mspabi_slll_12
                0x0000e1fa                __mspabi_slll_11
                0x0000e1fe                __mspabi_slll_10
                0x0000e202                __mspabi_slll_9
                0x0000e206                __mspabi_slll_8
                0x0000e20a                __mspabi_slll_7
                0x0000e20e                __mspabi_slll_6
                0x0000e212                __mspabi_slll_5
                0x0000e216                __mspabi_slll_4
                0x0000e21a                __mspabi_slll_3
                0x0000e21e                __mspabi_slll_2
                0x0000e222                __mspabi_slll_1
                0x0000e22e                __mspabi_slll
 .text          0x0000e234        0x0 c:/programs/msp430_gcc/bin/../lib/gcc/msp430-elf/6.2.1/430\libgcc.a(_clz.o)
 .text          0x0000e234        0x0 c:/programs/msp430_gcc/bin/../lib/gcc/msp430-elf/6.2.1/430\libgcc.a(_pack_sf.o)
 .text.__pack_f
                0x0000e234      0x17a c:/programs/msp430_gcc/bin/../lib/gcc/msp430-elf/6.2.1/430\libgcc.a(_pack_sf.o)
                0x0000e234                __pack_f
 .text          0x0000e3ae        0x0 c:/programs/msp430_gcc/bin/../lib/gcc/msp430-elf/6.2.1/430\libmul_none.a(lib2_mul_none.o)
 .text.__mulsi3
                0x0000e3ae       0x52 c:/programs/msp430_gcc/bin/../lib/gcc/msp430-elf/6.2.1/430\libmul_none.a(lib2_mul_none.o)
                0x0000e3ae                __mspabi_mpyl
 .text.__mulhi3
                0x0000e400       0x46 c:/programs/msp430_gcc/bin/../lib/gcc/msp430-elf/6.2.1/430\libmul_none.a(lib2_mul_none.o)
                0x0000e400                __mspabi_mpyi
 .text          0x0000e446        0x0 c:/programs/msp430_gcc/bin/../lib/gcc/msp430-elf/6.2.1/../../../../msp430-elf/lib/430\libc.a(lib_a-memset.o)
 .text.memset   0x0000e446       0x14 c:/programs/msp430_gcc/bin/../lib/gcc/msp430-elf/6.2.1/../../../../msp430-elf/lib/430\libc.a(lib_a-memset.o)
                0x0000e446                memset
 .text          0x0000e45a        0x0 c:/programs/msp430_gcc/bin/../lib/gcc/msp430-elf/6.2.1/../../../../msp430-elf/lib/430\libcrt.a(crt_bss.o)
 .text          0x0000e45a        0x0 c:/programs/msp430_gcc/bin/../lib/gcc/msp430-elf/6.2.1/../../../../msp430-elf/lib/430\libcrt.a(crt_movedata.o)
 .text          0x0000e45a        0x0 c:/programs/msp430_gcc/bin/../lib/gcc/msp430-elf/6.2.1/../../../../msp430-elf/lib/430\libcrt.a(crt_main.o)
 .text          0x0000e45a        0x0 c:/programs/msp430_gcc/bin/../lib/gcc/msp430-elf/6.2.1/../../../../msp430-elf/lib/430\libc.a(lib_a-memmove.o)
 .text.memmove  0x0000e45a       0x3c c:/programs/msp430_gcc/bin/../lib/gcc/msp430-elf/6.2.1/../../../../msp430-elf/lib/430\libc.a(lib_a-memmove.o)
                0x0000e45a                memmove
 .text          0x0000e496        0x2 c:/programs/msp430_gcc/bin/../lib/gcc/msp430-elf/6.2.1/430/crtend.o
 .text.__do_global_ctors_aux
                0x0000e498       0x1a c:/programs/msp430_gcc/bin/../lib/gcc/msp430-elf/6.2.1/430/crtend.o
 .text.call___do_global_ctors_aux
                0x0000e4b2        0x0 c:/programs/msp430_gcc/bin/../lib/gcc/msp430-elf/6.2.1/430/crtend.o
 .text          0x0000e4b2        0x0 c:/programs/msp430_gcc/bin/../lib/gcc/msp430-elf/6.2.1/../../../../msp430-elf/lib/430/crtn.o
 *(.text.*personality*)
 *(.gnu.warning)
 *(.interp .hash .dynsym .dynstr .gnu.version*)
                [!provide]                PROVIDE (__etext, .)
                [!provide]                PROVIDE (_etext, .)
                [!provide]                PROVIDE (etext, .)
                0x0000e4b2                . = ALIGN (0x2)
 *(.init)
 .init          0x0000e4b2        0x0 c:/programs/msp430_gcc/bin/../lib/gcc/msp430-elf/6.2.1/../../../../msp430-elf/lib/430/crt0.o
                0x0000e4b2                __msp430_init
 .init          0x0000e4b2        0x4 c:/programs/msp430_gcc/bin/../lib/gcc/msp430-elf/6.2.1/430/crtbegin.o
 .init          0x0000e4b6        0x4 c:/programs/msp430_gcc/bin/../lib/gcc/msp430-elf/6.2.1/430/crtend.o
 .init          0x0000e4ba        0xa c:/programs/msp430_gcc/bin/../lib/gcc/msp430-elf/6.2.1/../../../../msp430-elf/lib/430/crtn.o
                0x0000e4c4                __msp430_init_end
 *(.fini)
 .fini          0x0000e4c4        0x4 c:/programs/msp430_gcc/bin/../lib/gcc/msp430-elf/6.2.1/../../../../msp430-elf/lib/430/crt0.o
                0x0000e4c4                __msp430_fini
 .fini          0x0000e4c8        0x4 c:/programs/msp430_gcc/bin/../lib/gcc/msp430-elf/6.2.1/430/crtbegin.o
 .fini          0x0000e4cc        0x2 c:/programs/msp430_gcc/bin/../lib/gcc/msp430-elf/6.2.1/../../../../msp430-elf/lib/430/crtn.o
                0x0000e4ce                __msp430_fini_end
 *(.tm_clone_table)
 .tm_clone_table
                0x0000e4ce        0x0 c:/programs/msp430_gcc/bin/../lib/gcc/msp430-elf/6.2.1/430/crtbegin.o
 .tm_clone_table
                0x0000e4ce        0x0 c:/programs/msp430_gcc/bin/../lib/gcc/msp430-elf/6.2.1/430/crtend.o
                0x0000e4ce                __TMC_END__

.data           0x00000200        0x4 load address 0x0000e4ce
                0x00000200                . = ALIGN (0x2)
                0x00000200                PROVIDE (__datastart, .)
 *(.jcr)
 .jcr           0x00000200        0x0 c:/programs/msp430_gcc/bin/../lib/gcc/msp430-elf/6.2.1/430/crtbegin.o
 .jcr           0x00000200        0x2 c:/programs/msp430_gcc/bin/../lib/gcc/msp430-elf/6.2.1/430/crtend.o
 *(.data.rel.ro.local)
 *(.data.rel.ro*)
 *(.dynamic)
 *(.data .data.* .gnu.linkonce.d.*)
 .data          0x00000202        0x0 c:/programs/msp430_gcc/bin/../lib/gcc/msp430-elf/6.2.1/../../../../msp430-elf/lib/430/crt0.o
 .data          0x00000202        0x0 c:/programs/msp430_gcc/bin/../lib/gcc/msp430-elf/6.2.1/430/crtbegin.o
 .data.__dso_handle
                0x00000202        0x2 c:/programs/msp430_gcc/bin/../lib/gcc/msp430-elf/6.2.1/430/crtbegin.o
                0x00000202                __dso_handle
 .data          0x00000204        0x0 adc.o
 .data          0x00000204        0x0 _ftoa.o
 .data          0x00000204        0x0 c:/programs/msp430_gcc/bin/../lib/gcc/msp430-elf/6.2.1/430\libgcc.a(_ne_sf.o)
 .data          0x00000204        0x0 c:/programs/msp430_gcc/bin/../lib/gcc/msp430-elf/6.2.1/430\libgcc.a(_mul_df.o)
 .data          0x00000204        0x0 c:/programs/msp430_gcc/bin/../lib/gcc/msp430-elf/6.2.1/430\libgcc.a(_div_df.o)
 .data          0x00000204        0x0 c:/programs/msp430_gcc/bin/../lib/gcc/msp430-elf/6.2.1/430\libgcc.a(_df_to_sf.o)
 .data          0x00000204        0x0 c:/programs/msp430_gcc/bin/../lib/gcc/msp430-elf/6.2.1/430\libgcc.a(_thenan_df.o)
 .data          0x00000204        0x0 c:/programs/msp430_gcc/bin/../lib/gcc/msp430-elf/6.2.1/430\libgcc.a(_usi_to_df.o)
 .data          0x00000204        0x0 c:/programs/msp430_gcc/bin/../lib/gcc/msp430-elf/6.2.1/430\libgcc.a(lib2divHI.o)
 .data          0x00000204        0x0 c:/programs/msp430_gcc/bin/../lib/gcc/msp430-elf/6.2.1/430\libgcc.a(epilogue.o)
 .data          0x00000204        0x0 c:/programs/msp430_gcc/bin/../lib/gcc/msp430-elf/6.2.1/430\libgcc.a(srli.o)
 .data          0x00000204        0x0 c:/programs/msp430_gcc/bin/../lib/gcc/msp430-elf/6.2.1/430\libgcc.a(_muldi3.o)
 .data          0x00000204        0x0 c:/programs/msp430_gcc/bin/../lib/gcc/msp430-elf/6.2.1/430\libgcc.a(_lshrdi3.o)
 .data          0x00000204        0x0 c:/programs/msp430_gcc/bin/../lib/gcc/msp430-elf/6.2.1/430\libgcc.a(_ashldi3.o)
 .data          0x00000204        0x0 c:/programs/msp430_gcc/bin/../lib/gcc/msp430-elf/6.2.1/430\libgcc.a(_clzsi2.o)
 .data          0x00000204        0x0 c:/programs/msp430_gcc/bin/../lib/gcc/msp430-elf/6.2.1/430\libgcc.a(_unpack_sf.o)
 .data          0x00000204        0x0 c:/programs/msp430_gcc/bin/../lib/gcc/msp430-elf/6.2.1/430\libgcc.a(_fpcmp_parts_sf.o)
 .data          0x00000204        0x0 c:/programs/msp430_gcc/bin/../lib/gcc/msp430-elf/6.2.1/430\libgcc.a(_make_sf.o)
 .data          0x00000204        0x0 c:/programs/msp430_gcc/bin/../lib/gcc/msp430-elf/6.2.1/430\libgcc.a(_pack_df.o)
 .data          0x00000204        0x0 c:/programs/msp430_gcc/bin/../lib/gcc/msp430-elf/6.2.1/430\libgcc.a(_unpack_df.o)
 .data          0x00000204        0x0 c:/programs/msp430_gcc/bin/../lib/gcc/msp430-elf/6.2.1/430\libgcc.a(slli.o)
 .data          0x00000204        0x0 c:/programs/msp430_gcc/bin/../lib/gcc/msp430-elf/6.2.1/430\libgcc.a(_clz.o)
 .data          0x00000204        0x0 c:/programs/msp430_gcc/bin/../lib/gcc/msp430-elf/6.2.1/430\libgcc.a(_pack_sf.o)
 .data          0x00000204        0x0 c:/programs/msp430_gcc/bin/../lib/gcc/msp430-elf/6.2.1/430\libmul_none.a(lib2_mul_none.o)
 .data          0x00000204        0x0 c:/programs/msp430_gcc/bin/../lib/gcc/msp430-elf/6.2.1/../../../../msp430-elf/lib/430\libc.a(lib_a-memset.o)
 .data          0x00000204        0x0 c:/programs/msp430_gcc/bin/../lib/gcc/msp430-elf/6.2.1/../../../../msp430-elf/lib/430\libcrt.a(crt_bss.o)
 .data          0x00000204        0x0 c:/programs/msp430_gcc/bin/../lib/gcc/msp430-elf/6.2.1/../../../../msp430-elf/lib/430\libcrt.a(crt_movedata.o)
 .data          0x00000204        0x0 c:/programs/msp430_gcc/bin/../lib/gcc/msp430-elf/6.2.1/../../../../msp430-elf/lib/430\libcrt.a(crt_main.o)
 .data          0x00000204        0x0 c:/programs/msp430_gcc/bin/../lib/gcc/msp430-elf/6.2.1/../../../../msp430-elf/lib/430\libc.a(lib_a-memmove.o)
 .data          0x00000204        0x0 c:/programs/msp430_gcc/bin/../lib/gcc/msp430-elf/6.2.1/430/crtend.o
 .data          0x00000204        0x0 c:/programs/msp430_gcc/bin/../lib/gcc/msp430-elf/6.2.1/../../../../msp430-elf/lib/430/crtn.o
 *(.gnu.linkonce.d.*personality*)
 *(.data1)
 *(.got.plt)
 *(.got)
                0x00000204                . = ALIGN (0x2)
 *(.sdata .sdata.* .gnu.linkonce.s.* D_2 D_1)
                0x00000204                . = ALIGN (0x2)
                0x00000204                _edata = .
                [!provide]                PROVIDE (edata, .)
                [!provide]                PROVIDE (__dataend, .)
                0x0000e4ce                PROVIDE (__romdatastart, LOADADDR (.data))
                0x00000004                PROVIDE (__romdatacopysize, SIZEOF (.data))

.bss            0x00000204       0x12 load address 0x0000e4d2
                0x00000204                . = ALIGN (0x2)
                0x00000204                PROVIDE (__bssstart, .)
 *(.dynbss)
 *(.sbss .sbss.*)
 *(.bss .bss.* .gnu.linkonce.b.*)
 .bss           0x00000204        0x0 c:/programs/msp430_gcc/bin/../lib/gcc/msp430-elf/6.2.1/../../../../msp430-elf/lib/430/crt0.o
 .bss           0x00000204        0x0 c:/programs/msp430_gcc/bin/../lib/gcc/msp430-elf/6.2.1/430/crtbegin.o
 .bss.completed.3086
                0x00000204        0x1 c:/programs/msp430_gcc/bin/../lib/gcc/msp430-elf/6.2.1/430/crtbegin.o
 *fill*         0x00000205        0x1 
 .bss.dtor_idx.3088
                0x00000206        0x2 c:/programs/msp430_gcc/bin/../lib/gcc/msp430-elf/6.2.1/430/crtbegin.o
 .bss.object.3101
                0x00000208        0xe c:/programs/msp430_gcc/bin/../lib/gcc/msp430-elf/6.2.1/430/crtbegin.o
 .bss           0x00000216        0x0 adc.o
 .bss           0x00000216        0x0 _ftoa.o
 .bss           0x00000216        0x0 c:/programs/msp430_gcc/bin/../lib/gcc/msp430-elf/6.2.1/430\libgcc.a(_ne_sf.o)
 .bss           0x00000216        0x0 c:/programs/msp430_gcc/bin/../lib/gcc/msp430-elf/6.2.1/430\libgcc.a(_mul_df.o)
 .bss           0x00000216        0x0 c:/programs/msp430_gcc/bin/../lib/gcc/msp430-elf/6.2.1/430\libgcc.a(_div_df.o)
 .bss           0x00000216        0x0 c:/programs/msp430_gcc/bin/../lib/gcc/msp430-elf/6.2.1/430\libgcc.a(_df_to_sf.o)
 .bss           0x00000216        0x0 c:/programs/msp430_gcc/bin/../lib/gcc/msp430-elf/6.2.1/430\libgcc.a(_thenan_df.o)
 .bss           0x00000216        0x0 c:/programs/msp430_gcc/bin/../lib/gcc/msp430-elf/6.2.1/430\libgcc.a(_usi_to_df.o)
 .bss           0x00000216        0x0 c:/programs/msp430_gcc/bin/../lib/gcc/msp430-elf/6.2.1/430\libgcc.a(lib2divHI.o)
 .bss           0x00000216        0x0 c:/programs/msp430_gcc/bin/../lib/gcc/msp430-elf/6.2.1/430\libgcc.a(epilogue.o)
 .bss           0x00000216        0x0 c:/programs/msp430_gcc/bin/../lib/gcc/msp430-elf/6.2.1/430\libgcc.a(srli.o)
 .bss           0x00000216        0x0 c:/programs/msp430_gcc/bin/../lib/gcc/msp430-elf/6.2.1/430\libgcc.a(_muldi3.o)
 .bss           0x00000216        0x0 c:/programs/msp430_gcc/bin/../lib/gcc/msp430-elf/6.2.1/430\libgcc.a(_lshrdi3.o)
 .bss           0x00000216        0x0 c:/programs/msp430_gcc/bin/../lib/gcc/msp430-elf/6.2.1/430\libgcc.a(_ashldi3.o)
 .bss           0x00000216        0x0 c:/programs/msp430_gcc/bin/../lib/gcc/msp430-elf/6.2.1/430\libgcc.a(_clzsi2.o)
 .bss           0x00000216        0x0 c:/programs/msp430_gcc/bin/../lib/gcc/msp430-elf/6.2.1/430\libgcc.a(_unpack_sf.o)
 .bss           0x00000216        0x0 c:/programs/msp430_gcc/bin/../lib/gcc/msp430-elf/6.2.1/430\libgcc.a(_fpcmp_parts_sf.o)
 .bss           0x00000216        0x0 c:/programs/msp430_gcc/bin/../lib/gcc/msp430-elf/6.2.1/430\libgcc.a(_make_sf.o)
 .bss           0x00000216        0x0 c:/programs/msp430_gcc/bin/../lib/gcc/msp430-elf/6.2.1/430\libgcc.a(_pack_df.o)
 .bss           0x00000216        0x0 c:/programs/msp430_gcc/bin/../lib/gcc/msp430-elf/6.2.1/430\libgcc.a(_unpack_df.o)
 .bss           0x00000216        0x0 c:/programs/msp430_gcc/bin/../lib/gcc/msp430-elf/6.2.1/430\libgcc.a(slli.o)
 .bss           0x00000216        0x0 c:/programs/msp430_gcc/bin/../lib/gcc/msp430-elf/6.2.1/430\libgcc.a(_clz.o)
 .bss           0x00000216        0x0 c:/programs/msp430_gcc/bin/../lib/gcc/msp430-elf/6.2.1/430\libgcc.a(_pack_sf.o)
 .bss           0x00000216        0x0 c:/programs/msp430_gcc/bin/../lib/gcc/msp430-elf/6.2.1/430\libmul_none.a(lib2_mul_none.o)
 .bss           0x00000216        0x0 c:/programs/msp430_gcc/bin/../lib/gcc/msp430-elf/6.2.1/../../../../msp430-elf/lib/430\libc.a(lib_a-memset.o)
 .bss           0x00000216        0x0 c:/programs/msp430_gcc/bin/../lib/gcc/msp430-elf/6.2.1/../../../../msp430-elf/lib/430\libcrt.a(crt_bss.o)
 .bss           0x00000216        0x0 c:/programs/msp430_gcc/bin/../lib/gcc/msp430-elf/6.2.1/../../../../msp430-elf/lib/430\libcrt.a(crt_movedata.o)
 .bss           0x00000216        0x0 c:/programs/msp430_gcc/bin/../lib/gcc/msp430-elf/6.2.1/../../../../msp430-elf/lib/430\libcrt.a(crt_main.o)
 .bss           0x00000216        0x0 c:/programs/msp430_gcc/bin/../lib/gcc/msp430-elf/6.2.1/../../../../msp430-elf/lib/430\libc.a(lib_a-memmove.o)
 .bss           0x00000216        0x0 c:/programs/msp430_gcc/bin/../lib/gcc/msp430-elf/6.2.1/430/crtend.o
 .bss           0x00000216        0x0 c:/programs/msp430_gcc/bin/../lib/gcc/msp430-elf/6.2.1/../../../../msp430-elf/lib/430/crtn.o
                0x00000216                . = ALIGN (0x2)
 *(COMMON)
                [!provide]                PROVIDE (__bssend, .)
                0x00000012                PROVIDE (__bsssize, SIZEOF (.bss))

.noinit         0x00000216        0x0 load address 0x0000e4d2
                0x00000216                . = ALIGN (0x2)
                [!provide]                PROVIDE (__noinit_start, .)
 *(.noinit)
                0x00000216                . = ALIGN (0x2)
                [!provide]                PROVIDE (__noinit_end, .)
                0x00000216                end = .

.heap           0x00000216        0x4 load address 0x0000e4d2
                0x00000216                . = ALIGN (0x2)
                0x00000216                __heap_start__ = .
                0x00000216                _end = __heap_start__
                [!provide]                PROVIDE (end, .)
 *(.heap)
                0x00000216                _end = .
                [!provide]                PROVIDE (end, .)
                0x00000216        0x4 LONG 0x0
                0x0000021a                __heap_end__ = .
                0x0000021a                __HeapLimit = __heap_end__

.stack          0x00000400        0x0
                0x00000400                PROVIDE (__stack, .)
 *(.stack)

.infoA

.infoB

.infoC

.infoD

.MSP430.attributes
                0x00000000       0x17
 *(.MSP430.attributes)
 .MSP430.attributes
                0x00000000       0x17 c:/programs/msp430_gcc/bin/../lib/gcc/msp430-elf/6.2.1/../../../../msp430-elf/lib/430/crt0.o
 .MSP430.attributes
                0x00000017       0x17 c:/programs/msp430_gcc/bin/../lib/gcc/msp430-elf/6.2.1/430/crtbegin.o
 .MSP430.attributes
                0x0000002e       0x17 adc.o
 .MSP430.attributes
                0x00000045       0x17 _ftoa.o
 .MSP430.attributes
                0x0000005c       0x17 c:/programs/msp430_gcc/bin/../lib/gcc/msp430-elf/6.2.1/430\libgcc.a(_ne_sf.o)
 .MSP430.attributes
                0x00000073       0x17 c:/programs/msp430_gcc/bin/../lib/gcc/msp430-elf/6.2.1/430\libgcc.a(_mul_df.o)
 .MSP430.attributes
                0x0000008a       0x17 c:/programs/msp430_gcc/bin/../lib/gcc/msp430-elf/6.2.1/430\libgcc.a(_div_df.o)
 .MSP430.attributes
                0x000000a1       0x17 c:/programs/msp430_gcc/bin/../lib/gcc/msp430-elf/6.2.1/430\libgcc.a(_df_to_sf.o)
 .MSP430.attributes
                0x000000b8       0x17 c:/programs/msp430_gcc/bin/../lib/gcc/msp430-elf/6.2.1/430\libgcc.a(_thenan_df.o)
 .MSP430.attributes
                0x000000cf       0x17 c:/programs/msp430_gcc/bin/../lib/gcc/msp430-elf/6.2.1/430\libgcc.a(_usi_to_df.o)
 .MSP430.attributes
                0x000000e6       0x17 c:/programs/msp430_gcc/bin/../lib/gcc/msp430-elf/6.2.1/430\libgcc.a(lib2divHI.o)
 .MSP430.attributes
                0x000000fd       0x17 c:/programs/msp430_gcc/bin/../lib/gcc/msp430-elf/6.2.1/430\libgcc.a(epilogue.o)
 .MSP430.attributes
                0x00000114       0x17 c:/programs/msp430_gcc/bin/../lib/gcc/msp430-elf/6.2.1/430\libgcc.a(srli.o)
 .MSP430.attributes
                0x0000012b       0x17 c:/programs/msp430_gcc/bin/../lib/gcc/msp430-elf/6.2.1/430\libgcc.a(_muldi3.o)
 .MSP430.attributes
                0x00000142       0x17 c:/programs/msp430_gcc/bin/../lib/gcc/msp430-elf/6.2.1/430\libgcc.a(_lshrdi3.o)
 .MSP430.attributes
                0x00000159       0x17 c:/programs/msp430_gcc/bin/../lib/gcc/msp430-elf/6.2.1/430\libgcc.a(_ashldi3.o)
 .MSP430.attributes
                0x00000170       0x17 c:/programs/msp430_gcc/bin/../lib/gcc/msp430-elf/6.2.1/430\libgcc.a(_clzsi2.o)
 .MSP430.attributes
                0x00000187       0x17 c:/programs/msp430_gcc/bin/../lib/gcc/msp430-elf/6.2.1/430\libgcc.a(_unpack_sf.o)
 .MSP430.attributes
                0x0000019e       0x17 c:/programs/msp430_gcc/bin/../lib/gcc/msp430-elf/6.2.1/430\libgcc.a(_fpcmp_parts_sf.o)
 .MSP430.attributes
                0x000001b5       0x17 c:/programs/msp430_gcc/bin/../lib/gcc/msp430-elf/6.2.1/430\libgcc.a(_make_sf.o)
 .MSP430.attributes
                0x000001cc       0x17 c:/programs/msp430_gcc/bin/../lib/gcc/msp430-elf/6.2.1/430\libgcc.a(_pack_df.o)
 .MSP430.attributes
                0x000001e3       0x17 c:/programs/msp430_gcc/bin/../lib/gcc/msp430-elf/6.2.1/430\libgcc.a(_unpack_df.o)
 .MSP430.attributes
                0x000001fa       0x17 c:/programs/msp430_gcc/bin/../lib/gcc/msp430-elf/6.2.1/430\libgcc.a(slli.o)
 .MSP430.attributes
                0x00000211       0x17 c:/programs/msp430_gcc/bin/../lib/gcc/msp430-elf/6.2.1/430\libgcc.a(_clz.o)
 .MSP430.attributes
                0x00000228       0x17 c:/programs/msp430_gcc/bin/../lib/gcc/msp430-elf/6.2.1/430\libgcc.a(_pack_sf.o)
 .MSP430.attributes
                0x0000023f       0x17 c:/programs/msp430_gcc/bin/../lib/gcc/msp430-elf/6.2.1/430\libmul_none.a(lib2_mul_none.o)
 .MSP430.attributes
                0x00000256       0x17 c:/programs/msp430_gcc/bin/../lib/gcc/msp430-elf/6.2.1/../../../../msp430-elf/lib/430\libc.a(lib_a-memset.o)
 .MSP430.attributes
                0x0000026d       0x17 c:/programs/msp430_gcc/bin/../lib/gcc/msp430-elf/6.2.1/../../../../msp430-elf/lib/430\libcrt.a(crt_bss.o)
 .MSP430.attributes
                0x00000284       0x17 c:/programs/msp430_gcc/bin/../lib/gcc/msp430-elf/6.2.1/../../../../msp430-elf/lib/430\libcrt.a(crt_movedata.o)
 .MSP430.attributes
                0x0000029b       0x17 c:/programs/msp430_gcc/bin/../lib/gcc/msp430-elf/6.2.1/../../../../msp430-elf/lib/430\libcrt.a(crt_main.o)
 .MSP430.attributes
                0x000002b2       0x17 c:/programs/msp430_gcc/bin/../lib/gcc/msp430-elf/6.2.1/../../../../msp430-elf/lib/430\libc.a(lib_a-memmove.o)
 .MSP430.attributes
                0x000002c9       0x17 c:/programs/msp430_gcc/bin/../lib/gcc/msp430-elf/6.2.1/430/crtend.o
 .MSP430.attributes
                0x000002e0       0x17 c:/programs/msp430_gcc/bin/../lib/gcc/msp430-elf/6.2.1/../../../../msp430-elf/lib/430/crtn.o
 *(.gnu.attributes)
 *(__TI_build_attributes)

.stab
 *(.stab)

.stabstr
 *(.stabstr)

.stab.excl
 *(.stab.excl)

.stab.exclstr
 *(.stab.exclstr)

.stab.index
 *(.stab.index)

.stab.indexstr
 *(.stab.indexstr)

.comment        0x00000000       0x49
 *(.comment)
 .comment       0x00000000       0x49 c:/programs/msp430_gcc/bin/../lib/gcc/msp430-elf/6.2.1/430/crtbegin.o
                                 0x4a (size before relaxing)
 .comment       0x00000049       0x4a adc.o
 .comment       0x00000049       0x4a _ftoa.o
 .comment       0x00000049       0x4a c:/programs/msp430_gcc/bin/../lib/gcc/msp430-elf/6.2.1/430\libgcc.a(_ne_sf.o)
 .comment       0x00000049       0x4a c:/programs/msp430_gcc/bin/../lib/gcc/msp430-elf/6.2.1/430\libgcc.a(_mul_df.o)
 .comment       0x00000049       0x4a c:/programs/msp430_gcc/bin/../lib/gcc/msp430-elf/6.2.1/430\libgcc.a(_div_df.o)
 .comment       0x00000049       0x4a c:/programs/msp430_gcc/bin/../lib/gcc/msp430-elf/6.2.1/430\libgcc.a(_df_to_sf.o)
 .comment       0x00000049       0x4a c:/programs/msp430_gcc/bin/../lib/gcc/msp430-elf/6.2.1/430\libgcc.a(_thenan_df.o)
 .comment       0x00000049       0x4a c:/programs/msp430_gcc/bin/../lib/gcc/msp430-elf/6.2.1/430\libgcc.a(_usi_to_df.o)
 .comment       0x00000049       0x4a c:/programs/msp430_gcc/bin/../lib/gcc/msp430-elf/6.2.1/430\libgcc.a(lib2divHI.o)
 .comment       0x00000049       0x4a c:/programs/msp430_gcc/bin/../lib/gcc/msp430-elf/6.2.1/430\libgcc.a(_muldi3.o)
 .comment       0x00000049       0x4a c:/programs/msp430_gcc/bin/../lib/gcc/msp430-elf/6.2.1/430\libgcc.a(_lshrdi3.o)
 .comment       0x00000049       0x4a c:/programs/msp430_gcc/bin/../lib/gcc/msp430-elf/6.2.1/430\libgcc.a(_ashldi3.o)
 .comment       0x00000049       0x4a c:/programs/msp430_gcc/bin/../lib/gcc/msp430-elf/6.2.1/430\libgcc.a(_clzsi2.o)
 .comment       0x00000049       0x4a c:/programs/msp430_gcc/bin/../lib/gcc/msp430-elf/6.2.1/430\libgcc.a(_unpack_sf.o)
 .comment       0x00000049       0x4a c:/programs/msp430_gcc/bin/../lib/gcc/msp430-elf/6.2.1/430\libgcc.a(_fpcmp_parts_sf.o)
 .comment       0x00000049       0x4a c:/programs/msp430_gcc/bin/../lib/gcc/msp430-elf/6.2.1/430\libgcc.a(_make_sf.o)
 .comment       0x00000049       0x4a c:/programs/msp430_gcc/bin/../lib/gcc/msp430-elf/6.2.1/430\libgcc.a(_pack_df.o)
 .comment       0x00000049       0x4a c:/programs/msp430_gcc/bin/../lib/gcc/msp430-elf/6.2.1/430\libgcc.a(_unpack_df.o)
 .comment       0x00000049       0x4a c:/programs/msp430_gcc/bin/../lib/gcc/msp430-elf/6.2.1/430\libgcc.a(_clz.o)
 .comment       0x00000049       0x4a c:/programs/msp430_gcc/bin/../lib/gcc/msp430-elf/6.2.1/430\libgcc.a(_pack_sf.o)
 .comment       0x00000049       0x4a c:/programs/msp430_gcc/bin/../lib/gcc/msp430-elf/6.2.1/430\libmul_none.a(lib2_mul_none.o)
 .comment       0x00000049       0x4a c:/programs/msp430_gcc/bin/../lib/gcc/msp430-elf/6.2.1/../../../../msp430-elf/lib/430\libc.a(lib_a-memset.o)
 .comment       0x00000049       0x4a c:/programs/msp430_gcc/bin/../lib/gcc/msp430-elf/6.2.1/../../../../msp430-elf/lib/430\libc.a(lib_a-memmove.o)
 .comment       0x00000049       0x4a c:/programs/msp430_gcc/bin/../lib/gcc/msp430-elf/6.2.1/430/crtend.o

.debug
 *(.debug)

.line
 *(.line)

.debug_srcinfo
 *(.debug_srcinfo)

.debug_sfnames
 *(.debug_sfnames)

.debug_aranges
 *(.debug_aranges)

.debug_pubnames
 *(.debug_pubnames)

.debug_info
 *(.debug_info .gnu.linkonce.wi.*)

.debug_abbrev
 *(.debug_abbrev)

.debug_line
 *(.debug_line .debug_line.* .debug_line_end)

.debug_frame
 *(.debug_frame)

.debug_str
 *(.debug_str)

.debug_loc
 *(.debug_loc)

.debug_macinfo
 *(.debug_macinfo)

.debug_weaknames
 *(.debug_weaknames)

.debug_funcnames
 *(.debug_funcnames)

.debug_typenames
 *(.debug_typenames)

.debug_varnames
 *(.debug_varnames)

/DISCARD/
 *(.note.GNU-stack)
                [!provide]                PROVIDE (IE1, 0x0)
                [!provide]                PROVIDE (IFG1, 0x2)
                [!provide]                PROVIDE (IE2, 0x1)
                0x00000003                PROVIDE (IFG2, 0x3)
                [!provide]                PROVIDE (ADC10DTC0, 0x48)
                [!provide]                PROVIDE (ADC10DTC1, 0x49)
                0x0000004a                PROVIDE (ADC10AE0, 0x4a)
                0x000001b0                PROVIDE (ADC10CTL0, 0x1b0)
                0x000001b2                PROVIDE (ADC10CTL1, 0x1b2)
                0x000001b4                PROVIDE (ADC10MEM, 0x1b4)
                [!provide]                PROVIDE (ADC10SA, 0x1bc)
                0x00000056                PROVIDE (DCOCTL, 0x56)
                0x00000057                PROVIDE (BCSCTL1, 0x57)
                [!provide]                PROVIDE (BCSCTL2, 0x58)
                [!provide]                PROVIDE (BCSCTL3, 0x53)
                [!provide]                PROVIDE (CACTL1, 0x59)
                [!provide]                PROVIDE (CACTL2, 0x5a)
                [!provide]                PROVIDE (CAPD, 0x5b)
                [!provide]                PROVIDE (FCTL1, 0x128)
                [!provide]                PROVIDE (FCTL2, 0x12a)
                [!provide]                PROVIDE (FCTL3, 0x12c)
                [!provide]                PROVIDE (P1IN, 0x20)
                [!provide]                PROVIDE (P1OUT, 0x21)
                [!provide]                PROVIDE (P1DIR, 0x22)
                [!provide]                PROVIDE (P1IFG, 0x23)
                [!provide]                PROVIDE (P1IES, 0x24)
                [!provide]                PROVIDE (P1IE, 0x25)
                0x00000026                PROVIDE (P1SEL, 0x26)
                0x00000041                PROVIDE (P1SEL2, 0x41)
                [!provide]                PROVIDE (P1REN, 0x27)
                [!provide]                PROVIDE (P2IN, 0x28)
                [!provide]                PROVIDE (P2OUT, 0x29)
                [!provide]                PROVIDE (P2DIR, 0x2a)
                [!provide]                PROVIDE (P2IFG, 0x2b)
                [!provide]                PROVIDE (P2IES, 0x2c)
                [!provide]                PROVIDE (P2IE, 0x2d)
                [!provide]                PROVIDE (P2SEL, 0x2e)
                [!provide]                PROVIDE (P2SEL2, 0x42)
                [!provide]                PROVIDE (P2REN, 0x2f)
                [!provide]                PROVIDE (P3IN, 0x18)
                [!provide]                PROVIDE (P3OUT, 0x19)
                [!provide]                PROVIDE (P3DIR, 0x1a)
                [!provide]                PROVIDE (P3SEL, 0x1b)
                [!provide]                PROVIDE (P3SEL2, 0x43)
                [!provide]                PROVIDE (P3REN, 0x10)
                [!provide]                PROVIDE (TA0IV, 0x12e)
                0x00000160                PROVIDE (TA0CTL, 0x160)
                [!provide]                PROVIDE (TA0CCTL0, 0x162)
                [!provide]                PROVIDE (TA0CCTL1, 0x164)
                [!provide]                PROVIDE (TA0CCTL2, 0x166)
                0x00000170                PROVIDE (TA0R, 0x170)
                [!provide]                PROVIDE (TA0CCR0, 0x172)
                [!provide]                PROVIDE (TA0CCR1, 0x174)
                [!provide]                PROVIDE (TA0CCR2, 0x176)
                [!provide]                PROVIDE (TA1IV, 0x11e)
                [!provide]                PROVIDE (TA1CTL, 0x180)
                [!provide]                PROVIDE (TA1CCTL0, 0x182)
                [!provide]                PROVIDE (TA1CCTL1, 0x184)
                [!provide]                PROVIDE (TA1CCTL2, 0x186)
                [!provide]                PROVIDE (TA1R, 0x190)
                [!provide]                PROVIDE (TA1CCR0, 0x192)
                [!provide]                PROVIDE (TA1CCR1, 0x194)
                [!provide]                PROVIDE (TA1CCR2, 0x196)
                [!provide]                PROVIDE (UCA0CTL0, 0x60)
                0x00000061                PROVIDE (UCA0CTL1, 0x61)
                0x00000062                PROVIDE (UCA0BR0, 0x62)
                0x00000063                PROVIDE (UCA0BR1, 0x63)
                0x00000064                PROVIDE (UCA0MCTL, 0x64)
                [!provide]                PROVIDE (UCA0STAT, 0x65)
                0x00000066                PROVIDE (UCA0RXBUF, 0x66)
                0x00000067                PROVIDE (UCA0TXBUF, 0x67)
                [!provide]                PROVIDE (UCA0ABCTL, 0x5d)
                [!provide]                PROVIDE (UCA0IRTCTL, 0x5e)
                [!provide]                PROVIDE (UCA0IRRCTL, 0x5f)
                [!provide]                PROVIDE (UCB0CTL0, 0x68)
                [!provide]                PROVIDE (UCB0CTL1, 0x69)
                [!provide]                PROVIDE (UCB0BR0, 0x6a)
                [!provide]                PROVIDE (UCB0BR1, 0x6b)
                [!provide]                PROVIDE (UCB0I2CIE, 0x6c)
                [!provide]                PROVIDE (UCB0STAT, 0x6d)
                [!provide]                PROVIDE (UCB0RXBUF, 0x6e)
                [!provide]                PROVIDE (UCB0TXBUF, 0x6f)
                [!provide]                PROVIDE (UCB0I2COA, 0x118)
                [!provide]                PROVIDE (UCB0I2CSA, 0x11a)
                0x00000120                PROVIDE (WDTCTL, 0x120)
                0x000010f8                PROVIDE (CALDCO_16MHZ, 0x10f8)
                0x000010f9                PROVIDE (CALBC1_16MHZ, 0x10f9)
                [!provide]                PROVIDE (CALDCO_12MHZ, 0x10fa)
                [!provide]                PROVIDE (CALBC1_12MHZ, 0x10fb)
                [!provide]                PROVIDE (CALDCO_8MHZ, 0x10fc)
                [!provide]                PROVIDE (CALBC1_8MHZ, 0x10fd)
                [!provide]                PROVIDE (CALDCO_1MHZ, 0x10fe)
                [!provide]                PROVIDE (CALBC1_1MHZ, 0x10ff)
                [!provide]                PROVIDE (TLV_CHECKSUM, 0x10c0)
                [!provide]                PROVIDE (TLV_DCO_30_TAG, 0x10f6)
                [!provide]                PROVIDE (TLV_DCO_30_LEN, 0x10f7)
                [!provide]                PROVIDE (TLV_ADC10_1_TAG, 0x10da)
                [!provide]                PROVIDE (TLV_ADC10_1_LEN, 0x10db)
LOAD c:/programs/msp430_gcc/bin/../lib/gcc/msp430-elf/6.2.1/430\libgcc.a
LOAD c:/programs/msp430_gcc/bin/../lib/gcc/msp430-elf/6.2.1/430/crtend.o
LOAD c:/programs/msp430_gcc/bin/../lib/gcc/msp430-elf/6.2.1/../../../../msp430-elf/lib/430/crtn.o
LOAD c:/programs/msp430_gcc/bin/../lib/gcc/msp430-elf/6.2.1/430\libgcc.a
OUTPUT(adc_test.elf elf32-msp430)
