Archive member included to satisfy reference by file (symbol)

/usr/lib/arm-none-eabi/newlib/thumb/v6-m/nofp//libnosys.a(errno.o)
                              newlib_stubs.o (errno)
/usr/lib/gcc/arm-none-eabi/12.2.1/thumb/v6-m/nofp//libgcc.a(_divsi3.o)
                              serial.o (__aeabi_idiv)
/usr/lib/gcc/arm-none-eabi/12.2.1/thumb/v6-m/nofp//libgcc.a(_dvmd_tls.o)
                              /usr/lib/gcc/arm-none-eabi/12.2.1/thumb/v6-m/nofp//libgcc.a(_divsi3.o) (__aeabi_idiv0)
/usr/lib/gcc/arm-none-eabi/12.2.1/thumb/v6-m/nofp//libgcc.a(divdf3.o)
                              main.o (__aeabi_ddiv)
/usr/lib/gcc/arm-none-eabi/12.2.1/thumb/v6-m/nofp//libgcc.a(muldf3.o)
                              main.o (__aeabi_dmul)
/usr/lib/gcc/arm-none-eabi/12.2.1/thumb/v6-m/nofp//libgcc.a(floatsidf.o)
                              main.o (__aeabi_i2d)
/usr/lib/gcc/arm-none-eabi/12.2.1/thumb/v6-m/nofp//libgcc.a(extendsfdf2.o)
                              main.o (__aeabi_f2d)
/usr/lib/gcc/arm-none-eabi/12.2.1/thumb/v6-m/nofp//libgcc.a(truncdfsf2.o)
                              main.o (__aeabi_d2f)
/usr/lib/gcc/arm-none-eabi/12.2.1/thumb/v6-m/nofp//libgcc.a(_udivsi3.o)
                              /usr/lib/gcc/arm-none-eabi/12.2.1/thumb/v6-m/nofp//libgcc.a(divdf3.o) (__aeabi_uidivmod)
/usr/lib/gcc/arm-none-eabi/12.2.1/thumb/v6-m/nofp//libgcc.a(_clzsi2.o)
                              /usr/lib/gcc/arm-none-eabi/12.2.1/thumb/v6-m/nofp//libgcc.a(divdf3.o) (__clzsi2)
/usr/lib/arm-none-eabi/newlib/thumb/v6-m/nofp//libc_nano.a(lib_a-fflush.o)
                              main.o (fflush)
/usr/lib/arm-none-eabi/newlib/thumb/v6-m/nofp//libc_nano.a(lib_a-findfp.o)
                              /usr/lib/arm-none-eabi/newlib/thumb/v6-m/nofp//libc_nano.a(lib_a-fflush.o) (__sinit)
/usr/lib/arm-none-eabi/newlib/thumb/v6-m/nofp//libc_nano.a(lib_a-fwalk.o)
                              /usr/lib/arm-none-eabi/newlib/thumb/v6-m/nofp//libc_nano.a(lib_a-findfp.o) (_fwalk)
/usr/lib/arm-none-eabi/newlib/thumb/v6-m/nofp//libc_nano.a(lib_a-impure.o)
                              /usr/lib/arm-none-eabi/newlib/thumb/v6-m/nofp//libc_nano.a(lib_a-fflush.o) (_global_impure_ptr)
/usr/lib/arm-none-eabi/newlib/thumb/v6-m/nofp//libc_nano.a(lib_a-memset.o)
                              /usr/lib/arm-none-eabi/newlib/thumb/v6-m/nofp//libc_nano.a(lib_a-findfp.o) (memset)
/usr/lib/arm-none-eabi/newlib/thumb/v6-m/nofp//libc_nano.a(lib_a-nano-freer.o)
                              /usr/lib/arm-none-eabi/newlib/thumb/v6-m/nofp//libc_nano.a(lib_a-fflush.o) (_free_r)
/usr/lib/arm-none-eabi/newlib/thumb/v6-m/nofp//libc_nano.a(lib_a-nano-mallocr.o)
                              /usr/lib/arm-none-eabi/newlib/thumb/v6-m/nofp//libc_nano.a(lib_a-findfp.o) (_malloc_r)
/usr/lib/arm-none-eabi/newlib/thumb/v6-m/nofp//libc_nano.a(lib_a-nano-vfprintf_float.o)
                              (_printf_float)
/usr/lib/arm-none-eabi/newlib/thumb/v6-m/nofp//libc_nano.a(lib_a-nano-vfprintf_i.o)
                              /usr/lib/arm-none-eabi/newlib/thumb/v6-m/nofp//libc_nano.a(lib_a-nano-vfprintf_float.o) (_printf_common)
/usr/lib/arm-none-eabi/newlib/thumb/v6-m/nofp//libc_nano.a(lib_a-printf.o)
                              main.o (printf)
/usr/lib/arm-none-eabi/newlib/thumb/v6-m/nofp//libc_nano.a(lib_a-puts.o)
                              main.o (puts)
/usr/lib/arm-none-eabi/newlib/thumb/v6-m/nofp//libc_nano.a(lib_a-sbrkr.o)
                              /usr/lib/arm-none-eabi/newlib/thumb/v6-m/nofp//libc_nano.a(lib_a-nano-mallocr.o) (_sbrk_r)
/usr/lib/arm-none-eabi/newlib/thumb/v6-m/nofp//libc_nano.a(lib_a-stdio.o)
                              /usr/lib/arm-none-eabi/newlib/thumb/v6-m/nofp//libc_nano.a(lib_a-findfp.o) (__sread)
/usr/lib/arm-none-eabi/newlib/thumb/v6-m/nofp//libc_nano.a(lib_a-strlen-stub.o)
                              /usr/lib/arm-none-eabi/newlib/thumb/v6-m/nofp//libc_nano.a(lib_a-nano-vfprintf_float.o) (strlen)
/usr/lib/arm-none-eabi/newlib/thumb/v6-m/nofp//libc_nano.a(lib_a-wbuf.o)
                              /usr/lib/arm-none-eabi/newlib/thumb/v6-m/nofp//libc_nano.a(lib_a-puts.o) (__swbuf_r)
/usr/lib/arm-none-eabi/newlib/thumb/v6-m/nofp//libc_nano.a(lib_a-writer.o)
                              /usr/lib/arm-none-eabi/newlib/thumb/v6-m/nofp//libc_nano.a(lib_a-stdio.o) (_write_r)
/usr/lib/arm-none-eabi/newlib/thumb/v6-m/nofp//libc_nano.a(lib_a-wsetup.o)
                              /usr/lib/arm-none-eabi/newlib/thumb/v6-m/nofp//libc_nano.a(lib_a-puts.o) (__swsetup_r)
/usr/lib/arm-none-eabi/newlib/thumb/v6-m/nofp//libc_nano.a(lib_a-closer.o)
                              /usr/lib/arm-none-eabi/newlib/thumb/v6-m/nofp//libc_nano.a(lib_a-stdio.o) (_close_r)
/usr/lib/arm-none-eabi/newlib/thumb/v6-m/nofp//libc_nano.a(lib_a-dtoa.o)
                              /usr/lib/arm-none-eabi/newlib/thumb/v6-m/nofp//libc_nano.a(lib_a-nano-vfprintf_float.o) (_dtoa_r)
/usr/lib/arm-none-eabi/newlib/thumb/v6-m/nofp//libc_nano.a(lib_a-localeconv.o)
[...]
Memory Configuration

Name             Origin             Length             Attributes
flash            0x0000000008000000 0x0000000000010000
ram              0x0000000020000000 0x0000000000002000
*default*        0x0000000000000000 0xffffffffffffffff

Linker script and memory map

LOAD main.o
LOAD startup.o
LOAD serial.o
LOAD adc.o
LOAD newlib_stubs.o
LOAD /usr/lib/arm-none-eabi/newlib/thumb/v6-m/nofp//libnosys.a
LOAD /usr/lib/gcc/arm-none-eabi/12.2.1/thumb/v6-m/nofp//libgcc.a
START GROUP
LOAD /usr/lib/gcc/arm-none-eabi/12.2.1/thumb/v6-m/nofp//libgcc.a
LOAD /usr/lib/arm-none-eabi/newlib/thumb/v6-m/nofp//libc_nano.a
LOAD /usr/lib/arm-none-eabi/newlib/thumb/v6-m/nofp//libm.a
END GROUP

.text           0x0000000008000000     0x7860
 *(.vectors)
 .vectors       0x0000000008000000       0xb8 startup.o
                0x0000000008000000                Vectors
 *(.after_vectors*)
 .after_vectors
                0x00000000080000b8       0x28 startup.o
                0x00000000080000b8                ResetInit
 *(.text*)
 .text          0x00000000080000e0      0x168 main.o
                0x00000000080000e0                wait_1ms
                0x0000000008000118                delayms
                0x000000000800013a                Configure_Pins
                0x000000000800018c                main
 .text          0x0000000008000248      0x1a8 startup.o
                0x00000000080002c0                initClock
                0x00000000080003c8                FLASH_Handler
                0x00000000080003c8                EXTI2_3_Handler
                0x00000000080003c8                TIM21_Handler
                0x00000000080003c8                SysTick_Handler
                0x00000000080003c8                I2C1_Handler
                0x00000000080003c8                PendSV_Handler
                0x00000000080003c8                NMI_Handler
                0x00000000080003c8                WWDG_Handler
                0x00000000080003c8                RTC_Handler
                0x00000000080003c8                EXTI4_15_Handler
                0x00000000080003c8                TIM2_Handler
                0x00000000080003c8                DMA_CH4_5_6_7_Handler
                0x00000000080003c8                Default_Handler
                0x00000000080003c8                LPUART1_Handler
                0x00000000080003c8                EXTI0_1_Handler
                0x00000000080003c8                DMA_CH1_Handler
                0x00000000080003c8                SPI2_Handler
                0x00000000080003c8                DMA_CH2_3_Handler
                0x00000000080003c8                I2C2_Handler
                0x00000000080003c8                SVC_Handler
                0x00000000080003c8                LPTIM1_Handler
                0x00000000080003c8                USART2_Handler
                0x00000000080003c8                SPI1_Handler
                0x00000000080003c8                RCC_Handler
                0x00000000080003c8                PVD_Handler
                0x00000000080003c8                TIM22_Handler
                0x00000000080003c8                TIM6_Handler
                0x00000000080003c8                ADC_COMP_Handler
                0x00000000080003dc                Hard_Fault_Handler
 .text          0x00000000080003f0      0x5b4 serial.o
                0x00000000080003f0                ReadCom
                0x0000000008000464                WriteCom
                0x0000000008000504                initUART
                0x0000000008000654                USART1_Handler
                0x0000000008000680                usart_rx
                0x00000000080006b0                usart_tx
                0x0000000008000718                PutBuf
                0x000000000800077a                GetBuf
                0x00000000080007d0                GetBufCount
                0x00000000080007e4                eputs
                0x0000000008000820                eputc
                0x000000000800083e                egetc
                0x0000000008000858                egets
                0x00000000080008e4                egetc_echo
                0x000000000800090a                egets_echo
 .text          0x00000000080009a4      0x10c adc.o
                0x00000000080009a4                initADC
                0x0000000008000a44                readADC
 .text          0x0000000008000ab0      0x29c newlib_stubs.o
                0x0000000008000ab0                _exit
                0x0000000008000aba                _close
                0x0000000008000ace                _execve
                0x0000000008000af0                _fork
                0x0000000008000b08                _fstat
                0x0000000008000b24                _getpid
                0x0000000008000b30                _kill
                0x0000000008000b50                _link
                0x0000000008000b70                _lseek
                0x0000000008000b86                _stat
                0x0000000008000ba2                _times
                0x0000000008000bb6                _unlink
                0x0000000008000bd4                _wait
                0x0000000008000bf4                _isatty
                0x0000000008000c1c                _sbrk
                0x0000000008000c80                _read
                0x0000000008000cf8                _write
 .text          0x0000000008000d4c        0x0 /usr/lib/arm-none-eabi/newlib/thumb/v6-m/nofp//libnosys.a(errno.o)
 .text          0x0000000008000d4c      0x1d4 /usr/lib/gcc/arm-none-eabi/12.2.1/thumb/v6-m/nofp//libgcc.a(_divsi3.o)
                0x0000000008000d4c                __aeabi_idiv
                0x0000000008000d4c                __divsi3
                0x0000000008000f18                __aeabi_idivmod
 .text          0x0000000008000f20        0x4 /usr/lib/gcc/arm-none-eabi/12.2.1/thumb/v6-m/nofp//libgcc.a(_dvmd_tls.o)
                0x0000000008000f20                __aeabi_ldiv0
                0x0000000008000f20                __aeabi_idiv0
 .text          0x0000000008000f24      0x638 /usr/lib/gcc/arm-none-eabi/12.2.1/thumb/v6-m/nofp//libgcc.a(divdf3.o)
                0x0000000008000f24                __aeabi_ddiv
 .text          0x000000000800155c      0x588 /usr/lib/gcc/arm-none-eabi/12.2.1/thumb/v6-m/nofp//libgcc.a(muldf3.o)
                0x000000000800155c                __aeabi_dmul
 .text          0x0000000008001ae4       0x60 /usr/lib/gcc/arm-none-eabi/12.2.1/thumb/v6-m/nofp//libgcc.a(floatsidf.o)
                0x0000000008001ae4                __aeabi_i2d
 .text          0x0000000008001b44       0x90 /usr/lib/gcc/arm-none-eabi/12.2.1/thumb/v6-m/nofp//libgcc.a(extendsfdf2.o)
                0x0000000008001b44                __aeabi_f2d
 .text          0x0000000008001bd4      0x118 /usr/lib/gcc/arm-none-eabi/12.2.1/thumb/v6-m/nofp//libgcc.a(truncdfsf2.o)
                0x0000000008001bd4                __aeabi_d2f
 .text          0x0000000008001cec      0x114 /usr/lib/gcc/arm-none-eabi/12.2.1/thumb/v6-m/nofp//libgcc.a(_udivsi3.o)
                0x0000000008001cec                __udivsi3
                0x0000000008001cec                __aeabi_uidiv
                0x0000000008001df8                __aeabi_uidivmod
 .text          0x0000000008001e00       0x3c /usr/lib/gcc/arm-none-eabi/12.2.1/thumb/v6-m/nofp//libgcc.a(_clzsi2.o)
                0x0000000008001e00                __clzsi2
 .text          0x0000000008001e3c      0x200 /usr/lib/arm-none-eabi/newlib/thumb/v6-m/nofp//libc_nano.a(lib_a-fflush.o)
                0x0000000008001e3c                __sflush_r
                0x0000000008001f58                _fflush_r
                0x0000000008001fb4                fflush
 .text          0x000000000800203c      0x268 /usr/lib/arm-none-eabi/newlib/thumb/v6-m/nofp//libc_nano.a(lib_a-findfp.o)
                0x0000000008002040                _cleanup_r
                0x0000000008002054                __sfmoreglue
                0x0000000008002084                __sfp
                0x000000000800223c                _cleanup
                0x0000000008002254                __sinit
                0x0000000008002264                __sfp_lock_acquire
                0x0000000008002268                __sfp_lock_release
                0x000000000800226c                __sinit_lock_acquire
                0x0000000008002270                __sinit_lock_release
                0x0000000008002274                __fp_lock_all
                0x000000000800228c                __fp_unlock_all
 .text          0x00000000080022a4       0x88 /usr/lib/arm-none-eabi/newlib/thumb/v6-m/nofp//libc_nano.a(lib_a-fwalk.o)
                0x00000000080022a4                _fwalk
                0x00000000080022e4                _fwalk_reent
 .text          0x000000000800232c        0x0 /usr/lib/arm-none-eabi/newlib/thumb/v6-m/nofp//libc_nano.a(lib_a-impure.o)
 .text          0x000000000800232c       0xa8 /usr/lib/arm-none-eabi/newlib/thumb/v6-m/nofp//libc_nano.a(lib_a-memset.o)
                0x000000000800232c                memset
 .text          0x00000000080023d4       0xc0 /usr/lib/arm-none-eabi/newlib/thumb/v6-m/nofp//libc_nano.a(lib_a-nano-freer.o)
                0x00000000080023d4                _free_r
 .text          0x0000000008002494       0xc4 /usr/lib/arm-none-eabi/newlib/thumb/v6-m/nofp//libc_nano.a(lib_a-nano-mallocr.o)
                0x0000000008002494                _malloc_r
 .text          0x0000000008002558      0x7d8 /usr/lib/arm-none-eabi/newlib/thumb/v6-m/nofp//libc_nano.a(lib_a-nano-vfprintf_float.o)
                0x0000000008002558                __cvt
                0x0000000008002668                __exponent
                0x0000000008002708                _printf_float
 .text          0x0000000008002d30      0x3c4 /usr/lib/arm-none-eabi/newlib/thumb/v6-m/nofp//libc_nano.a(lib_a-nano-vfprintf_i.o)
                0x0000000008002d30                _printf_common
                0x0000000008002e6c                _printf_i
 .text          0x00000000080030f4       0x68 /usr/lib/arm-none-eabi/newlib/thumb/v6-m/nofp//libc_nano.a(lib_a-printf.o)
                0x00000000080030f4                _printf_r
                0x00000000080030f4                _iprintf_r
                0x0000000008003124                printf
                0x0000000008003124                iprintf
 .text          0x000000000800315c       0xf0 /usr/lib/arm-none-eabi/newlib/thumb/v6-m/nofp//libc_nano.a(lib_a-puts.o)
                0x000000000800315c                _puts_r
                0x0000000008003238                puts
 .text          0x000000000800324c       0x24 /usr/lib/arm-none-eabi/newlib/thumb/v6-m/nofp//libc_nano.a(lib_a-sbrkr.o)
                0x000000000800324c                _sbrk_r
 .text          0x0000000008003270       0xa4 /usr/lib/arm-none-eabi/newlib/thumb/v6-m/nofp//libc_nano.a(lib_a-stdio.o)
                0x0000000008003270                __sread
                0x0000000008003298                __seofread
                0x000000000800329c                __swrite
                0x00000000080032dc                __sseek
                0x0000000008003308                __sclose
 .text          0x0000000008003314       0x5c /usr/lib/arm-none-eabi/newlib/thumb/v6-m/nofp//libc_nano.a(lib_a-strlen-stub.o)
                0x0000000008003314                strlen
 .text          0x0000000008003370       0xec /usr/lib/arm-none-eabi/newlib/thumb/v6-m/nofp//libc_nano.a(lib_a-wbuf.o)
                0x0000000008003370                __swbuf_r
                0x0000000008003444                __swbuf
 .text          0x000000000800345c       0x28 /usr/lib/arm-none-eabi/newlib/thumb/v6-m/nofp//libc_nano.a(lib_a-writer.o)
                0x000000000800345c                _write_r
 .text          0x0000000008003484      0x10c /usr/lib/arm-none-eabi/newlib/thumb/v6-m/nofp//libc_nano.a(lib_a-wsetup.o)
                0x0000000008003484                __swsetup_r
 .text          0x0000000008003590       0x24 /usr/lib/arm-none-eabi/newlib/thumb/v6-m/nofp//libc_nano.a(lib_a-closer.o)
                0x0000000008003590                _close_r
 .text          0x00000000080035b4     0x1130 /usr/lib/arm-none-eabi/newlib/thumb/v6-m/nofp//libc_nano.a(lib_a-dtoa.o)
                0x00000000080036fc                _dtoa_r
 .text          0x00000000080046e4       0x14 /usr/lib/arm-none-eabi/newlib/thumb/v6-m/nofp//libc_nano.a(lib_a-localeconv.o)
                0x00000000080046e4                __localeconv_l
                0x00000000080046e8                _localeconv_r
                0x00000000080046f0                localeconv
 .text          0x00000000080046f8       0x28 /usr/lib/arm-none-eabi/newlib/thumb/v6-m/nofp//libc_nano.a(lib_a-lseekr.o)
                0x00000000080046f8                _lseek_r
 .text          0x0000000008004720      0x10c /usr/lib/arm-none-eabi/newlib/thumb/v6-m/nofp//libc_nano.a(lib_a-makebuf.o)
                0x0000000008004720                __smakebuf_r
                0x00000000080047d8                __swhatbuf_r
 .text          0x000000000800482c       0x28 /usr/lib/arm-none-eabi/newlib/thumb/v6-m/nofp//libc_nano.a(lib_a-malloc.o)
                0x000000000800482c                malloc
                0x0000000008004840                free
 .text          0x0000000008004854       0x74 /usr/lib/arm-none-eabi/newlib/thumb/v6-m/nofp//libc_nano.a(lib_a-memchr-stub.o)
                0x0000000008004854                memchr
 .text          0x00000000080048c8       0xa4 /usr/lib/arm-none-eabi/newlib/thumb/v6-m/nofp//libc_nano.a(lib_a-memcpy-stub.o)
                0x00000000080048c8                memcpy
 .text          0x000000000800496c        0x8 /usr/lib/arm-none-eabi/newlib/thumb/v6-m/nofp//libc_nano.a(lib_a-mlock.o)
                0x000000000800496c                __malloc_lock
                0x0000000008004970                __malloc_unlock
 .text          0x0000000008004974      0xb44 /usr/lib/arm-none-eabi/newlib/thumb/v6-m/nofp//libc_nano.a(lib_a-mprec.o)
                0x0000000008004974                _Balloc
                0x00000000080049f8                _Bfree
                0x0000000008004a44                __multadd
                0x0000000008004ae4                __s2b
                0x0000000008004b94                __hi0bits
                0x0000000008004bcc                __lo0bits
                0x0000000008004c28                __i2b
                0x0000000008004c54                __multiply
                0x0000000008004df8                __pow5mult
                0x0000000008004ef8                __lshift
                0x0000000008004fe4                __mcmp
                0x0000000008005018                __mdiff
                0x00000000080051a4                __ulp
                0x00000000080051ec                __b2d
                0x00000000080052b4                __d2b
                0x000000000800538c                __ratio
                0x00000000080053f4                _mprec_log10
                0x0000000008005428                __copybits
                0x0000000008005468                __any_on
 .text          0x00000000080054b8       0x1c /usr/lib/arm-none-eabi/newlib/thumb/v6-m/nofp//libc_nano.a(lib_a-nano-callocr.o)
                0x00000000080054b8                _calloc_r
 .text          0x00000000080054d4      0x344 /usr/lib/arm-none-eabi/newlib/thumb/v6-m/nofp//libc_nano.a(lib_a-nano-vfprintf.o)
                0x00000000080054fc                __sfputs_r
                0x0000000008005528                __sprint_r
                0x0000000008005544                _vfiprintf_r
                0x0000000008005544                _vfprintf_r
                0x0000000008005800                vfiprintf
                0x0000000008005800                vfprintf
 .text          0x0000000008005818       0x28 /usr/lib/arm-none-eabi/newlib/thumb/v6-m/nofp//libc_nano.a(lib_a-readr.o)
                0x0000000008005818                _read_r
 .text          0x0000000008005840       0x4c /usr/lib/arm-none-eabi/newlib/thumb/v6-m/nofp//libc_nano.a(lib_a-assert.o)
                0x0000000008005840                __assert_func
                0x0000000008005880                __assert
 .text          0x000000000800588c       0x3c /usr/lib/arm-none-eabi/newlib/thumb/v6-m/nofp//libc_nano.a(lib_a-fprintf.o)
                0x000000000800588c                _fprintf_r
                0x000000000800588c                _fiprintf_r
                0x00000000080058a4                fprintf
                0x00000000080058a4                fiprintf
 .text          0x00000000080058c8       0x28 /usr/lib/arm-none-eabi/newlib/thumb/v6-m/nofp//libc_nano.a(lib_a-fstatr.o)
                0x00000000080058c8                _fstat_r
 .text          0x00000000080058f0      0x2f4 /usr/lib/arm-none-eabi/newlib/thumb/v6-m/nofp//libc_nano.a(lib_a-fvwrite.o)
                0x00000000080058f0                __sfvwrite_r
 .text          0x0000000008005be4       0x24 /usr/lib/arm-none-eabi/newlib/thumb/v6-m/nofp//libc_nano.a(lib_a-isattyr.o)
                0x0000000008005be4                _isatty_r
 .text          0x0000000008005c08       0x98 /usr/lib/arm-none-eabi/newlib/thumb/v6-m/nofp//libc_nano.a(lib_a-locale.o)
                0x0000000008005c08                _setlocale_r
                0x0000000008005c4c                __locale_mb_cur_max
                0x0000000008005c5c                setlocale
 .text          0x0000000008005ca0       0x44 /usr/lib/arm-none-eabi/newlib/thumb/v6-m/nofp//libc_nano.a(lib_a-mbtowc_r.o)
                0x0000000008005ca0                _mbtowc_r
                0x0000000008005cb8                __ascii_mbtowc
 .text          0x0000000008005ce4       0xac /usr/lib/arm-none-eabi/newlib/thumb/v6-m/nofp//libc_nano.a(lib_a-memmove.o)
                0x0000000008005ce4                memmove
 .text          0x0000000008005d90       0x50 /usr/lib/arm-none-eabi/newlib/thumb/v6-m/nofp//libc_nano.a(lib_a-nano-reallocr.o)
                0x0000000008005d90                _realloc_r
 .text          0x0000000008005de0       0x88 /usr/lib/arm-none-eabi/newlib/thumb/v6-m/nofp//libc_nano.a(lib_a-strcmp.o)
                0x0000000008005de0                strcmp
 .text          0x0000000008005e68       0x2c /usr/lib/arm-none-eabi/newlib/thumb/v6-m/nofp//libc_nano.a(lib_a-wctomb_r.o)
                0x0000000008005e68                _wctomb_r
                0x0000000008005e78                __ascii_wctomb
 .text          0x0000000008005e94       0x10 /usr/lib/arm-none-eabi/newlib/thumb/v6-m/nofp//libc_nano.a(lib_a-abort.o)
                0x0000000008005e94                abort
 .text          0x0000000008005ea4        0x0 /usr/lib/arm-none-eabi/newlib/thumb/v6-m/nofp//libc_nano.a(lib_a-ctype_.o)
 .text          0x0000000008005ea4       0x14 /usr/lib/arm-none-eabi/newlib/thumb/v6-m/nofp//libc_nano.a(lib_a-nano-msizer.o)
                0x0000000008005ea4                _malloc_usable_size_r
 .text          0x0000000008005eb8      0x274 /usr/lib/arm-none-eabi/newlib/thumb/v6-m/nofp//libc_nano.a(lib_a-signal.o)
                0x0000000008005eb8                _init_signal_r
                0x0000000008005ee8                _signal_r
                0x0000000008005f30                _raise_r
                0x0000000008005f88                __sigtramp_r
                0x0000000008005fe4                raise
                0x0000000008006040                signal
                0x0000000008006090                _init_signal
                0x00000000080060c8                __sigtramp
 .text          0x000000000800612c       0x30 /usr/lib/arm-none-eabi/newlib/thumb/v6-m/nofp//libc_nano.a(lib_a-signalr.o)
                0x000000000800612c                _kill_r
                0x0000000008006154                _getpid_r
 .text          0x000000000800615c       0x7c /usr/lib/gcc/arm-none-eabi/12.2.1/thumb/v6-m/nofp//libgcc.a(_arm_cmpdf2.o)
                0x000000000800615c                __aeabi_cdrcmple
                0x000000000800616c                __aeabi_cdcmple
                0x000000000800616c                __aeabi_cdcmpeq
                0x000000000800617c                __aeabi_dcmpeq
                0x0000000008006188                __aeabi_dcmplt
                0x000000000800619c                __aeabi_dcmple
                0x00000000080061b0                __aeabi_dcmpgt
                0x00000000080061c4                __aeabi_dcmpge
 .text          0x00000000080061d8      0x6bc /usr/lib/gcc/arm-none-eabi/12.2.1/thumb/v6-m/nofp//libgcc.a(adddf3.o)
                0x00000000080061d8                __aeabi_dadd
 .text          0x0000000008006894       0x88 /usr/lib/gcc/arm-none-eabi/12.2.1/thumb/v6-m/nofp//libgcc.a(eqdf2.o)
                0x0000000008006894                __eqdf2
                0x0000000008006894                __nedf2
 .text          0x000000000800691c       0xe8 /usr/lib/gcc/arm-none-eabi/12.2.1/thumb/v6-m/nofp//libgcc.a(gedf2.o)
                0x000000000800691c                __gtdf2
                0x000000000800691c                __gedf2
 .text          0x0000000008006a04       0xe4 /usr/lib/gcc/arm-none-eabi/12.2.1/thumb/v6-m/nofp//libgcc.a(ledf2.o)
                0x0000000008006a04                __ltdf2
                0x0000000008006a04                __ledf2
 .text          0x0000000008006ae8      0x704 /usr/lib/gcc/arm-none-eabi/12.2.1/thumb/v6-m/nofp//libgcc.a(subdf3.o)
                0x0000000008006ae8                __aeabi_dsub
 .text          0x00000000080071ec       0x44 /usr/lib/gcc/arm-none-eabi/12.2.1/thumb/v6-m/nofp//libgcc.a(unorddf2.o)
                0x00000000080071ec                __aeabi_dcmpun
 .text          0x0000000008007230       0x78 /usr/lib/gcc/arm-none-eabi/12.2.1/thumb/v6-m/nofp//libgcc.a(fixdfsi.o)
                0x0000000008007230                __aeabi_d2iz
 .text          0x00000000080072a8       0x4c /usr/lib/gcc/arm-none-eabi/12.2.1/thumb/v6-m/nofp//libgcc.a(floatunsidf.o)
                0x00000000080072a8                __aeabi_ui2d
 *(.rodata*)
 .rodata        0x00000000080072f4       0x55 main.o
 *fill*         0x0000000008007349        0x3 
 .rodata        0x000000000800734c       0x7c startup.o
 .rodata        0x00000000080073c8       0x40 /usr/lib/gcc/arm-none-eabi/12.2.1/thumb/v6-m/nofp//libgcc.a(divdf3.o)
 .rodata        0x0000000008007408       0x60 /usr/lib/arm-none-eabi/newlib/thumb/v6-m/nofp//libc_nano.a(lib_a-findfp.o)
                0x0000000008007408                __sf_fake_stderr
                0x0000000008007428                __sf_fake_stdout
                0x0000000008007448                __sf_fake_stdin
 .rodata        0x0000000008007468        0x4 /usr/lib/arm-none-eabi/newlib/thumb/v6-m/nofp//libc_nano.a(lib_a-impure.o)
                0x0000000008007468                _global_impure_ptr
 .rodata.str1.4
                0x000000000800746c       0x12 /usr/lib/arm-none-eabi/newlib/thumb/v6-m/nofp//libc_nano.a(lib_a-nano-vfprintf_float.o)
 *fill*         0x000000000800747e        0x2 
 .rodata.str1.4
                0x0000000008007480       0x25 /usr/lib/arm-none-eabi/newlib/thumb/v6-m/nofp//libc_nano.a(lib_a-nano-vfprintf_i.o)
 *fill*         0x00000000080074a5        0x3 
 .rodata        0x00000000080074a8       0x84 /usr/lib/arm-none-eabi/newlib/thumb/v6-m/nofp//libc_nano.a(lib_a-nano-vfprintf_i.o)
 .rodata.str1.4
                0x000000000800752c       0x6d /usr/lib/arm-none-eabi/newlib/thumb/v6-m/nofp//libc_nano.a(lib_a-dtoa.o)
                                         0x71 (size before relaxing)
 *fill*         0x0000000008007599        0x3 
 .rodata.str1.4
                0x000000000800759c       0x33 /usr/lib/arm-none-eabi/newlib/thumb/v6-m/nofp//libc_nano.a(lib_a-mprec.o)
                                         0x5d (size before relaxing)
 *fill*         0x00000000080075cf        0x1 
 .rodata        0x00000000080075d0      0x128 /usr/lib/arm-none-eabi/newlib/thumb/v6-m/nofp//libc_nano.a(lib_a-mprec.o)
                0x00000000080075e0                __mprec_tinytens
                0x0000000008007608                __mprec_bigtens
                0x0000000008007630                __mprec_tens
 .rodata.str1.4
                0x00000000080076f8       0x13 /usr/lib/arm-none-eabi/newlib/thumb/v6-m/nofp//libc_nano.a(lib_a-nano-vfprintf.o)
 *fill*         0x000000000800770b        0x1 
 .rodata.str1.4
                0x000000000800770c       0x3f /usr/lib/arm-none-eabi/newlib/thumb/v6-m/nofp//libc_nano.a(lib_a-assert.o)
                                         0x43 (size before relaxing)
 *fill*         0x000000000800774b        0x1 
 .rodata.str1.4
                0x000000000800774c        0xe /usr/lib/arm-none-eabi/newlib/thumb/v6-m/nofp//libc_nano.a(lib_a-locale.o)
                                         0x12 (size before relaxing)
 *fill*         0x000000000800775a        0x2 
 .rodata        0x000000000800775c      0x101 /usr/lib/arm-none-eabi/newlib/thumb/v6-m/nofp//libc_nano.a(lib_a-ctype_.o)
                0x000000000800775c                _ctype_
                0x0000000008007860                . = ALIGN (0x4)
 *fill*         0x000000000800785d        0x3 
                0x0000000008007860                PROVIDE (__init_array_start = .)
 *(SORT_BY_NAME(.init_array.*))
 *(.init_array)
                0x0000000008007860                PROVIDE (__init_array_end = .)
                0x0000000008007860                . = ALIGN (0x4)
                0x0000000008007860                _etext = .

.glue_7         0x0000000008007860        0x0
 .glue_7        0x0000000008007860        0x0 linker stubs

.glue_7t        0x0000000008007860        0x0
 .glue_7t       0x0000000008007860        0x0 linker stubs

.vfp11_veneer   0x0000000008007860        0x0
 .vfp11_veneer  0x0000000008007860        0x0 linker stubs

.v4_bx          0x0000000008007860        0x0
 .v4_bx         0x0000000008007860        0x0 linker stubs

.iplt           0x0000000008007860        0x0
 .iplt          0x0000000008007860        0x0 main.o

.rel.dyn        0x0000000008007860        0x0
 .rel.iplt      0x0000000008007860        0x0 main.o

.data           0x0000000020000000      0x1d4 load address 0x0000000008007860
                0x0000000020000000                . = ALIGN (0x4)
                0x0000000020000000                _data = .
 *(.data*)
 .data          0x0000000020000000        0x0 main.o
 .data          0x0000000020000000        0x0 startup.o
 .data          0x0000000020000000        0x0 serial.o
 .data          0x0000000020000000        0x0 adc.o
 .data          0x0000000020000000        0x4 newlib_stubs.o
                0x0000000020000000                environ
 .data          0x0000000020000004        0x0 /usr/lib/arm-none-eabi/newlib/thumb/v6-m/nofp//libnosys.a(errno.o)
 .data          0x0000000020000004        0x0 /usr/lib/gcc/arm-none-eabi/12.2.1/thumb/v6-m/nofp//libgcc.a(_divsi3.o)
 .data          0x0000000020000004        0x0 /usr/lib/gcc/arm-none-eabi/12.2.1/thumb/v6-m/nofp//libgcc.a(_dvmd_tls.o)
 .data          0x0000000020000004        0x0 /usr/lib/gcc/arm-none-eabi/12.2.1/thumb/v6-m/nofp//libgcc.a(divdf3.o)
 .data          0x0000000020000004        0x0 /usr/lib/gcc/arm-none-eabi/12.2.1/thumb/v6-m/nofp//libgcc.a(muldf3.o)
 .data          0x0000000020000004        0x0 /usr/lib/gcc/arm-none-eabi/12.2.1/thumb/v6-m/nofp//libgcc.a(floatsidf.o)
 .data          0x0000000020000004        0x0 /usr/lib/gcc/arm-none-eabi/12.2.1/thumb/v6-m/nofp//libgcc.a(extendsfdf2.o)
 .data          0x0000000020000004        0x0 /usr/lib/gcc/arm-none-eabi/12.2.1/thumb/v6-m/nofp//libgcc.a(truncdfsf2.o)
 .data          0x0000000020000004        0x0 /usr/lib/gcc/arm-none-eabi/12.2.1/thumb/v6-m/nofp//libgcc.a(_udivsi3.o)
 .data          0x0000000020000004        0x0 /usr/lib/gcc/arm-none-eabi/12.2.1/thumb/v6-m/nofp//libgcc.a(_clzsi2.o)
 .data          0x0000000020000004        0x0 /usr/lib/arm-none-eabi/newlib/thumb/v6-m/nofp//libc_nano.a(lib_a-fflush.o)
 .data          0x0000000020000004        0x0 /usr/lib/arm-none-eabi/newlib/thumb/v6-m/nofp//libc_nano.a(lib_a-findfp.o)
 .data          0x0000000020000004        0x0 /usr/lib/arm-none-eabi/newlib/thumb/v6-m/nofp//libc_nano.a(lib_a-fwalk.o)
 .data          0x0000000020000004       0x64 /usr/lib/arm-none-eabi/newlib/thumb/v6-m/nofp//libc_nano.a(lib_a-impure.o)
                0x0000000020000004                _impure_ptr
 .data          0x0000000020000068        0x0 /usr/lib/arm-none-eabi/newlib/thumb/v6-m/nofp//libc_nano.a(lib_a-memset.o)
 .data          0x0000000020000068        0x0 /usr/lib/arm-none-eabi/newlib/thumb/v6-m/nofp//libc_nano.a(lib_a-nano-freer.o)
 .data          0x0000000020000068        0x0 /usr/lib/arm-none-eabi/newlib/thumb/v6-m/nofp//libc_nano.a(lib_a-nano-mallocr.o)
 .data          0x0000000020000068        0x0 /usr/lib/arm-none-eabi/newlib/thumb/v6-m/nofp//libc_nano.a(lib_a-nano-vfprintf_float.o)
 .data          0x0000000020000068        0x0 /usr/lib/arm-none-eabi/newlib/thumb/v6-m/nofp//libc_nano.a(lib_a-nano-vfprintf_i.o)
 .data          0x0000000020000068        0x0 /usr/lib/arm-none-eabi/newlib/thumb/v6-m/nofp//libc_nano.a(lib_a-printf.o)
 .data          0x0000000020000068        0x0 /usr/lib/arm-none-eabi/newlib/thumb/v6-m/nofp//libc_nano.a(lib_a-puts.o)
 .data          0x0000000020000068        0x0 /usr/lib/arm-none-eabi/newlib/thumb/v6-m/nofp//libc_nano.a(lib_a-sbrkr.o)
 .data          0x0000000020000068        0x0 /usr/lib/arm-none-eabi/newlib/thumb/v6-m/nofp//libc_nano.a(lib_a-stdio.o)
 .data          0x0000000020000068        0x0 /usr/lib/arm-none-eabi/newlib/thumb/v6-m/nofp//libc_nano.a(lib_a-strlen-stub.o)
 .data          0x0000000020000068        0x0 /usr/lib/arm-none-eabi/newlib/thumb/v6-m/nofp//libc_nano.a(lib_a-wbuf.o)
 .data          0x0000000020000068        0x0 /usr/lib/arm-none-eabi/newlib/thumb/v6-m/nofp//libc_nano.a(lib_a-writer.o)
 .data          0x0000000020000068        0x0 /usr/lib/arm-none-eabi/newlib/thumb/v6-m/nofp//libc_nano.a(lib_a-wsetup.o)
 .data          0x0000000020000068        0x0 /usr/lib/arm-none-eabi/newlib/thumb/v6-m/nofp//libc_nano.a(lib_a-closer.o)
 .data          0x0000000020000068        0x0 /usr/lib/arm-none-eabi/newlib/thumb/v6-m/nofp//libc_nano.a(lib_a-dtoa.o)
 .data          0x0000000020000068        0x0 /usr/lib/arm-none-eabi/newlib/thumb/v6-m/nofp//libc_nano.a(lib_a-localeconv.o)
 .data          0x0000000020000068        0x0 /usr/lib/arm-none-eabi/newlib/thumb/v6-m/nofp//libc_nano.a(lib_a-lseekr.o)
 .data          0x0000000020000068        0x0 /usr/lib/arm-none-eabi/newlib/thumb/v6-m/nofp//libc_nano.a(lib_a-makebuf.o)
 .data          0x0000000020000068        0x0 /usr/lib/arm-none-eabi/newlib/thumb/v6-m/nofp//libc_nano.a(lib_a-malloc.o)
 .data          0x0000000020000068        0x0 /usr/lib/arm-none-eabi/newlib/thumb/v6-m/nofp//libc_nano.a(lib_a-memchr-stub.o)
 .data          0x0000000020000068        0x0 /usr/lib/arm-none-eabi/newlib/thumb/v6-m/nofp//libc_nano.a(lib_a-memcpy-stub.o)
 .data          0x0000000020000068        0x0 /usr/lib/arm-none-eabi/newlib/thumb/v6-m/nofp//libc_nano.a(lib_a-mlock.o)
 .data          0x0000000020000068        0x0 /usr/lib/arm-none-eabi/newlib/thumb/v6-m/nofp//libc_nano.a(lib_a-mprec.o)
 .data          0x0000000020000068        0x0 /usr/lib/arm-none-eabi/newlib/thumb/v6-m/nofp//libc_nano.a(lib_a-nano-callocr.o)
 .data          0x0000000020000068        0x0 /usr/lib/arm-none-eabi/newlib/thumb/v6-m/nofp//libc_nano.a(lib_a-nano-vfprintf.o)
 .data          0x0000000020000068        0x0 /usr/lib/arm-none-eabi/newlib/thumb/v6-m/nofp//libc_nano.a(lib_a-readr.o)
 .data          0x0000000020000068        0x0 /usr/lib/arm-none-eabi/newlib/thumb/v6-m/nofp//libc_nano.a(lib_a-assert.o)
 .data          0x0000000020000068        0x0 /usr/lib/arm-none-eabi/newlib/thumb/v6-m/nofp//libc_nano.a(lib_a-fprintf.o)
 .data          0x0000000020000068        0x0 /usr/lib/arm-none-eabi/newlib/thumb/v6-m/nofp//libc_nano.a(lib_a-fstatr.o)
 .data          0x0000000020000068        0x0 /usr/lib/arm-none-eabi/newlib/thumb/v6-m/nofp//libc_nano.a(lib_a-fvwrite.o)
 .data          0x0000000020000068        0x0 /usr/lib/arm-none-eabi/newlib/thumb/v6-m/nofp//libc_nano.a(lib_a-isattyr.o)
 .data          0x0000000020000068      0x16c /usr/lib/arm-none-eabi/newlib/thumb/v6-m/nofp//libc_nano.a(lib_a-locale.o)
                0x0000000020000068                __global_locale
 .data          0x00000000200001d4        0x0 /usr/lib/arm-none-eabi/newlib/thumb/v6-m/nofp//libc_nano.a(lib_a-mbtowc_r.o)
 .data          0x00000000200001d4        0x0 /usr/lib/arm-none-eabi/newlib/thumb/v6-m/nofp//libc_nano.a(lib_a-memmove.o)
 .data          0x00000000200001d4        0x0 /usr/lib/arm-none-eabi/newlib/thumb/v6-m/nofp//libc_nano.a(lib_a-nano-reallocr.o)
 .data          0x00000000200001d4        0x0 /usr/lib/arm-none-eabi/newlib/thumb/v6-m/nofp//libc_nano.a(lib_a-strcmp.o)
 .data          0x00000000200001d4        0x0 /usr/lib/arm-none-eabi/newlib/thumb/v6-m/nofp//libc_nano.a(lib_a-wctomb_r.o)
 .data          0x00000000200001d4        0x0 /usr/lib/arm-none-eabi/newlib/thumb/v6-m/nofp//libc_nano.a(lib_a-abort.o)
 .data          0x00000000200001d4        0x0 /usr/lib/arm-none-eabi/newlib/thumb/v6-m/nofp//libc_nano.a(lib_a-ctype_.o)
 .data          0x00000000200001d4        0x0 /usr/lib/arm-none-eabi/newlib/thumb/v6-m/nofp//libc_nano.a(lib_a-nano-msizer.o)
 .data          0x00000000200001d4        0x0 /usr/lib/arm-none-eabi/newlib/thumb/v6-m/nofp//libc_nano.a(lib_a-signal.o)
 .data          0x00000000200001d4        0x0 /usr/lib/arm-none-eabi/newlib/thumb/v6-m/nofp//libc_nano.a(lib_a-signalr.o)
 .data          0x00000000200001d4        0x0 /usr/lib/gcc/arm-none-eabi/12.2.1/thumb/v6-m/nofp//libgcc.a(_arm_cmpdf2.o)
 .data          0x00000000200001d4        0x0 /usr/lib/gcc/arm-none-eabi/12.2.1/thumb/v6-m/nofp//libgcc.a(adddf3.o)
 .data          0x00000000200001d4        0x0 /usr/lib/gcc/arm-none-eabi/12.2.1/thumb/v6-m/nofp//libgcc.a(eqdf2.o)
 .data          0x00000000200001d4        0x0 /usr/lib/gcc/arm-none-eabi/12.2.1/thumb/v6-m/nofp//libgcc.a(gedf2.o)
 .data          0x00000000200001d4        0x0 /usr/lib/gcc/arm-none-eabi/12.2.1/thumb/v6-m/nofp//libgcc.a(ledf2.o)
 .data          0x00000000200001d4        0x0 /usr/lib/gcc/arm-none-eabi/12.2.1/thumb/v6-m/nofp//libgcc.a(subdf3.o)
 .data          0x00000000200001d4        0x0 /usr/lib/gcc/arm-none-eabi/12.2.1/thumb/v6-m/nofp//libgcc.a(unorddf2.o)
 .data          0x00000000200001d4        0x0 /usr/lib/gcc/arm-none-eabi/12.2.1/thumb/v6-m/nofp//libgcc.a(fixdfsi.o)
 .data          0x00000000200001d4        0x0 /usr/lib/gcc/arm-none-eabi/12.2.1/thumb/v6-m/nofp//libgcc.a(floatunsidf.o)
                0x00000000200001d4                . = ALIGN (0x4)
                0x00000000200001d4                _edata = .

.igot.plt       0x00000000200001d4        0x0 load address 0x0000000008007a34
 .igot.plt      0x00000000200001d4        0x0 main.o

.bss            0x00000000200001d4       0xbc load address 0x0000000008007a34
                0x00000000200001d4                _bss = .
 *(.bss*)
 .bss           0x00000000200001d4        0x0 main.o
 .bss           0x00000000200001d4        0x0 startup.o
 .bss           0x00000000200001d4       0xa4 serial.o
                0x00000000200001d4                ComRXBuffer
                0x0000000020000220                ComTXBuffer
                0x000000002000026c                ComOpen
                0x0000000020000270                ComError
                0x0000000020000274                ComBusy
 .bss           0x0000000020000278        0x0 adc.o
 .bss           0x0000000020000278        0x8 newlib_stubs.o
                0x0000000020000278                __env
 .bss           0x0000000020000280        0x4 /usr/lib/arm-none-eabi/newlib/thumb/v6-m/nofp//libnosys.a(errno.o)
                0x0000000020000280                errno
 .bss           0x0000000020000284        0x0 /usr/lib/gcc/arm-none-eabi/12.2.1/thumb/v6-m/nofp//libgcc.a(_divsi3.o)
 .bss           0x0000000020000284        0x0 /usr/lib/gcc/arm-none-eabi/12.2.1/thumb/v6-m/nofp//libgcc.a(_dvmd_tls.o)
 .bss           0x0000000020000284        0x0 /usr/lib/gcc/arm-none-eabi/12.2.1/thumb/v6-m/nofp//libgcc.a(divdf3.o)
 .bss           0x0000000020000284        0x0 /usr/lib/gcc/arm-none-eabi/12.2.1/thumb/v6-m/nofp//libgcc.a(muldf3.o)
 .bss           0x0000000020000284        0x0 /usr/lib/gcc/arm-none-eabi/12.2.1/thumb/v6-m/nofp//libgcc.a(floatsidf.o)
 .bss           0x0000000020000284        0x0 /usr/lib/gcc/arm-none-eabi/12.2.1/thumb/v6-m/nofp//libgcc.a(extendsfdf2.o)
 .bss           0x0000000020000284        0x0 /usr/lib/gcc/arm-none-eabi/12.2.1/thumb/v6-m/nofp//libgcc.a(truncdfsf2.o)
 .bss           0x0000000020000284        0x0 /usr/lib/gcc/arm-none-eabi/12.2.1/thumb/v6-m/nofp//libgcc.a(_udivsi3.o)
 .bss           0x0000000020000284        0x0 /usr/lib/gcc/arm-none-eabi/12.2.1/thumb/v6-m/nofp//libgcc.a(_clzsi2.o)
 .bss           0x0000000020000284        0x0 /usr/lib/arm-none-eabi/newlib/thumb/v6-m/nofp//libc_nano.a(lib_a-fflush.o)
 .bss           0x0000000020000284        0x0 /usr/lib/arm-none-eabi/newlib/thumb/v6-m/nofp//libc_nano.a(lib_a-findfp.o)
 .bss           0x0000000020000284        0x0 /usr/lib/arm-none-eabi/newlib/thumb/v6-m/nofp//libc_nano.a(lib_a-fwalk.o)
 .bss           0x0000000020000284        0x0 /usr/lib/arm-none-eabi/newlib/thumb/v6-m/nofp//libc_nano.a(lib_a-impure.o)
 .bss           0x0000000020000284        0x0 /usr/lib/arm-none-eabi/newlib/thumb/v6-m/nofp//libc_nano.a(lib_a-memset.o)
 .bss           0x0000000020000284        0x0 /usr/lib/arm-none-eabi/newlib/thumb/v6-m/nofp//libc_nano.a(lib_a-nano-freer.o)
 .bss           0x0000000020000284        0x8 /usr/lib/arm-none-eabi/newlib/thumb/v6-m/nofp//libc_nano.a(lib_a-nano-mallocr.o)
                0x0000000020000284                __malloc_free_list
                0x0000000020000288                __malloc_sbrk_start
 .bss           0x000000002000028c        0x0 /usr/lib/arm-none-eabi/newlib/thumb/v6-m/nofp//libc_nano.a(lib_a-nano-vfprintf_float.o)
 .bss           0x000000002000028c        0x0 /usr/lib/arm-none-eabi/newlib/thumb/v6-m/nofp//libc_nano.a(lib_a-nano-vfprintf_i.o)
 .bss           0x000000002000028c        0x0 /usr/lib/arm-none-eabi/newlib/thumb/v6-m/nofp//libc_nano.a(lib_a-printf.o)
 .bss           0x000000002000028c        0x0 /usr/lib/arm-none-eabi/newlib/thumb/v6-m/nofp//libc_nano.a(lib_a-puts.o)
 .bss           0x000000002000028c        0x0 /usr/lib/arm-none-eabi/newlib/thumb/v6-m/nofp//libc_nano.a(lib_a-sbrkr.o)
 .bss           0x000000002000028c        0x0 /usr/lib/arm-none-eabi/newlib/thumb/v6-m/nofp//libc_nano.a(lib_a-stdio.o)
 .bss           0x000000002000028c        0x0 /usr/lib/arm-none-eabi/newlib/thumb/v6-m/nofp//libc_nano.a(lib_a-strlen-stub.o)
 .bss           0x000000002000028c        0x0 /usr/lib/arm-none-eabi/newlib/thumb/v6-m/nofp//libc_nano.a(lib_a-wbuf.o)
 .bss           0x000000002000028c        0x0 /usr/lib/arm-none-eabi/newlib/thumb/v6-m/nofp//libc_nano.a(lib_a-writer.o)
 .bss           0x000000002000028c        0x0 /usr/lib/arm-none-eabi/newlib/thumb/v6-m/nofp//libc_nano.a(lib_a-wsetup.o)
 .bss           0x000000002000028c        0x0 /usr/lib/arm-none-eabi/newlib/thumb/v6-m/nofp//libc_nano.a(lib_a-closer.o)
 .bss           0x000000002000028c        0x0 /usr/lib/arm-none-eabi/newlib/thumb/v6-m/nofp//libc_nano.a(lib_a-dtoa.o)
 .bss           0x000000002000028c        0x0 /usr/lib/arm-none-eabi/newlib/thumb/v6-m/nofp//libc_nano.a(lib_a-localeconv.o)
 .bss           0x000000002000028c        0x0 /usr/lib/arm-none-eabi/newlib/thumb/v6-m/nofp//libc_nano.a(lib_a-lseekr.o)
 .bss           0x000000002000028c        0x0 /usr/lib/arm-none-eabi/newlib/thumb/v6-m/nofp//libc_nano.a(lib_a-makebuf.o)
 .bss           0x000000002000028c        0x0 /usr/lib/arm-none-eabi/newlib/thumb/v6-m/nofp//libc_nano.a(lib_a-malloc.o)
 .bss           0x000000002000028c        0x0 /usr/lib/arm-none-eabi/newlib/thumb/v6-m/nofp//libc_nano.a(lib_a-memchr-stub.o)
 .bss           0x000000002000028c        0x0 /usr/lib/arm-none-eabi/newlib/thumb/v6-m/nofp//libc_nano.a(lib_a-memcpy-stub.o)
 .bss           0x000000002000028c        0x0 /usr/lib/arm-none-eabi/newlib/thumb/v6-m/nofp//libc_nano.a(lib_a-mlock.o)
 .bss           0x000000002000028c        0x0 /usr/lib/arm-none-eabi/newlib/thumb/v6-m/nofp//libc_nano.a(lib_a-mprec.o)
 .bss           0x000000002000028c        0x0 /usr/lib/arm-none-eabi/newlib/thumb/v6-m/nofp//libc_nano.a(lib_a-nano-callocr.o)
 .bss           0x000000002000028c        0x0 /usr/lib/arm-none-eabi/newlib/thumb/v6-m/nofp//libc_nano.a(lib_a-nano-vfprintf.o)
 .bss           0x000000002000028c        0x0 /usr/lib/arm-none-eabi/newlib/thumb/v6-m/nofp//libc_nano.a(lib_a-readr.o)
 .bss           0x000000002000028c        0x0 /usr/lib/arm-none-eabi/newlib/thumb/v6-m/nofp//libc_nano.a(lib_a-assert.o)
 .bss           0x000000002000028c        0x0 /usr/lib/arm-none-eabi/newlib/thumb/v6-m/nofp//libc_nano.a(lib_a-fprintf.o)
 .bss           0x000000002000028c        0x0 /usr/lib/arm-none-eabi/newlib/thumb/v6-m/nofp//libc_nano.a(lib_a-fstatr.o)
 .bss           0x000000002000028c        0x0 /usr/lib/arm-none-eabi/newlib/thumb/v6-m/nofp//libc_nano.a(lib_a-fvwrite.o)
 .bss           0x000000002000028c        0x0 /usr/lib/arm-none-eabi/newlib/thumb/v6-m/nofp//libc_nano.a(lib_a-isattyr.o)
 .bss           0x000000002000028c        0x4 /usr/lib/arm-none-eabi/newlib/thumb/v6-m/nofp//libc_nano.a(lib_a-locale.o)
                0x000000002000028c                _PathLocale
 .bss           0x0000000020000290        0x0 /usr/lib/arm-none-eabi/newlib/thumb/v6-m/nofp//libc_nano.a(lib_a-mbtowc_r.o)
 .bss           0x0000000020000290        0x0 /usr/lib/arm-none-eabi/newlib/thumb/v6-m/nofp//libc_nano.a(lib_a-memmove.o)
 .bss           0x0000000020000290        0x0 /usr/lib/arm-none-eabi/newlib/thumb/v6-m/nofp//libc_nano.a(lib_a-nano-reallocr.o)
 .bss           0x0000000020000290        0x0 /usr/lib/arm-none-eabi/newlib/thumb/v6-m/nofp//libc_nano.a(lib_a-strcmp.o)
 .bss           0x0000000020000290        0x0 /usr/lib/arm-none-eabi/newlib/thumb/v6-m/nofp//libc_nano.a(lib_a-wctomb_r.o)
 .bss           0x0000000020000290        0x0 /usr/lib/arm-none-eabi/newlib/thumb/v6-m/nofp//libc_nano.a(lib_a-abort.o)
 .bss           0x0000000020000290        0x0 /usr/lib/arm-none-eabi/newlib/thumb/v6-m/nofp//libc_nano.a(lib_a-ctype_.o)
 .bss           0x0000000020000290        0x0 /usr/lib/arm-none-eabi/newlib/thumb/v6-m/nofp//libc_nano.a(lib_a-nano-msizer.o)
 .bss           0x0000000020000290        0x0 /usr/lib/arm-none-eabi/newlib/thumb/v6-m/nofp//libc_nano.a(lib_a-signal.o)
 .bss           0x0000000020000290        0x0 /usr/lib/arm-none-eabi/newlib/thumb/v6-m/nofp//libc_nano.a(lib_a-signalr.o)
 .bss           0x0000000020000290        0x0 /usr/lib/gcc/arm-none-eabi/12.2.1/thumb/v6-m/nofp//libgcc.a(_arm_cmpdf2.o)
 .bss           0x0000000020000290        0x0 /usr/lib/gcc/arm-none-eabi/12.2.1/thumb/v6-m/nofp//libgcc.a(adddf3.o)
 .bss           0x0000000020000290        0x0 /usr/lib/gcc/arm-none-eabi/12.2.1/thumb/v6-m/nofp//libgcc.a(eqdf2.o)
 .bss           0x0000000020000290        0x0 /usr/lib/gcc/arm-none-eabi/12.2.1/thumb/v6-m/nofp//libgcc.a(gedf2.o)
 .bss           0x0000000020000290        0x0 /usr/lib/gcc/arm-none-eabi/12.2.1/thumb/v6-m/nofp//libgcc.a(ledf2.o)
 .bss           0x0000000020000290        0x0 /usr/lib/gcc/arm-none-eabi/12.2.1/thumb/v6-m/nofp//libgcc.a(subdf3.o)
 .bss           0x0000000020000290        0x0 /usr/lib/gcc/arm-none-eabi/12.2.1/thumb/v6-m/nofp//libgcc.a(unorddf2.o)
 .bss           0x0000000020000290        0x0 /usr/lib/gcc/arm-none-eabi/12.2.1/thumb/v6-m/nofp//libgcc.a(fixdfsi.o)
 .bss           0x0000000020000290        0x0 /usr/lib/gcc/arm-none-eabi/12.2.1/thumb/v6-m/nofp//libgcc.a(floatunsidf.o)
 *(COMMON)
                0x0000000020000290                . = ALIGN (0x4)
                0x0000000020000290                _ebss = .
                [!provide]                        PROVIDE (end = .)
                0x0000000020000290                PROVIDE (_HeapStart = .)
                0x0000000020002000                PROVIDE (_StackTop = (ORIGIN (ram) + LENGTH (ram)))
OUTPUT(main.elf elf32-littlearm)
LOAD linker stubs

.debug_info     0x0000000000000000    0x20ad7
 .debug_info    0x0000000000000000      0xbf7 main.o
 .debug_info    0x0000000000000bf7      0x385 startup.o
 .debug_info    0x0000000000000f7c      0x792 serial.o
 .debug_info    0x000000000000170e      0x2cc adc.o
 .debug_info    0x00000000000019da      0x704 newlib_stubs.o
 .debug_info    0x00000000000020de       0x37 /usr/lib/arm-none-eabi/newlib/thumb/v6-m/nofp//libnosys.a(errno.o)
 .debug_info    0x0000000000002115       0x45 /usr/lib/gcc/arm-none-eabi/12.2.1/thumb/v6-m/nofp//libgcc.a(_divsi3.o)
 .debug_info    0x000000000000215a       0x39 /usr/lib/gcc/arm-none-eabi/12.2.1/thumb/v6-m/nofp//libgcc.a(_dvmd_tls.o)
 .debug_info    0x0000000000002193      0x7b2 /usr/lib/gcc/arm-none-eabi/12.2.1/thumb/v6-m/nofp//libgcc.a(divdf3.o)
 .debug_info    0x0000000000002945      0x7b5 /usr/lib/gcc/arm-none-eabi/12.2.1/thumb/v6-m/nofp//libgcc.a(muldf3.o)
 .debug_info    0x00000000000030fa      0x28f /usr/lib/gcc/arm-none-eabi/12.2.1/thumb/v6-m/nofp//libgcc.a(floatsidf.o)
 .debug_info    0x0000000000003389      0x26e /usr/lib/gcc/arm-none-eabi/12.2.1/thumb/v6-m/nofp//libgcc.a(extendsfdf2.o)
 .debug_info    0x00000000000035f7      0x286 /usr/lib/gcc/arm-none-eabi/12.2.1/thumb/v6-m/nofp//libgcc.a(truncdfsf2.o)
 .debug_info    0x000000000000387d       0x45 /usr/lib/gcc/arm-none-eabi/12.2.1/thumb/v6-m/nofp//libgcc.a(_udivsi3.o)
 .debug_info    0x00000000000038c2       0x2f /usr/lib/gcc/arm-none-eabi/12.2.1/thumb/v6-m/nofp//libgcc.a(_clzsi2.o)
 .debug_info    0x00000000000038f1      0xb34 /usr/lib/arm-none-eabi/newlib/thumb/v6-m/nofp//libc_nano.a(lib_a-fflush.o)
 .debug_info    0x0000000000004425      0xfb2 /usr/lib/arm-none-eabi/newlib/thumb/v6-m/nofp//libc_nano.a(lib_a-findfp.o)
 .debug_info    0x00000000000053d7      0x900 /usr/lib/arm-none-eabi/newlib/thumb/v6-m/nofp//libc_nano.a(lib_a-fwalk.o)
 .debug_info    0x0000000000005cd7      0x863 /usr/lib/arm-none-eabi/newlib/thumb/v6-m/nofp//libc_nano.a(lib_a-impure.o)
 .debug_info    0x000000000000653a      0x13d /usr/lib/arm-none-eabi/newlib/thumb/v6-m/nofp//libc_nano.a(lib_a-memset.o)
 .debug_info    0x0000000000006677      0x928 /usr/lib/arm-none-eabi/newlib/thumb/v6-m/nofp//libc_nano.a(lib_a-nano-freer.o)
 .debug_info    0x0000000000006f9f      0xa09 /usr/lib/arm-none-eabi/newlib/thumb/v6-m/nofp//libc_nano.a(lib_a-nano-mallocr.o)
 .debug_info    0x00000000000079a8     0x148f /usr/lib/arm-none-eabi/newlib/thumb/v6-m/nofp//libc_nano.a(lib_a-nano-vfprintf_float.o)
 .debug_info    0x0000000000008e37      0xeb3 /usr/lib/arm-none-eabi/newlib/thumb/v6-m/nofp//libc_nano.a(lib_a-nano-vfprintf_i.o)
 .debug_info    0x0000000000009cea      0x8fd /usr/lib/arm-none-eabi/newlib/thumb/v6-m/nofp//libc_nano.a(lib_a-printf.o)
 .debug_info    0x000000000000a5e7      0xa56 /usr/lib/arm-none-eabi/newlib/thumb/v6-m/nofp//libc_nano.a(lib_a-puts.o)
 .debug_info    0x000000000000b03d      0x828 /usr/lib/arm-none-eabi/newlib/thumb/v6-m/nofp//libc_nano.a(lib_a-sbrkr.o)
 .debug_info    0x000000000000b865      0xac1 /usr/lib/arm-none-eabi/newlib/thumb/v6-m/nofp//libc_nano.a(lib_a-stdio.o)
 .debug_info    0x000000000000c326       0xee /usr/lib/arm-none-eabi/newlib/thumb/v6-m/nofp//libc_nano.a(lib_a-strlen-stub.o)
 .debug_info    0x000000000000c414      0x998 /usr/lib/arm-none-eabi/newlib/thumb/v6-m/nofp//libc_nano.a(lib_a-wbuf.o)
 .debug_info    0x000000000000cdac      0x85a /usr/lib/arm-none-eabi/newlib/thumb/v6-m/nofp//libc_nano.a(lib_a-writer.o)
 .debug_info    0x000000000000d606      0x902 /usr/lib/arm-none-eabi/newlib/thumb/v6-m/nofp//libc_nano.a(lib_a-wsetup.o)
 .debug_info    0x000000000000df08      0x805 /usr/lib/arm-none-eabi/newlib/thumb/v6-m/nofp//libc_nano.a(lib_a-closer.o)
 .debug_info    0x000000000000e70d     0x1955 /usr/lib/arm-none-eabi/newlib/thumb/v6-m/nofp//libc_nano.a(lib_a-dtoa.o)
 .debug_info    0x0000000000010062      0xad8 /usr/lib/arm-none-eabi/newlib/thumb/v6-m/nofp//libc_nano.a(lib_a-localeconv.o)
 .debug_info    0x0000000000010b3a      0x83b /usr/lib/arm-none-eabi/newlib/thumb/v6-m/nofp//libc_nano.a(lib_a-lseekr.o)
 .debug_info    0x0000000000011375      0xc8c /usr/lib/arm-none-eabi/newlib/thumb/v6-m/nofp//libc_nano.a(lib_a-makebuf.o)
 .debug_info    0x0000000000012001      0x832 /usr/lib/arm-none-eabi/newlib/thumb/v6-m/nofp//libc_nano.a(lib_a-malloc.o)
 .debug_info    0x0000000000012833      0x14e /usr/lib/arm-none-eabi/newlib/thumb/v6-m/nofp//libc_nano.a(lib_a-memchr-stub.o)
 .debug_info    0x0000000000012981      0x15c /usr/lib/arm-none-eabi/newlib/thumb/v6-m/nofp//libc_nano.a(lib_a-memcpy-stub.o)
 .debug_info    0x0000000000012add      0x7dc /usr/lib/arm-none-eabi/newlib/thumb/v6-m/nofp//libc_nano.a(lib_a-mlock.o)
 .debug_info    0x00000000000132b9     0x2009 /usr/lib/arm-none-eabi/newlib/thumb/v6-m/nofp//libc_nano.a(lib_a-mprec.o)
 .debug_info    0x00000000000152c2      0x858 /usr/lib/arm-none-eabi/newlib/thumb/v6-m/nofp//libc_nano.a(lib_a-nano-callocr.o)
 .debug_info    0x0000000000015b1a     0x117b /usr/lib/arm-none-eabi/newlib/thumb/v6-m/nofp//libc_nano.a(lib_a-nano-vfprintf.o)
 .debug_info    0x0000000000016c95      0x853 /usr/lib/arm-none-eabi/newlib/thumb/v6-m/nofp//libc_nano.a(lib_a-readr.o)
 .debug_info    0x00000000000174e8      0x8be /usr/lib/arm-none-eabi/newlib/thumb/v6-m/nofp//libc_nano.a(lib_a-assert.o)
 .debug_info    0x0000000000017da6      0x902 /usr/lib/arm-none-eabi/newlib/thumb/v6-m/nofp//libc_nano.a(lib_a-fprintf.o)
 .debug_info    0x00000000000186a8      0xa1d /usr/lib/arm-none-eabi/newlib/thumb/v6-m/nofp//libc_nano.a(lib_a-fstatr.o)
 .debug_info    0x00000000000190c5      0xb5d /usr/lib/arm-none-eabi/newlib/thumb/v6-m/nofp//libc_nano.a(lib_a-fvwrite.o)
 .debug_info    0x0000000000019c22      0x805 /usr/lib/arm-none-eabi/newlib/thumb/v6-m/nofp//libc_nano.a(lib_a-isattyr.o)
 .debug_info    0x000000000001a427      0xc9e /usr/lib/arm-none-eabi/newlib/thumb/v6-m/nofp//libc_nano.a(lib_a-locale.o)
 .debug_info    0x000000000001b0c5      0xb67 /usr/lib/arm-none-eabi/newlib/thumb/v6-m/nofp//libc_nano.a(lib_a-mbtowc_r.o)
 .debug_info    0x000000000001bc2c      0x152 /usr/lib/arm-none-eabi/newlib/thumb/v6-m/nofp//libc_nano.a(lib_a-memmove.o)
 .debug_info    0x000000000001bd7e      0x910 /usr/lib/arm-none-eabi/newlib/thumb/v6-m/nofp//libc_nano.a(lib_a-nano-reallocr.o)
 .debug_info    0x000000000001c68e       0x26 /usr/lib/arm-none-eabi/newlib/thumb/v6-m/nofp//libc_nano.a(lib_a-strcmp.o)
 .debug_info    0x000000000001c6b4      0xb23 /usr/lib/arm-none-eabi/newlib/thumb/v6-m/nofp//libc_nano.a(lib_a-wctomb_r.o)
 .debug_info    0x000000000001d1d7       0xcb /usr/lib/arm-none-eabi/newlib/thumb/v6-m/nofp//libc_nano.a(lib_a-abort.o)
 .debug_info    0x000000000001d2a2       0xb8 /usr/lib/arm-none-eabi/newlib/thumb/v6-m/nofp//libc_nano.a(lib_a-ctype_.o)
 .debug_info    0x000000000001d35a      0x840 /usr/lib/arm-none-eabi/newlib/thumb/v6-m/nofp//libc_nano.a(lib_a-nano-msizer.o)
 .debug_info    0x000000000001db9a      0xdc3 /usr/lib/arm-none-eabi/newlib/thumb/v6-m/nofp//libc_nano.a(lib_a-signal.o)
 .debug_info    0x000000000001e95d      0x879 /usr/lib/arm-none-eabi/newlib/thumb/v6-m/nofp//libc_nano.a(lib_a-signalr.o)
 .debug_info    0x000000000001f1d6       0x75 /usr/lib/gcc/arm-none-eabi/12.2.1/thumb/v6-m/nofp//libgcc.a(_arm_cmpdf2.o)
 .debug_info    0x000000000001f24b      0x588 /usr/lib/gcc/arm-none-eabi/12.2.1/thumb/v6-m/nofp//libgcc.a(adddf3.o)
 .debug_info    0x000000000001f7d3      0x243 /usr/lib/gcc/arm-none-eabi/12.2.1/thumb/v6-m/nofp//libgcc.a(eqdf2.o)
 .debug_info    0x000000000001fa16      0x25f /usr/lib/gcc/arm-none-eabi/12.2.1/thumb/v6-m/nofp//libgcc.a(gedf2.o)
 .debug_info    0x000000000001fc75      0x25f /usr/lib/gcc/arm-none-eabi/12.2.1/thumb/v6-m/nofp//libgcc.a(ledf2.o)
 .debug_info    0x000000000001fed4      0x588 /usr/lib/gcc/arm-none-eabi/12.2.1/thumb/v6-m/nofp//libgcc.a(subdf3.o)
 .debug_info    0x000000000002045c      0x227 /usr/lib/gcc/arm-none-eabi/12.2.1/thumb/v6-m/nofp//libgcc.a(unorddf2.o)
 .debug_info    0x0000000000020683      0x1d0 /usr/lib/gcc/arm-none-eabi/12.2.1/thumb/v6-m/nofp//libgcc.a(fixdfsi.o)
 .debug_info    0x0000000000020853      0x284 /usr/lib/gcc/arm-none-eabi/12.2.1/thumb/v6-m/nofp//libgcc.a(floatunsidf.o)

.debug_abbrev   0x0000000000000000     0x72a1
 .debug_abbrev  0x0000000000000000      0x254 main.o
 .debug_abbrev  0x0000000000000254      0x1c2 startup.o
 .debug_abbrev  0x0000000000000416      0x208 serial.o
 .debug_abbrev  0x000000000000061e      0x113 adc.o
 .debug_abbrev  0x0000000000000731      0x1b3 newlib_stubs.o
 .debug_abbrev  0x00000000000008e4       0x2e /usr/lib/arm-none-eabi/newlib/thumb/v6-m/nofp//libnosys.a(errno.o)
 .debug_abbrev  0x0000000000000912       0x21 /usr/lib/gcc/arm-none-eabi/12.2.1/thumb/v6-m/nofp//libgcc.a(_divsi3.o)
 .debug_abbrev  0x0000000000000933       0x1f /usr/lib/gcc/arm-none-eabi/12.2.1/thumb/v6-m/nofp//libgcc.a(_dvmd_tls.o)
 .debug_abbrev  0x0000000000000952      0x16c /usr/lib/gcc/arm-none-eabi/12.2.1/thumb/v6-m/nofp//libgcc.a(divdf3.o)
 .debug_abbrev  0x0000000000000abe      0x17d /usr/lib/gcc/arm-none-eabi/12.2.1/thumb/v6-m/nofp//libgcc.a(muldf3.o)
 .debug_abbrev  0x0000000000000c3b      0x178 /usr/lib/gcc/arm-none-eabi/12.2.1/thumb/v6-m/nofp//libgcc.a(floatsidf.o)
 .debug_abbrev  0x0000000000000db3      0x146 /usr/lib/gcc/arm-none-eabi/12.2.1/thumb/v6-m/nofp//libgcc.a(extendsfdf2.o)
 .debug_abbrev  0x0000000000000ef9      0x137 /usr/lib/gcc/arm-none-eabi/12.2.1/thumb/v6-m/nofp//libgcc.a(truncdfsf2.o)
 .debug_abbrev  0x0000000000001030       0x21 /usr/lib/gcc/arm-none-eabi/12.2.1/thumb/v6-m/nofp//libgcc.a(_udivsi3.o)
 .debug_abbrev  0x0000000000001051       0x21 /usr/lib/gcc/arm-none-eabi/12.2.1/thumb/v6-m/nofp//libgcc.a(_clzsi2.o)
 .debug_abbrev  0x0000000000001072      0x2ba /usr/lib/arm-none-eabi/newlib/thumb/v6-m/nofp//libc_nano.a(lib_a-fflush.o)
 .debug_abbrev  0x000000000000132c      0x3bc /usr/lib/arm-none-eabi/newlib/thumb/v6-m/nofp//libc_nano.a(lib_a-findfp.o)
 .debug_abbrev  0x00000000000016e8      0x197 /usr/lib/arm-none-eabi/newlib/thumb/v6-m/nofp//libc_nano.a(lib_a-fwalk.o)
 .debug_abbrev  0x000000000000187f      0x151 /usr/lib/arm-none-eabi/newlib/thumb/v6-m/nofp//libc_nano.a(lib_a-impure.o)
 .debug_abbrev  0x00000000000019d0       0xb4 /usr/lib/arm-none-eabi/newlib/thumb/v6-m/nofp//libc_nano.a(lib_a-memset.o)
 .debug_abbrev  0x0000000000001a84      0x232 /usr/lib/arm-none-eabi/newlib/thumb/v6-m/nofp//libc_nano.a(lib_a-nano-freer.o)
 .debug_abbrev  0x0000000000001cb6      0x297 /usr/lib/arm-none-eabi/newlib/thumb/v6-m/nofp//libc_nano.a(lib_a-nano-mallocr.o)
 .debug_abbrev  0x0000000000001f4d      0x2e2 /usr/lib/arm-none-eabi/newlib/thumb/v6-m/nofp//libc_nano.a(lib_a-nano-vfprintf_float.o)
 .debug_abbrev  0x000000000000222f      0x292 /usr/lib/arm-none-eabi/newlib/thumb/v6-m/nofp//libc_nano.a(lib_a-nano-vfprintf_i.o)
 .debug_abbrev  0x00000000000024c1      0x23e /usr/lib/arm-none-eabi/newlib/thumb/v6-m/nofp//libc_nano.a(lib_a-printf.o)
 .debug_abbrev  0x00000000000026ff      0x279 /usr/lib/arm-none-eabi/newlib/thumb/v6-m/nofp//libc_nano.a(lib_a-puts.o)
 .debug_abbrev  0x0000000000002978      0x1d6 /usr/lib/arm-none-eabi/newlib/thumb/v6-m/nofp//libc_nano.a(lib_a-sbrkr.o)
 .debug_abbrev  0x0000000000002b4e      0x1db /usr/lib/arm-none-eabi/newlib/thumb/v6-m/nofp//libc_nano.a(lib_a-stdio.o)
 .debug_abbrev  0x0000000000002d29       0x8f /usr/lib/arm-none-eabi/newlib/thumb/v6-m/nofp//libc_nano.a(lib_a-strlen-stub.o)
 .debug_abbrev  0x0000000000002db8      0x211 /usr/lib/arm-none-eabi/newlib/thumb/v6-m/nofp//libc_nano.a(lib_a-wbuf.o)
 .debug_abbrev  0x0000000000002fc9      0x1b0 /usr/lib/arm-none-eabi/newlib/thumb/v6-m/nofp//libc_nano.a(lib_a-writer.o)
 .debug_abbrev  0x0000000000003179      0x1d4 /usr/lib/arm-none-eabi/newlib/thumb/v6-m/nofp//libc_nano.a(lib_a-wsetup.o)
 .debug_abbrev  0x000000000000334d      0x1ab /usr/lib/arm-none-eabi/newlib/thumb/v6-m/nofp//libc_nano.a(lib_a-closer.o)
 .debug_abbrev  0x00000000000034f8      0x30b /usr/lib/arm-none-eabi/newlib/thumb/v6-m/nofp//libc_nano.a(lib_a-dtoa.o)
 .debug_abbrev  0x0000000000003803      0x225 /usr/lib/arm-none-eabi/newlib/thumb/v6-m/nofp//libc_nano.a(lib_a-localeconv.o)
 .debug_abbrev  0x0000000000003a28      0x1bf /usr/lib/arm-none-eabi/newlib/thumb/v6-m/nofp//libc_nano.a(lib_a-lseekr.o)
 .debug_abbrev  0x0000000000003be7      0x290 /usr/lib/arm-none-eabi/newlib/thumb/v6-m/nofp//libc_nano.a(lib_a-makebuf.o)
 .debug_abbrev  0x0000000000003e77      0x1b3 /usr/lib/arm-none-eabi/newlib/thumb/v6-m/nofp//libc_nano.a(lib_a-malloc.o)
 .debug_abbrev  0x000000000000402a       0xd4 /usr/lib/arm-none-eabi/newlib/thumb/v6-m/nofp//libc_nano.a(lib_a-memchr-stub.o)
 .debug_abbrev  0x00000000000040fe       0xc7 /usr/lib/arm-none-eabi/newlib/thumb/v6-m/nofp//libc_nano.a(lib_a-memcpy-stub.o)
 .debug_abbrev  0x00000000000041c5      0x189 /usr/lib/arm-none-eabi/newlib/thumb/v6-m/nofp//libc_nano.a(lib_a-mlock.o)
 .debug_abbrev  0x000000000000434e      0x423 /usr/lib/arm-none-eabi/newlib/thumb/v6-m/nofp//libc_nano.a(lib_a-mprec.o)
 .debug_abbrev  0x0000000000004771      0x1b9 /usr/lib/arm-none-eabi/newlib/thumb/v6-m/nofp//libc_nano.a(lib_a-nano-callocr.o)
 .debug_abbrev  0x000000000000492a      0x330 /usr/lib/arm-none-eabi/newlib/thumb/v6-m/nofp//libc_nano.a(lib_a-nano-vfprintf.o)
 .debug_abbrev  0x0000000000004c5a      0x1ab /usr/lib/arm-none-eabi/newlib/thumb/v6-m/nofp//libc_nano.a(lib_a-readr.o)
 .debug_abbrev  0x0000000000004e05      0x1c3 /usr/lib/arm-none-eabi/newlib/thumb/v6-m/nofp//libc_nano.a(lib_a-assert.o)
 .debug_abbrev  0x0000000000004fc8      0x213 /usr/lib/arm-none-eabi/newlib/thumb/v6-m/nofp//libc_nano.a(lib_a-fprintf.o)
 .debug_abbrev  0x00000000000051db      0x1bf /usr/lib/arm-none-eabi/newlib/thumb/v6-m/nofp//libc_nano.a(lib_a-fstatr.o)
 .debug_abbrev  0x000000000000539a      0x20f /usr/lib/arm-none-eabi/newlib/thumb/v6-m/nofp//libc_nano.a(lib_a-fvwrite.o)
 .debug_abbrev  0x00000000000055a9      0x1ab /usr/lib/arm-none-eabi/newlib/thumb/v6-m/nofp//libc_nano.a(lib_a-isattyr.o)
 .debug_abbrev  0x0000000000005754      0x2b0 /usr/lib/arm-none-eabi/newlib/thumb/v6-m/nofp//libc_nano.a(lib_a-locale.o)
 .debug_abbrev  0x0000000000005a04      0x224 /usr/lib/arm-none-eabi/newlib/thumb/v6-m/nofp//libc_nano.a(lib_a-mbtowc_r.o)
 .debug_abbrev  0x0000000000005c28       0xc0 /usr/lib/arm-none-eabi/newlib/thumb/v6-m/nofp//libc_nano.a(lib_a-memmove.o)
 .debug_abbrev  0x0000000000005ce8      0x1d3 /usr/lib/arm-none-eabi/newlib/thumb/v6-m/nofp//libc_nano.a(lib_a-nano-reallocr.o)
 .debug_abbrev  0x0000000000005ebb       0x14 /usr/lib/arm-none-eabi/newlib/thumb/v6-m/nofp//libc_nano.a(lib_a-strcmp.o)
 .debug_abbrev  0x0000000000005ecf      0x20c /usr/lib/arm-none-eabi/newlib/thumb/v6-m/nofp//libc_nano.a(lib_a-wctomb_r.o)
 .debug_abbrev  0x00000000000060db       0x80 /usr/lib/arm-none-eabi/newlib/thumb/v6-m/nofp//libc_nano.a(lib_a-abort.o)
 .debug_abbrev  0x000000000000615b       0x62 /usr/lib/arm-none-eabi/newlib/thumb/v6-m/nofp//libc_nano.a(lib_a-ctype_.o)
 .debug_abbrev  0x00000000000061bd      0x191 /usr/lib/arm-none-eabi/newlib/thumb/v6-m/nofp//libc_nano.a(lib_a-nano-msizer.o)
 .debug_abbrev  0x000000000000634e      0x2ac /usr/lib/arm-none-eabi/newlib/thumb/v6-m/nofp//libc_nano.a(lib_a-signal.o)
 .debug_abbrev  0x00000000000065fa      0x1c9 /usr/lib/arm-none-eabi/newlib/thumb/v6-m/nofp//libc_nano.a(lib_a-signalr.o)
 .debug_abbrev  0x00000000000067c3       0x21 /usr/lib/gcc/arm-none-eabi/12.2.1/thumb/v6-m/nofp//libgcc.a(_arm_cmpdf2.o)
 .debug_abbrev  0x00000000000067e4      0x16e /usr/lib/gcc/arm-none-eabi/12.2.1/thumb/v6-m/nofp//libgcc.a(adddf3.o)
 .debug_abbrev  0x0000000000006952      0x157 /usr/lib/gcc/arm-none-eabi/12.2.1/thumb/v6-m/nofp//libgcc.a(eqdf2.o)
 .debug_abbrev  0x0000000000006aa9      0x136 /usr/lib/gcc/arm-none-eabi/12.2.1/thumb/v6-m/nofp//libgcc.a(gedf2.o)
 .debug_abbrev  0x0000000000006bdf      0x136 /usr/lib/gcc/arm-none-eabi/12.2.1/thumb/v6-m/nofp//libgcc.a(ledf2.o)
 .debug_abbrev  0x0000000000006d15      0x16e /usr/lib/gcc/arm-none-eabi/12.2.1/thumb/v6-m/nofp//libgcc.a(subdf3.o)
 .debug_abbrev  0x0000000000006e83      0x154 /usr/lib/gcc/arm-none-eabi/12.2.1/thumb/v6-m/nofp//libgcc.a(unorddf2.o)
 .debug_abbrev  0x0000000000006fd7      0x153 /usr/lib/gcc/arm-none-eabi/12.2.1/thumb/v6-m/nofp//libgcc.a(fixdfsi.o)
 .debug_abbrev  0x000000000000712a      0x177 /usr/lib/gcc/arm-none-eabi/12.2.1/thumb/v6-m/nofp//libgcc.a(floatunsidf.o)

.debug_aranges  0x0000000000000000      0x8b0
 .debug_aranges
                0x0000000000000000       0x20 main.o
 .debug_aranges
                0x0000000000000020       0x28 startup.o
 .debug_aranges
                0x0000000000000048       0x20 serial.o
 .debug_aranges
                0x0000000000000068       0x20 adc.o
 .debug_aranges
                0x0000000000000088       0x20 newlib_stubs.o
 .debug_aranges
                0x00000000000000a8       0x18 /usr/lib/arm-none-eabi/newlib/thumb/v6-m/nofp//libnosys.a(errno.o)
 .debug_aranges
                0x00000000000000c0       0x20 /usr/lib/gcc/arm-none-eabi/12.2.1/thumb/v6-m/nofp//libgcc.a(_divsi3.o)
 .debug_aranges
                0x00000000000000e0       0x20 /usr/lib/gcc/arm-none-eabi/12.2.1/thumb/v6-m/nofp//libgcc.a(_dvmd_tls.o)
 .debug_aranges
                0x0000000000000100       0x20 /usr/lib/gcc/arm-none-eabi/12.2.1/thumb/v6-m/nofp//libgcc.a(divdf3.o)
 .debug_aranges
                0x0000000000000120       0x20 /usr/lib/gcc/arm-none-eabi/12.2.1/thumb/v6-m/nofp//libgcc.a(muldf3.o)
 .debug_aranges
                0x0000000000000140       0x20 /usr/lib/gcc/arm-none-eabi/12.2.1/thumb/v6-m/nofp//libgcc.a(floatsidf.o)
 .debug_aranges
                0x0000000000000160       0x20 /usr/lib/gcc/arm-none-eabi/12.2.1/thumb/v6-m/nofp//libgcc.a(extendsfdf2.o)
 .debug_aranges
                0x0000000000000180       0x20 /usr/lib/gcc/arm-none-eabi/12.2.1/thumb/v6-m/nofp//libgcc.a(truncdfsf2.o)
 .debug_aranges
                0x00000000000001a0       0x20 /usr/lib/gcc/arm-none-eabi/12.2.1/thumb/v6-m/nofp//libgcc.a(_udivsi3.o)
 .debug_aranges
                0x00000000000001c0       0x20 /usr/lib/gcc/arm-none-eabi/12.2.1/thumb/v6-m/nofp//libgcc.a(_clzsi2.o)
 .debug_aranges
                0x00000000000001e0       0x20 /usr/lib/arm-none-eabi/newlib/thumb/v6-m/nofp//libc_nano.a(lib_a-fflush.o)
 .debug_aranges
                0x0000000000000200       0x20 /usr/lib/arm-none-eabi/newlib/thumb/v6-m/nofp//libc_nano.a(lib_a-findfp.o)
 .debug_aranges
                0x0000000000000220       0x20 /usr/lib/arm-none-eabi/newlib/thumb/v6-m/nofp//libc_nano.a(lib_a-fwalk.o)
 .debug_aranges
                0x0000000000000240       0x18 /usr/lib/arm-none-eabi/newlib/thumb/v6-m/nofp//libc_nano.a(lib_a-impure.o)
 .debug_aranges
                0x0000000000000258       0x20 /usr/lib/arm-none-eabi/newlib/thumb/v6-m/nofp//libc_nano.a(lib_a-memset.o)
 .debug_aranges
                0x0000000000000278       0x20 /usr/lib/arm-none-eabi/newlib/thumb/v6-m/nofp//libc_nano.a(lib_a-nano-freer.o)
 .debug_aranges
                0x0000000000000298       0x20 /usr/lib/arm-none-eabi/newlib/thumb/v6-m/nofp//libc_nano.a(lib_a-nano-mallocr.o)
 .debug_aranges
                0x00000000000002b8       0x20 /usr/lib/arm-none-eabi/newlib/thumb/v6-m/nofp//libc_nano.a(lib_a-nano-vfprintf_float.o)
 .debug_aranges
                0x00000000000002d8       0x20 /usr/lib/arm-none-eabi/newlib/thumb/v6-m/nofp//libc_nano.a(lib_a-nano-vfprintf_i.o)
 .debug_aranges
                0x00000000000002f8       0x20 /usr/lib/arm-none-eabi/newlib/thumb/v6-m/nofp//libc_nano.a(lib_a-printf.o)
 .debug_aranges
                0x0000000000000318       0x20 /usr/lib/arm-none-eabi/newlib/thumb/v6-m/nofp//libc_nano.a(lib_a-puts.o)
 .debug_aranges
                0x0000000000000338       0x20 /usr/lib/arm-none-eabi/newlib/thumb/v6-m/nofp//libc_nano.a(lib_a-sbrkr.o)
 .debug_aranges
                0x0000000000000358       0x20 /usr/lib/arm-none-eabi/newlib/thumb/v6-m/nofp//libc_nano.a(lib_a-stdio.o)
 .debug_aranges
                0x0000000000000378       0x20 /usr/lib/arm-none-eabi/newlib/thumb/v6-m/nofp//libc_nano.a(lib_a-strlen-stub.o)
 .debug_aranges
                0x0000000000000398       0x20 /usr/lib/arm-none-eabi/newlib/thumb/v6-m/nofp//libc_nano.a(lib_a-wbuf.o)
 .debug_aranges
                0x00000000000003b8       0x20 /usr/lib/arm-none-eabi/newlib/thumb/v6-m/nofp//libc_nano.a(lib_a-writer.o)
 .debug_aranges
                0x00000000000003d8       0x20 /usr/lib/arm-none-eabi/newlib/thumb/v6-m/nofp//libc_nano.a(lib_a-wsetup.o)
 .debug_aranges
                0x00000000000003f8       0x20 /usr/lib/arm-none-eabi/newlib/thumb/v6-m/nofp//libc_nano.a(lib_a-closer.o)
 .debug_aranges
                0x0000000000000418       0x20 /usr/lib/arm-none-eabi/newlib/thumb/v6-m/nofp//libc_nano.a(lib_a-dtoa.o)
 .debug_aranges
                0x0000000000000438       0x20 /usr/lib/arm-none-eabi/newlib/thumb/v6-m/nofp//libc_nano.a(lib_a-localeconv.o)
 .debug_aranges
                0x0000000000000458       0x20 /usr/lib/arm-none-eabi/newlib/thumb/v6-m/nofp//libc_nano.a(lib_a-lseekr.o)
 .debug_aranges
                0x0000000000000478       0x20 /usr/lib/arm-none-eabi/newlib/thumb/v6-m/nofp//libc_nano.a(lib_a-makebuf.o)
 .debug_aranges
                0x0000000000000498       0x20 /usr/lib/arm-none-eabi/newlib/thumb/v6-m/nofp//libc_nano.a(lib_a-malloc.o)
 .debug_aranges
                0x00000000000004b8       0x20 /usr/lib/arm-none-eabi/newlib/thumb/v6-m/nofp//libc_nano.a(lib_a-memchr-stub.o)
 .debug_aranges
                0x00000000000004d8       0x20 /usr/lib/arm-none-eabi/newlib/thumb/v6-m/nofp//libc_nano.a(lib_a-memcpy-stub.o)
 .debug_aranges
                0x00000000000004f8       0x20 /usr/lib/arm-none-eabi/newlib/thumb/v6-m/nofp//libc_nano.a(lib_a-mlock.o)
 .debug_aranges
                0x0000000000000518       0x20 /usr/lib/arm-none-eabi/newlib/thumb/v6-m/nofp//libc_nano.a(lib_a-mprec.o)
 .debug_aranges
                0x0000000000000538       0x20 /usr/lib/arm-none-eabi/newlib/thumb/v6-m/nofp//libc_nano.a(lib_a-nano-callocr.o)
 .debug_aranges
                0x0000000000000558       0x20 /usr/lib/arm-none-eabi/newlib/thumb/v6-m/nofp//libc_nano.a(lib_a-nano-vfprintf.o)
 .debug_aranges
                0x0000000000000578       0x20 /usr/lib/arm-none-eabi/newlib/thumb/v6-m/nofp//libc_nano.a(lib_a-readr.o)
 .debug_aranges
                0x0000000000000598       0x20 /usr/lib/arm-none-eabi/newlib/thumb/v6-m/nofp//libc_nano.a(lib_a-assert.o)
 .debug_aranges
                0x00000000000005b8       0x20 /usr/lib/arm-none-eabi/newlib/thumb/v6-m/nofp//libc_nano.a(lib_a-fprintf.o)
 .debug_aranges
                0x00000000000005d8       0x20 /usr/lib/arm-none-eabi/newlib/thumb/v6-m/nofp//libc_nano.a(lib_a-fstatr.o)
 .debug_aranges
                0x00000000000005f8       0x20 /usr/lib/arm-none-eabi/newlib/thumb/v6-m/nofp//libc_nano.a(lib_a-fvwrite.o)
 .debug_aranges
                0x0000000000000618       0x20 /usr/lib/arm-none-eabi/newlib/thumb/v6-m/nofp//libc_nano.a(lib_a-isattyr.o)
 .debug_aranges
                0x0000000000000638       0x20 /usr/lib/arm-none-eabi/newlib/thumb/v6-m/nofp//libc_nano.a(lib_a-locale.o)
 .debug_aranges
                0x0000000000000658       0x20 /usr/lib/arm-none-eabi/newlib/thumb/v6-m/nofp//libc_nano.a(lib_a-mbtowc_r.o)
 .debug_aranges
                0x0000000000000678       0x20 /usr/lib/arm-none-eabi/newlib/thumb/v6-m/nofp//libc_nano.a(lib_a-memmove.o)
 .debug_aranges
                0x0000000000000698       0x20 /usr/lib/arm-none-eabi/newlib/thumb/v6-m/nofp//libc_nano.a(lib_a-nano-reallocr.o)
 .debug_aranges
                0x00000000000006b8       0x20 /usr/lib/arm-none-eabi/newlib/thumb/v6-m/nofp//libc_nano.a(lib_a-strcmp.o)
 .debug_aranges
                0x00000000000006d8       0x20 /usr/lib/arm-none-eabi/newlib/thumb/v6-m/nofp//libc_nano.a(lib_a-wctomb_r.o)
 .debug_aranges
                0x00000000000006f8       0x20 /usr/lib/arm-none-eabi/newlib/thumb/v6-m/nofp//libc_nano.a(lib_a-abort.o)
 .debug_aranges
                0x0000000000000718       0x18 /usr/lib/arm-none-eabi/newlib/thumb/v6-m/nofp//libc_nano.a(lib_a-ctype_.o)
 .debug_aranges
                0x0000000000000730       0x20 /usr/lib/arm-none-eabi/newlib/thumb/v6-m/nofp//libc_nano.a(lib_a-nano-msizer.o)
 .debug_aranges
                0x0000000000000750       0x20 /usr/lib/arm-none-eabi/newlib/thumb/v6-m/nofp//libc_nano.a(lib_a-signal.o)
 .debug_aranges
                0x0000000000000770       0x20 /usr/lib/arm-none-eabi/newlib/thumb/v6-m/nofp//libc_nano.a(lib_a-signalr.o)
 .debug_aranges
                0x0000000000000790       0x20 /usr/lib/gcc/arm-none-eabi/12.2.1/thumb/v6-m/nofp//libgcc.a(_arm_cmpdf2.o)
 .debug_aranges
                0x00000000000007b0       0x20 /usr/lib/gcc/arm-none-eabi/12.2.1/thumb/v6-m/nofp//libgcc.a(adddf3.o)
 .debug_aranges
                0x00000000000007d0       0x20 /usr/lib/gcc/arm-none-eabi/12.2.1/thumb/v6-m/nofp//libgcc.a(eqdf2.o)
 .debug_aranges
                0x00000000000007f0       0x20 /usr/lib/gcc/arm-none-eabi/12.2.1/thumb/v6-m/nofp//libgcc.a(gedf2.o)
 .debug_aranges
                0x0000000000000810       0x20 /usr/lib/gcc/arm-none-eabi/12.2.1/thumb/v6-m/nofp//libgcc.a(ledf2.o)
 .debug_aranges
                0x0000000000000830       0x20 /usr/lib/gcc/arm-none-eabi/12.2.1/thumb/v6-m/nofp//libgcc.a(subdf3.o)
 .debug_aranges
                0x0000000000000850       0x20 /usr/lib/gcc/arm-none-eabi/12.2.1/thumb/v6-m/nofp//libgcc.a(unorddf2.o)
 .debug_aranges
                0x0000000000000870       0x20 /usr/lib/gcc/arm-none-eabi/12.2.1/thumb/v6-m/nofp//libgcc.a(fixdfsi.o)
 .debug_aranges
                0x0000000000000890       0x20 /usr/lib/gcc/arm-none-eabi/12.2.1/thumb/v6-m/nofp//libgcc.a(floatunsidf.o)

.debug_line     0x0000000000000000     0xf183
 .debug_line    0x0000000000000000      0x20c main.o
 .debug_line    0x000000000000020c      0x228 startup.o
 .debug_line    0x0000000000000434      0x459 serial.o
 .debug_line    0x000000000000088d      0x13d adc.o
 .debug_line    0x00000000000009ca      0x25a newlib_stubs.o
 .debug_line    0x0000000000000c24       0x4f /usr/lib/arm-none-eabi/newlib/thumb/v6-m/nofp//libnosys.a(errno.o)
 .debug_line    0x0000000000000c73       0x5d /usr/lib/gcc/arm-none-eabi/12.2.1/thumb/v6-m/nofp//libgcc.a(_divsi3.o)
 .debug_line    0x0000000000000cd0       0x4a /usr/lib/gcc/arm-none-eabi/12.2.1/thumb/v6-m/nofp//libgcc.a(_dvmd_tls.o)
 .debug_line    0x0000000000000d1a      0xb13 /usr/lib/gcc/arm-none-eabi/12.2.1/thumb/v6-m/nofp//libgcc.a(divdf3.o)
 .debug_line    0x000000000000182d      0x9ef /usr/lib/gcc/arm-none-eabi/12.2.1/thumb/v6-m/nofp//libgcc.a(muldf3.o)
 .debug_line    0x000000000000221c      0x1be /usr/lib/gcc/arm-none-eabi/12.2.1/thumb/v6-m/nofp//libgcc.a(floatsidf.o)
 .debug_line    0x00000000000023da      0x26b /usr/lib/gcc/arm-none-eabi/12.2.1/thumb/v6-m/nofp//libgcc.a(extendsfdf2.o)
 .debug_line    0x0000000000002645      0x384 /usr/lib/gcc/arm-none-eabi/12.2.1/thumb/v6-m/nofp//libgcc.a(truncdfsf2.o)
 .debug_line    0x00000000000029c9       0x56 /usr/lib/gcc/arm-none-eabi/12.2.1/thumb/v6-m/nofp//libgcc.a(_udivsi3.o)
 .debug_line    0x0000000000002a1f       0x5e /usr/lib/gcc/arm-none-eabi/12.2.1/thumb/v6-m/nofp//libgcc.a(_clzsi2.o)
 .debug_line    0x0000000000002a7d      0x499 /usr/lib/arm-none-eabi/newlib/thumb/v6-m/nofp//libc_nano.a(lib_a-fflush.o)
 .debug_line    0x0000000000002f16      0x619 /usr/lib/arm-none-eabi/newlib/thumb/v6-m/nofp//libc_nano.a(lib_a-findfp.o)
 .debug_line    0x000000000000352f      0x268 /usr/lib/arm-none-eabi/newlib/thumb/v6-m/nofp//libc_nano.a(lib_a-fwalk.o)
 .debug_line    0x0000000000003797       0xe4 /usr/lib/arm-none-eabi/newlib/thumb/v6-m/nofp//libc_nano.a(lib_a-impure.o)
 .debug_line    0x000000000000387b      0x1ce /usr/lib/arm-none-eabi/newlib/thumb/v6-m/nofp//libc_nano.a(lib_a-memset.o)
 .debug_line    0x0000000000003a49      0x2d0 /usr/lib/arm-none-eabi/newlib/thumb/v6-m/nofp//libc_nano.a(lib_a-nano-freer.o)
 .debug_line    0x0000000000003d19      0x2ca /usr/lib/arm-none-eabi/newlib/thumb/v6-m/nofp//libc_nano.a(lib_a-nano-mallocr.o)
 .debug_line    0x0000000000003fe3      0xab3 /usr/lib/arm-none-eabi/newlib/thumb/v6-m/nofp//libc_nano.a(lib_a-nano-vfprintf_float.o)
 .debug_line    0x0000000000004a96      0x718 /usr/lib/arm-none-eabi/newlib/thumb/v6-m/nofp//libc_nano.a(lib_a-nano-vfprintf_i.o)
 .debug_line    0x00000000000051ae      0x21f /usr/lib/arm-none-eabi/newlib/thumb/v6-m/nofp//libc_nano.a(lib_a-printf.o)
 .debug_line    0x00000000000053cd      0x341 /usr/lib/arm-none-eabi/newlib/thumb/v6-m/nofp//libc_nano.a(lib_a-puts.o)
 .debug_line    0x000000000000570e      0x183 /usr/lib/arm-none-eabi/newlib/thumb/v6-m/nofp//libc_nano.a(lib_a-sbrkr.o)
 .debug_line    0x0000000000005891      0x238 /usr/lib/arm-none-eabi/newlib/thumb/v6-m/nofp//libc_nano.a(lib_a-stdio.o)
 .debug_line    0x0000000000005ac9      0x172 /usr/lib/arm-none-eabi/newlib/thumb/v6-m/nofp//libc_nano.a(lib_a-strlen-stub.o)
 .debug_line    0x0000000000005c3b      0x2c1 /usr/lib/arm-none-eabi/newlib/thumb/v6-m/nofp//libc_nano.a(lib_a-wbuf.o)
 .debug_line    0x0000000000005efc      0x17e /usr/lib/arm-none-eabi/newlib/thumb/v6-m/nofp//libc_nano.a(lib_a-writer.o)
 .debug_line    0x000000000000607a      0x35c /usr/lib/arm-none-eabi/newlib/thumb/v6-m/nofp//libc_nano.a(lib_a-wsetup.o)
 .debug_line    0x00000000000063d6      0x183 /usr/lib/arm-none-eabi/newlib/thumb/v6-m/nofp//libc_nano.a(lib_a-closer.o)
 .debug_line    0x0000000000006559     0x1678 /usr/lib/arm-none-eabi/newlib/thumb/v6-m/nofp//libc_nano.a(lib_a-dtoa.o)
 .debug_line    0x0000000000007bd1      0x1c3 /usr/lib/arm-none-eabi/newlib/thumb/v6-m/nofp//libc_nano.a(lib_a-localeconv.o)
 .debug_line    0x0000000000007d94      0x17e /usr/lib/arm-none-eabi/newlib/thumb/v6-m/nofp//libc_nano.a(lib_a-lseekr.o)
 .debug_line    0x0000000000007f12      0x346 /usr/lib/arm-none-eabi/newlib/thumb/v6-m/nofp//libc_nano.a(lib_a-makebuf.o)
 .debug_line    0x0000000000008258      0x165 /usr/lib/arm-none-eabi/newlib/thumb/v6-m/nofp//libc_nano.a(lib_a-malloc.o)
 .debug_line    0x00000000000083bd      0x1b1 /usr/lib/arm-none-eabi/newlib/thumb/v6-m/nofp//libc_nano.a(lib_a-memchr-stub.o)
 .debug_line    0x000000000000856e      0x1b5 /usr/lib/arm-none-eabi/newlib/thumb/v6-m/nofp//libc_nano.a(lib_a-memcpy-stub.o)
 .debug_line    0x0000000000008723      0x13e /usr/lib/arm-none-eabi/newlib/thumb/v6-m/nofp//libc_nano.a(lib_a-mlock.o)
 .debug_line    0x0000000000008861     0x17ce /usr/lib/arm-none-eabi/newlib/thumb/v6-m/nofp//libc_nano.a(lib_a-mprec.o)
 .debug_line    0x000000000000a02f      0x176 /usr/lib/arm-none-eabi/newlib/thumb/v6-m/nofp//libc_nano.a(lib_a-nano-callocr.o)
 .debug_line    0x000000000000a1a5      0x736 /usr/lib/arm-none-eabi/newlib/thumb/v6-m/nofp//libc_nano.a(lib_a-nano-vfprintf.o)
 .debug_line    0x000000000000a8db      0x17d /usr/lib/arm-none-eabi/newlib/thumb/v6-m/nofp//libc_nano.a(lib_a-readr.o)
 .debug_line    0x000000000000aa58      0x18b /usr/lib/arm-none-eabi/newlib/thumb/v6-m/nofp//libc_nano.a(lib_a-assert.o)
 .debug_line    0x000000000000abe3      0x196 /usr/lib/arm-none-eabi/newlib/thumb/v6-m/nofp//libc_nano.a(lib_a-fprintf.o)
 .debug_line    0x000000000000ad79      0x1fc /usr/lib/arm-none-eabi/newlib/thumb/v6-m/nofp//libc_nano.a(lib_a-fstatr.o)
 .debug_line    0x000000000000af75      0x648 /usr/lib/arm-none-eabi/newlib/thumb/v6-m/nofp//libc_nano.a(lib_a-fvwrite.o)
 .debug_line    0x000000000000b5bd      0x184 /usr/lib/arm-none-eabi/newlib/thumb/v6-m/nofp//libc_nano.a(lib_a-isattyr.o)
 .debug_line    0x000000000000b741      0x245 /usr/lib/arm-none-eabi/newlib/thumb/v6-m/nofp//libc_nano.a(lib_a-locale.o)
 .debug_line    0x000000000000b986      0x200 /usr/lib/arm-none-eabi/newlib/thumb/v6-m/nofp//libc_nano.a(lib_a-mbtowc_r.o)
 .debug_line    0x000000000000bb86      0x1e1 /usr/lib/arm-none-eabi/newlib/thumb/v6-m/nofp//libc_nano.a(lib_a-memmove.o)
 .debug_line    0x000000000000bd67      0x1ab /usr/lib/arm-none-eabi/newlib/thumb/v6-m/nofp//libc_nano.a(lib_a-nano-reallocr.o)
 .debug_line    0x000000000000bf12       0xb0 /usr/lib/arm-none-eabi/newlib/thumb/v6-m/nofp//libc_nano.a(lib_a-strcmp.o)
 .debug_line    0x000000000000bfc2      0x1f6 /usr/lib/arm-none-eabi/newlib/thumb/v6-m/nofp//libc_nano.a(lib_a-wctomb_r.o)
 .debug_line    0x000000000000c1b8      0x109 /usr/lib/arm-none-eabi/newlib/thumb/v6-m/nofp//libc_nano.a(lib_a-abort.o)
 .debug_line    0x000000000000c2c1       0x5e /usr/lib/arm-none-eabi/newlib/thumb/v6-m/nofp//libc_nano.a(lib_a-ctype_.o)
 .debug_line    0x000000000000c31f      0x163 /usr/lib/arm-none-eabi/newlib/thumb/v6-m/nofp//libc_nano.a(lib_a-nano-msizer.o)
 .debug_line    0x000000000000c482      0x5ec /usr/lib/arm-none-eabi/newlib/thumb/v6-m/nofp//libc_nano.a(lib_a-signal.o)
 .debug_line    0x000000000000ca6e      0x1aa /usr/lib/arm-none-eabi/newlib/thumb/v6-m/nofp//libc_nano.a(lib_a-signalr.o)
 .debug_line    0x000000000000cc18       0x62 /usr/lib/gcc/arm-none-eabi/12.2.1/thumb/v6-m/nofp//libgcc.a(_arm_cmpdf2.o)
 .debug_line    0x000000000000cc7a      0xe03 /usr/lib/gcc/arm-none-eabi/12.2.1/thumb/v6-m/nofp//libgcc.a(adddf3.o)
 .debug_line    0x000000000000da7d      0x12c /usr/lib/gcc/arm-none-eabi/12.2.1/thumb/v6-m/nofp//libgcc.a(eqdf2.o)
 .debug_line    0x000000000000dba9      0x1b9 /usr/lib/gcc/arm-none-eabi/12.2.1/thumb/v6-m/nofp//libgcc.a(gedf2.o)
 .debug_line    0x000000000000dd62      0x1c0 /usr/lib/gcc/arm-none-eabi/12.2.1/thumb/v6-m/nofp//libgcc.a(ledf2.o)
 .debug_line    0x000000000000df22      0xe63 /usr/lib/gcc/arm-none-eabi/12.2.1/thumb/v6-m/nofp//libgcc.a(subdf3.o)
 .debug_line    0x000000000000ed85       0xf0 /usr/lib/gcc/arm-none-eabi/12.2.1/thumb/v6-m/nofp//libgcc.a(unorddf2.o)
 .debug_line    0x000000000000ee75      0x143 /usr/lib/gcc/arm-none-eabi/12.2.1/thumb/v6-m/nofp//libgcc.a(fixdfsi.o)
 .debug_line    0x000000000000efb8      0x1cb /usr/lib/gcc/arm-none-eabi/12.2.1/thumb/v6-m/nofp//libgcc.a(floatunsidf.o)

.debug_str      0x0000000000000000     0x2b82
 .debug_str     0x0000000000000000      0x572 main.o
                                        0x648 (size before relaxing)
 .debug_str     0x0000000000000572      0x104 startup.o
                                        0x2c9 (size before relaxing)
 .debug_str     0x0000000000000676      0x169 serial.o
                                        0x388 (size before relaxing)
 .debug_str     0x00000000000007df       0x61 adc.o
                                        0x244 (size before relaxing)
 .debug_str     0x0000000000000840      0x20b newlib_stubs.o
                                        0x3c5 (size before relaxing)
 .debug_str     0x0000000000000a4b       0xe4 /usr/lib/arm-none-eabi/newlib/thumb/v6-m/nofp//libnosys.a(errno.o)
                                         0xea (size before relaxing)
 .debug_str     0x0000000000000b2f       0xc9 /usr/lib/gcc/arm-none-eabi/12.2.1/thumb/v6-m/nofp//libgcc.a(_divsi3.o)
 .debug_str     0x0000000000000bf8       0x1c /usr/lib/gcc/arm-none-eabi/12.2.1/thumb/v6-m/nofp//libgcc.a(_dvmd_tls.o)
                                         0xbf (size before relaxing)
 .debug_str     0x0000000000000c14      0x2df /usr/lib/gcc/arm-none-eabi/12.2.1/thumb/v6-m/nofp//libgcc.a(divdf3.o)
                                        0x3d1 (size before relaxing)
 .debug_str     0x0000000000000ef3      0x13b /usr/lib/gcc/arm-none-eabi/12.2.1/thumb/v6-m/nofp//libgcc.a(muldf3.o)
                                        0x418 (size before relaxing)
 .debug_str     0x000000000000102e       0xd1 /usr/lib/gcc/arm-none-eabi/12.2.1/thumb/v6-m/nofp//libgcc.a(floatsidf.o)
                                        0x2ac (size before relaxing)
 .debug_str     0x00000000000010ff       0x54 /usr/lib/gcc/arm-none-eabi/12.2.1/thumb/v6-m/nofp//libgcc.a(extendsfdf2.o)
                                        0x233 (size before relaxing)
 .debug_str     0x0000000000001153       0x41 /usr/lib/gcc/arm-none-eabi/12.2.1/thumb/v6-m/nofp//libgcc.a(truncdfsf2.o)
                                        0x289 (size before relaxing)
 .debug_str     0x0000000000001194       0x18 /usr/lib/gcc/arm-none-eabi/12.2.1/thumb/v6-m/nofp//libgcc.a(_udivsi3.o)
                                         0xcc (size before relaxing)
 .debug_str     0x00000000000011ac       0xac /usr/lib/gcc/arm-none-eabi/12.2.1/thumb/v6-m/nofp//libgcc.a(_clzsi2.o)
 .debug_str     0x00000000000011ac      0x1be /usr/lib/arm-none-eabi/newlib/thumb/v6-m/nofp//libc_nano.a(lib_a-fflush.o)
                                        0x5b7 (size before relaxing)
 .debug_str     0x000000000000136a      0x1db /usr/lib/arm-none-eabi/newlib/thumb/v6-m/nofp//libc_nano.a(lib_a-findfp.o)
                                        0x730 (size before relaxing)
 .debug_str     0x0000000000001545       0x41 /usr/lib/arm-none-eabi/newlib/thumb/v6-m/nofp//libc_nano.a(lib_a-fwalk.o)
                                        0x51d (size before relaxing)
 .debug_str     0x0000000000001586       0x9c /usr/lib/arm-none-eabi/newlib/thumb/v6-m/nofp//libc_nano.a(lib_a-impure.o)
                                        0x557 (size before relaxing)
 .debug_str     0x0000000000001622       0xa6 /usr/lib/arm-none-eabi/newlib/thumb/v6-m/nofp//libc_nano.a(lib_a-memset.o)
                                        0x1b9 (size before relaxing)
 .debug_str     0x00000000000016c8      0x112 /usr/lib/arm-none-eabi/newlib/thumb/v6-m/nofp//libc_nano.a(lib_a-nano-freer.o)
                                        0x58e (size before relaxing)
 .debug_str     0x00000000000017da       0x46 /usr/lib/arm-none-eabi/newlib/thumb/v6-m/nofp//libc_nano.a(lib_a-nano-mallocr.o)
                                        0x5b9 (size before relaxing)
 .debug_str     0x0000000000001820      0x2e6 /usr/lib/arm-none-eabi/newlib/thumb/v6-m/nofp//libc_nano.a(lib_a-nano-vfprintf_float.o)
                                        0x8c1 (size before relaxing)
 .debug_str     0x0000000000001b06       0x82 /usr/lib/arm-none-eabi/newlib/thumb/v6-m/nofp//libc_nano.a(lib_a-nano-vfprintf_i.o)
                                        0x7f6 (size before relaxing)
 .debug_str     0x0000000000001b88       0x49 /usr/lib/arm-none-eabi/newlib/thumb/v6-m/nofp//libc_nano.a(lib_a-printf.o)
                                        0x544 (size before relaxing)
 .debug_str     0x0000000000001bd1       0x59 /usr/lib/arm-none-eabi/newlib/thumb/v6-m/nofp//libc_nano.a(lib_a-puts.o)
                                        0x58c (size before relaxing)
 .debug_str     0x0000000000001c2a       0x3c /usr/lib/arm-none-eabi/newlib/thumb/v6-m/nofp//libc_nano.a(lib_a-sbrkr.o)
                                        0x50f (size before relaxing)
 .debug_str     0x0000000000001c66       0x92 /usr/lib/arm-none-eabi/newlib/thumb/v6-m/nofp//libc_nano.a(lib_a-stdio.o)
                                        0x56c (size before relaxing)
 .debug_str     0x0000000000001cf8       0xa4 /usr/lib/arm-none-eabi/newlib/thumb/v6-m/nofp//libc_nano.a(lib_a-strlen-stub.o)
                                        0x1ca (size before relaxing)
 .debug_str     0x0000000000001d9c       0x39 /usr/lib/arm-none-eabi/newlib/thumb/v6-m/nofp//libc_nano.a(lib_a-wbuf.o)
                                        0x57b (size before relaxing)
 .debug_str     0x0000000000001dd5       0x33 /usr/lib/arm-none-eabi/newlib/thumb/v6-m/nofp//libc_nano.a(lib_a-writer.o)
                                        0x50c (size before relaxing)
 .debug_str     0x0000000000001e08       0x40 /usr/lib/arm-none-eabi/newlib/thumb/v6-m/nofp//libc_nano.a(lib_a-wsetup.o)
                                        0x576 (size before relaxing)
 .debug_str     0x0000000000001e48       0x33 /usr/lib/arm-none-eabi/newlib/thumb/v6-m/nofp//libc_nano.a(lib_a-closer.o)
                                        0x4fc (size before relaxing)
 .debug_str     0x0000000000001e7b      0x1ae /usr/lib/arm-none-eabi/newlib/thumb/v6-m/nofp//libc_nano.a(lib_a-dtoa.o)
                                        0x8f4 (size before relaxing)
 .debug_str     0x0000000000002029       0xf8 /usr/lib/arm-none-eabi/newlib/thumb/v6-m/nofp//libc_nano.a(lib_a-localeconv.o)
                                        0x74d (size before relaxing)
 .debug_str     0x0000000000002121       0x33 /usr/lib/arm-none-eabi/newlib/thumb/v6-m/nofp//libc_nano.a(lib_a-lseekr.o)
                                        0x50a (size before relaxing)
 .debug_str     0x0000000000002154       0x6c /usr/lib/arm-none-eabi/newlib/thumb/v6-m/nofp//libc_nano.a(lib_a-makebuf.o)
                                        0x699 (size before relaxing)
 .debug_str     0x00000000000021c0       0x40 /usr/lib/arm-none-eabi/newlib/thumb/v6-m/nofp//libc_nano.a(lib_a-malloc.o)
                                        0x52c (size before relaxing)
 .debug_str     0x0000000000002200       0x54 /usr/lib/arm-none-eabi/newlib/thumb/v6-m/nofp//libc_nano.a(lib_a-memchr-stub.o)
                                        0x1d1 (size before relaxing)
 .debug_str     0x0000000000002254       0x68 /usr/lib/arm-none-eabi/newlib/thumb/v6-m/nofp//libc_nano.a(lib_a-memcpy-stub.o)
                                        0x1de (size before relaxing)
 .debug_str     0x00000000000022bc       0x4c /usr/lib/arm-none-eabi/newlib/thumb/v6-m/nofp//libc_nano.a(lib_a-mlock.o)
                                        0x525 (size before relaxing)
 .debug_str     0x0000000000002308       0x9e /usr/lib/arm-none-eabi/newlib/thumb/v6-m/nofp//libc_nano.a(lib_a-mprec.o)
                                        0x831 (size before relaxing)
 .debug_str     0x00000000000023a6        0x5 /usr/lib/arm-none-eabi/newlib/thumb/v6-m/nofp//libc_nano.a(lib_a-nano-callocr.o)
                                        0x534 (size before relaxing)
 .debug_str     0x00000000000023ab       0xce /usr/lib/arm-none-eabi/newlib/thumb/v6-m/nofp//libc_nano.a(lib_a-nano-vfprintf.o)
                                        0x8b2 (size before relaxing)
 .debug_str     0x0000000000002479       0x32 /usr/lib/arm-none-eabi/newlib/thumb/v6-m/nofp//libc_nano.a(lib_a-readr.o)
                                        0x50a (size before relaxing)
 .debug_str     0x00000000000024ab       0x5c /usr/lib/arm-none-eabi/newlib/thumb/v6-m/nofp//libc_nano.a(lib_a-assert.o)
                                        0x53b (size before relaxing)
 .debug_str     0x0000000000002507       0x3f /usr/lib/arm-none-eabi/newlib/thumb/v6-m/nofp//libc_nano.a(lib_a-fprintf.o)
                                        0x544 (size before relaxing)
 .debug_str     0x0000000000002546       0x39 /usr/lib/arm-none-eabi/newlib/thumb/v6-m/nofp//libc_nano.a(lib_a-fstatr.o)
                                        0x64e (size before relaxing)
 .debug_str     0x000000000000257f       0x65 /usr/lib/arm-none-eabi/newlib/thumb/v6-m/nofp//libc_nano.a(lib_a-fvwrite.o)
                                        0x5b7 (size before relaxing)
 .debug_str     0x00000000000025e4       0x34 /usr/lib/arm-none-eabi/newlib/thumb/v6-m/nofp//libc_nano.a(lib_a-isattyr.o)
                                        0x506 (size before relaxing)
 .debug_str     0x0000000000002618       0x83 /usr/lib/arm-none-eabi/newlib/thumb/v6-m/nofp//libc_nano.a(lib_a-locale.o)
                                        0x768 (size before relaxing)
 .debug_str     0x000000000000269b       0x55 /usr/lib/arm-none-eabi/newlib/thumb/v6-m/nofp//libc_nano.a(lib_a-mbtowc_r.o)
                                        0x72d (size before relaxing)
 .debug_str     0x00000000000026f0       0x3e /usr/lib/arm-none-eabi/newlib/thumb/v6-m/nofp//libc_nano.a(lib_a-memmove.o)
                                        0x1d8 (size before relaxing)
 .debug_str     0x000000000000272e       0x23 /usr/lib/arm-none-eabi/newlib/thumb/v6-m/nofp//libc_nano.a(lib_a-nano-reallocr.o)
                                        0x578 (size before relaxing)
 .debug_str     0x0000000000002751       0x4f /usr/lib/arm-none-eabi/newlib/thumb/v6-m/nofp//libc_nano.a(lib_a-strcmp.o)
                                         0xb2 (size before relaxing)
 .debug_str     0x00000000000027a0       0x56 /usr/lib/arm-none-eabi/newlib/thumb/v6-m/nofp//libc_nano.a(lib_a-wctomb_r.o)
                                        0x734 (size before relaxing)
 .debug_str     0x00000000000027f6       0x39 /usr/lib/arm-none-eabi/newlib/thumb/v6-m/nofp//libc_nano.a(lib_a-abort.o)
                                        0x1a8 (size before relaxing)
 .debug_str     0x000000000000282f       0x90 /usr/lib/arm-none-eabi/newlib/thumb/v6-m/nofp//libc_nano.a(lib_a-ctype_.o)
                                        0x19d (size before relaxing)
 .debug_str     0x00000000000028bf        0xf /usr/lib/arm-none-eabi/newlib/thumb/v6-m/nofp//libc_nano.a(lib_a-nano-msizer.o)
                                        0x556 (size before relaxing)
 .debug_str     0x00000000000028ce       0xf8 /usr/lib/arm-none-eabi/newlib/thumb/v6-m/nofp//libc_nano.a(lib_a-signal.o)
                                        0x587 (size before relaxing)
 .debug_str     0x00000000000029c6       0x34 /usr/lib/arm-none-eabi/newlib/thumb/v6-m/nofp//libc_nano.a(lib_a-signalr.o)
                                        0x514 (size before relaxing)
 .debug_str     0x00000000000029fa       0x70 /usr/lib/gcc/arm-none-eabi/12.2.1/thumb/v6-m/nofp//libgcc.a(_arm_cmpdf2.o)
                                        0x11f (size before relaxing)
 .debug_str     0x0000000000002a6a       0x66 /usr/lib/gcc/arm-none-eabi/12.2.1/thumb/v6-m/nofp//libgcc.a(adddf3.o)
                                        0x2fe (size before relaxing)
 .debug_str     0x0000000000002ad0       0x2f /usr/lib/gcc/arm-none-eabi/12.2.1/thumb/v6-m/nofp//libgcc.a(eqdf2.o)
                                        0x20b (size before relaxing)
 .debug_str     0x0000000000002aff       0x34 /usr/lib/gcc/arm-none-eabi/12.2.1/thumb/v6-m/nofp//libgcc.a(gedf2.o)
                                        0x22f (size before relaxing)
 .debug_str     0x0000000000002b33       0x10 /usr/lib/gcc/arm-none-eabi/12.2.1/thumb/v6-m/nofp//libgcc.a(ledf2.o)
                                        0x22f (size before relaxing)
 .debug_str     0x0000000000002b43        0x9 /usr/lib/gcc/arm-none-eabi/12.2.1/thumb/v6-m/nofp//libgcc.a(subdf3.o)
                                        0x2fe (size before relaxing)
 .debug_str     0x0000000000002b4c        0xb /usr/lib/gcc/arm-none-eabi/12.2.1/thumb/v6-m/nofp//libgcc.a(unorddf2.o)
                                        0x215 (size before relaxing)
 .debug_str     0x0000000000002b57       0x1d /usr/lib/gcc/arm-none-eabi/12.2.1/thumb/v6-m/nofp//libgcc.a(fixdfsi.o)
                                        0x20b (size before relaxing)
 .debug_str     0x0000000000002b74        0xe /usr/lib/gcc/arm-none-eabi/12.2.1/thumb/v6-m/nofp//libgcc.a(floatunsidf.o)
                                        0x2a8 (size before relaxing)

.comment        0x0000000000000000       0x59
 .comment       0x0000000000000000       0x26 main.o
                                         0x27 (size before relaxing)
 .comment       0x0000000000000026       0x27 startup.o
 .comment       0x0000000000000026       0x27 serial.o
 .comment       0x0000000000000026       0x27 adc.o
 .comment       0x0000000000000026       0x27 newlib_stubs.o
 .comment       0x0000000000000026       0x33 /usr/lib/arm-none-eabi/newlib/thumb/v6-m/nofp//libnosys.a(errno.o)
                                         0x34 (size before relaxing)
 .comment       0x0000000000000059       0x27 /usr/lib/gcc/arm-none-eabi/12.2.1/thumb/v6-m/nofp//libgcc.a(divdf3.o)
 .comment       0x0000000000000059       0x27 /usr/lib/gcc/arm-none-eabi/12.2.1/thumb/v6-m/nofp//libgcc.a(muldf3.o)
 .comment       0x0000000000000059       0x27 /usr/lib/gcc/arm-none-eabi/12.2.1/thumb/v6-m/nofp//libgcc.a(floatsidf.o)
 .comment       0x0000000000000059       0x27 /usr/lib/gcc/arm-none-eabi/12.2.1/thumb/v6-m/nofp//libgcc.a(extendsfdf2.o)
 .comment       0x0000000000000059       0x27 /usr/lib/gcc/arm-none-eabi/12.2.1/thumb/v6-m/nofp//libgcc.a(truncdfsf2.o)
 .comment       0x0000000000000059       0x34 /usr/lib/arm-none-eabi/newlib/thumb/v6-m/nofp//libc_nano.a(lib_a-fflush.o)
 .comment       0x0000000000000059       0x34 /usr/lib/arm-none-eabi/newlib/thumb/v6-m/nofp//libc_nano.a(lib_a-findfp.o)
 .comment       0x0000000000000059       0x34 /usr/lib/arm-none-eabi/newlib/thumb/v6-m/nofp//libc_nano.a(lib_a-fwalk.o)
 .comment       0x0000000000000059       0x34 /usr/lib/arm-none-eabi/newlib/thumb/v6-m/nofp//libc_nano.a(lib_a-impure.o)
 .comment       0x0000000000000059       0x34 /usr/lib/arm-none-eabi/newlib/thumb/v6-m/nofp//libc_nano.a(lib_a-memset.o)
 .comment       0x0000000000000059       0x34 /usr/lib/arm-none-eabi/newlib/thumb/v6-m/nofp//libc_nano.a(lib_a-nano-freer.o)
 .comment       0x0000000000000059       0x34 /usr/lib/arm-none-eabi/newlib/thumb/v6-m/nofp//libc_nano.a(lib_a-nano-mallocr.o)
 .comment       0x0000000000000059       0x34 /usr/lib/arm-none-eabi/newlib/thumb/v6-m/nofp//libc_nano.a(lib_a-nano-vfprintf_float.o)
 .comment       0x0000000000000059       0x34 /usr/lib/arm-none-eabi/newlib/thumb/v6-m/nofp//libc_nano.a(lib_a-nano-vfprintf_i.o)
 .comment       0x0000000000000059       0x34 /usr/lib/arm-none-eabi/newlib/thumb/v6-m/nofp//libc_nano.a(lib_a-printf.o)
 .comment       0x0000000000000059       0x34 /usr/lib/arm-none-eabi/newlib/thumb/v6-m/nofp//libc_nano.a(lib_a-puts.o)
 .comment       0x0000000000000059       0x34 /usr/lib/arm-none-eabi/newlib/thumb/v6-m/nofp//libc_nano.a(lib_a-sbrkr.o)
 .comment       0x0000000000000059       0x34 /usr/lib/arm-none-eabi/newlib/thumb/v6-m/nofp//libc_nano.a(lib_a-stdio.o)
 .comment       0x0000000000000059       0x34 /usr/lib/arm-none-eabi/newlib/thumb/v6-m/nofp//libc_nano.a(lib_a-strlen-stub.o)
 .comment       0x0000000000000059       0x34 /usr/lib/arm-none-eabi/newlib/thumb/v6-m/nofp//libc_nano.a(lib_a-wbuf.o)
 .comment       0x0000000000000059       0x34 /usr/lib/arm-none-eabi/newlib/thumb/v6-m/nofp//libc_nano.a(lib_a-writer.o)
 .comment       0x0000000000000059       0x34 /usr/lib/arm-none-eabi/newlib/thumb/v6-m/nofp//libc_nano.a(lib_a-wsetup.o)
 .comment       0x0000000000000059       0x34 /usr/lib/arm-none-eabi/newlib/thumb/v6-m/nofp//libc_nano.a(lib_a-closer.o)
 .comment       0x0000000000000059       0x34 /usr/lib/arm-none-eabi/newlib/thumb/v6-m/nofp//libc_nano.a(lib_a-dtoa.o)
 .comment       0x0000000000000059       0x34 /usr/lib/arm-none-eabi/newlib/thumb/v6-m/nofp//libc_nano.a(lib_a-localeconv.o)
 .comment       0x0000000000000059       0x34 /usr/lib/arm-none-eabi/newlib/thumb/v6-m/nofp//libc_nano.a(lib_a-lseekr.o)