
Allocating common symbols
Common symbol       size              file

pfbuf               0x80              main.o

Memory Configuration

Name             Origin             Length             Attributes
SFR              0x00000000         0x00000010
RAM              0x00000200         0x00000200
INFOMEM          0x00001000         0x00000100
INFOA            0x000010c0         0x00000040
INFOB            0x00001080         0x00000040
INFOC            0x00001040         0x00000040
INFOD            0x00001000         0x00000040
ROM              0x0000c000         0x00003fde         xr
BSLSIGNATURE     0x0000ffde         0x00000002
VECT1            0x0000ffe0         0x00000002
VECT2            0x0000ffe2         0x00000002
VECT3            0x0000ffe4         0x00000002
VECT4            0x0000ffe6         0x00000002
VECT5            0x0000ffe8         0x00000002
VECT6            0x0000ffea         0x00000002
VECT7            0x0000ffec         0x00000002
VECT8            0x0000ffee         0x00000002
VECT9            0x0000fff0         0x00000002
VECT10           0x0000fff2         0x00000002
VECT11           0x0000fff4         0x00000002
VECT12           0x0000fff6         0x00000002
VECT13           0x0000fff8         0x00000002
VECT14           0x0000fffa         0x00000002
VECT15           0x0000fffc         0x00000002
RESETVEC         0x0000fffe         0x00000002
*default*        0x00000000         0xffffffff

Linker script and memory map

LOAD main.o

.bslsignature

__interrupt_vector_1
 *(__interrupt_vector_1)
 *(__interrupt_vector_trapint)

__interrupt_vector_2
 *(__interrupt_vector_2)

__interrupt_vector_3
 *(__interrupt_vector_3)
 *(__interrupt_vector_port1)

__interrupt_vector_4
 *(__interrupt_vector_4)
 *(__interrupt_vector_port2)

__interrupt_vector_5
 *(__interrupt_vector_5)

__interrupt_vector_6
 *(__interrupt_vector_6)
 *(__interrupt_vector_adc10)

__interrupt_vector_7
 *(__interrupt_vector_7)
 *(__interrupt_vector_usciab0tx)

__interrupt_vector_8
 *(__interrupt_vector_8)
 *(__interrupt_vector_usciab0rx)

__interrupt_vector_9
 *(__interrupt_vector_9)
 *(__interrupt_vector_timer0_a1)

__interrupt_vector_10
 *(__interrupt_vector_10)
 *(__interrupt_vector_timer0_a0)

__interrupt_vector_11
 *(__interrupt_vector_11)
 *(__interrupt_vector_wdt)

__interrupt_vector_12
 *(__interrupt_vector_12)
 *(__interrupt_vector_comparatora)

__interrupt_vector_13
 *(__interrupt_vector_13)
 *(__interrupt_vector_timer1_a1)

__interrupt_vector_14
 *(__interrupt_vector_14)
 *(__interrupt_vector_timer1_a0)

__interrupt_vector_15
 *(__interrupt_vector_15)
 *(__interrupt_vector_nmi)

__reset_vector
 *(__interrupt_vector_16)
 *(__interrupt_vector_reset)
 *(.resetvec)

.rodata         0x0000c000       0x66
                0x0000c000                . = ALIGN (0x2)
 *(.plt)
 *(.rodata .rodata.* .gnu.linkonce.r.* .const .const:*)
 .rodata        0x0000c000       0x66 main.o
 *(.rodata1)
 *(.gcc_except_table)
 *(.gcc_except_table.*)
                [!provide]                PROVIDE (__preinit_array_start, .)
 *(.preinit_array)
                [!provide]                PROVIDE (__preinit_array_end, .)
                [!provide]                PROVIDE (__init_array_start, .)
 *(SORT(.init_array.*))
 *(.init_array)
                [!provide]                PROVIDE (__init_array_end, .)
                [!provide]                PROVIDE (__fini_array_start, .)
 *(.fini_array)
 *(SORT(.fini_array.*))
                [!provide]                PROVIDE (__fini_array_end, .)

.rodata2        0x0000c066        0x0
                0x0000c066                . = ALIGN (0x2)
 *(.eh_frame_hdr)
 *(.eh_frame)
 *crtbegin*.o(.ctors)
 *(EXCLUDE_FILE(*crtend*.o) .ctors)
 *(SORT(.ctors.*))
 *(.ctors)
 *crtbegin*.o(.dtors)
 *(EXCLUDE_FILE(*crtend*.o) .dtors)
 *(SORT(.dtors.*))
 *(.dtors)

.text           0x0000c066      0x332
                0x0000c066                . = ALIGN (0x2)
                0x0000c066                PROVIDE (_start, .)
 *(SORT(.crt_*))
 *(.lowtext .text .stub .text.* .gnu.linkonce.t.* .text:*)
 .text          0x0000c066      0x332 main.o
                0x0000c066                uart_init
                0x0000c08c                uart_getc
                0x0000c098                uart_putc
                0x0000c0a8                uart_puts
                0x0000c0c2                OutByte
                0x0000c0fa                Out_hex
                0x0000c290                main
 *(.text.*personality*)
 *(.gnu.warning)
 *(.interp .hash .dynsym .dynstr .gnu.version*)
                [!provide]                PROVIDE (__etext, .)
                [!provide]                PROVIDE (_etext, .)
                [!provide]                PROVIDE (etext, .)
                0x0000c398                . = ALIGN (0x2)
 *(.init)
 *(.fini)
 *(.tm_clone_table)

.data           0x00000200       0x12 load address 0x0000c398
                0x00000200                . = ALIGN (0x2)
                [!provide]                PROVIDE (__datastart, .)
 *(.jcr)
 *(.data.rel.ro.local)
 *(.data.rel.ro*)
 *(.dynamic)
 *(.data .data.* .gnu.linkonce.d.*)
 .data          0x00000200       0x11 main.o
                0x00000200                ASCII
 *(.gnu.linkonce.d.*personality*)
 *(.data1)
 *(.got.plt)
 *(.got)
                0x00000212                . = ALIGN (0x2)
 *fill*         0x00000211        0x1 
 *(.sdata .sdata.* .gnu.linkonce.s.* D_2 D_1)
                0x00000212                . = ALIGN (0x2)
                0x00000212                _edata = .
                [!provide]                PROVIDE (edata, .)
                [!provide]                PROVIDE (__dataend, .)
                [!provide]                PROVIDE (__romdatastart, LOADADDR (.data))
                [!provide]                PROVIDE (__romdatacopysize, SIZEOF (.data))

.bss            0x00000212       0x80 load address 0x0000c3aa
                0x00000212                . = ALIGN (0x2)
                [!provide]                PROVIDE (__bssstart, .)
 *(.dynbss)
 *(.sbss .sbss.*)
 *(.bss .bss.* .gnu.linkonce.b.*)
 .bss           0x00000212        0x0 main.o
                0x00000212                . = ALIGN (0x2)
 *(COMMON)
 COMMON         0x00000212       0x80 main.o
                0x00000212                pfbuf
                [!provide]                PROVIDE (__bssend, .)
                [!provide]                PROVIDE (__bsssize, SIZEOF (.bss))

.noinit         0x00000292        0x0 load address 0x0000c3aa
                0x00000292                . = ALIGN (0x2)
                [!provide]                PROVIDE (__noinit_start, .)
 *(.noinit)
                0x00000292                . = ALIGN (0x2)
                [!provide]                PROVIDE (__noinit_end, .)
                0x00000292                end = .

.heap           0x00000292        0x4 load address 0x0000c3aa
                0x00000292                . = ALIGN (0x2)
                0x00000292                __heap_start__ = .
                0x00000292                _end = __heap_start__
                [!provide]                PROVIDE (end, .)
 *(.heap)
                0x00000292                _end = .
                [!provide]                PROVIDE (end, .)
                0x00000292        0x4 LONG 0x0
                0x00000296                __heap_end__ = .
                0x00000296                __HeapLimit = __heap_end__

.stack          0x00000400        0x0
                [!provide]                PROVIDE (__stack, .)
 *(.stack)

.infoA

.infoB

.infoC

.infoD

.MSP430.attributes
                0x00000000       0x17
 *(.MSP430.attributes)
 .MSP430.attributes
                0x00000000       0x17 main.o
 *(.gnu.attributes)
 *(__TI_build_attributes)

.stab
 *(.stab)

.stabstr
 *(.stabstr)

.stab.excl
 *(.stab.excl)

.stab.exclstr
 *(.stab.exclstr)

.stab.index
 *(.stab.index)

.stab.indexstr
 *(.stab.indexstr)

.comment        0x00000000       0x49
 *(.comment)
 .comment       0x00000000       0x49 main.o
                                 0x4a (size before relaxing)

.debug
 *(.debug)

.line
 *(.line)

.debug_srcinfo
 *(.debug_srcinfo)

.debug_sfnames
 *(.debug_sfnames)

.debug_aranges  0x00000000       0x20
 *(.debug_aranges)
 .debug_aranges
                0x00000000       0x20 main.o

.debug_pubnames
 *(.debug_pubnames)

.debug_info     0x00000000     0x127f
 *(.debug_info .gnu.linkonce.wi.*)
 .debug_info    0x00000000     0x127f main.o

.debug_abbrev   0x00000000      0x2c7
 *(.debug_abbrev)
 .debug_abbrev  0x00000000      0x2c7 main.o

.debug_line     0x00000000      0x412
 *(.debug_line .debug_line.* .debug_line_end)
 .debug_line    0x00000000      0x412 main.o

.debug_frame    0x00000000       0xf0
 *(.debug_frame)
 .debug_frame   0x00000000       0xf0 main.o

.debug_str      0x00000000      0x841
 *(.debug_str)
 .debug_str     0x00000000      0x841 main.o
                                0x8aa (size before relaxing)

.debug_loc      0x00000000      0x374
 *(.debug_loc)
 .debug_loc     0x00000000      0x374 main.o

.debug_macinfo
 *(.debug_macinfo)

.debug_weaknames
 *(.debug_weaknames)

.debug_funcnames
 *(.debug_funcnames)

.debug_typenames
 *(.debug_typenames)

.debug_varnames
 *(.debug_varnames)

/DISCARD/
 *(.note.GNU-stack)
                [!provide]                PROVIDE (IE1, 0x0)
                [!provide]                PROVIDE (IFG1, 0x2)
                [!provide]                PROVIDE (IE2, 0x1)
                0x00000003                PROVIDE (IFG2, 0x3)
                [!provide]                PROVIDE (ADC10DTC0, 0x48)
                [!provide]                PROVIDE (ADC10DTC1, 0x49)
                [!provide]                PROVIDE (ADC10AE0, 0x4a)
                [!provide]                PROVIDE (ADC10CTL0, 0x1b0)
                [!provide]                PROVIDE (ADC10CTL1, 0x1b2)
                [!provide]                PROVIDE (ADC10MEM, 0x1b4)
                [!provide]                PROVIDE (ADC10SA, 0x1bc)
                0x00000056                PROVIDE (DCOCTL, 0x56)
                0x00000057                PROVIDE (BCSCTL1, 0x57)
                [!provide]                PROVIDE (BCSCTL2, 0x58)
                [!provide]                PROVIDE (BCSCTL3, 0x53)
                [!provide]                PROVIDE (CACTL1, 0x59)
                [!provide]                PROVIDE (CACTL2, 0x5a)
                [!provide]                PROVIDE (CAPD, 0x5b)
                [!provide]                PROVIDE (FCTL1, 0x128)
                [!provide]                PROVIDE (FCTL2, 0x12a)
                [!provide]                PROVIDE (FCTL3, 0x12c)
                [!provide]                PROVIDE (P1IN, 0x20)
                0x00000021                PROVIDE (P1OUT, 0x21)
                0x00000022                PROVIDE (P1DIR, 0x22)
                [!provide]                PROVIDE (P1IFG, 0x23)
                [!provide]                PROVIDE (P1IES, 0x24)
                [!provide]                PROVIDE (P1IE, 0x25)
                0x00000026                PROVIDE (P1SEL, 0x26)
                0x00000041                PROVIDE (P1SEL2, 0x41)
                [!provide]                PROVIDE (P1REN, 0x27)
                [!provide]                PROVIDE (P2IN, 0x28)
                [!provide]                PROVIDE (P2OUT, 0x29)
                [!provide]                PROVIDE (P2DIR, 0x2a)
                [!provide]                PROVIDE (P2IFG, 0x2b)
                [!provide]                PROVIDE (P2IES, 0x2c)
                [!provide]                PROVIDE (P2IE, 0x2d)
                [!provide]                PROVIDE (P2SEL, 0x2e)
                [!provide]                PROVIDE (P2SEL2, 0x42)
                [!provide]                PROVIDE (P2REN, 0x2f)
                [!provide]                PROVIDE (P3IN, 0x18)
                [!provide]                PROVIDE (P3OUT, 0x19)
                [!provide]                PROVIDE (P3DIR, 0x1a)
                [!provide]                PROVIDE (P3SEL, 0x1b)
                [!provide]                PROVIDE (P3SEL2, 0x43)
                [!provide]                PROVIDE (P3REN, 0x10)
                [!provide]                PROVIDE (TA0IV, 0x12e)
                [!provide]                PROVIDE (TA0CTL, 0x160)
                [!provide]                PROVIDE (TA0CCTL0, 0x162)
                [!provide]                PROVIDE (TA0CCTL1, 0x164)
                [!provide]                PROVIDE (TA0CCTL2, 0x166)
                [!provide]                PROVIDE (TA0R, 0x170)
                [!provide]                PROVIDE (TA0CCR0, 0x172)
                [!provide]                PROVIDE (TA0CCR1, 0x174)
                [!provide]                PROVIDE (TA0CCR2, 0x176)
                [!provide]                PROVIDE (TA1IV, 0x11e)
                [!provide]                PROVIDE (TA1CTL, 0x180)
                [!provide]                PROVIDE (TA1CCTL0, 0x182)
                [!provide]                PROVIDE (TA1CCTL1, 0x184)
                [!provide]                PROVIDE (TA1CCTL2, 0x186)
                [!provide]                PROVIDE (TA1R, 0x190)
                [!provide]                PROVIDE (TA1CCR0, 0x192)
                [!provide]                PROVIDE (TA1CCR1, 0x194)
                [!provide]                PROVIDE (TA1CCR2, 0x196)
                [!provide]                PROVIDE (UCA0CTL0, 0x60)
                0x00000061                PROVIDE (UCA0CTL1, 0x61)
                0x00000062                PROVIDE (UCA0BR0, 0x62)
                0x00000063                PROVIDE (UCA0BR1, 0x63)
                0x00000064                PROVIDE (UCA0MCTL, 0x64)
                [!provide]                PROVIDE (UCA0STAT, 0x65)
                0x00000066                PROVIDE (UCA0RXBUF, 0x66)
                0x00000067                PROVIDE (UCA0TXBUF, 0x67)
                [!provide]                PROVIDE (UCA0ABCTL, 0x5d)
                [!provide]                PROVIDE (UCA0IRTCTL, 0x5e)
                [!provide]                PROVIDE (UCA0IRRCTL, 0x5f)
                [!provide]                PROVIDE (UCB0CTL0, 0x68)
                [!provide]                PROVIDE (UCB0CTL1, 0x69)
                [!provide]                PROVIDE (UCB0BR0, 0x6a)
                [!provide]                PROVIDE (UCB0BR1, 0x6b)
                [!provide]                PROVIDE (UCB0I2CIE, 0x6c)
                [!provide]                PROVIDE (UCB0STAT, 0x6d)
                [!provide]                PROVIDE (UCB0RXBUF, 0x6e)
                [!provide]                PROVIDE (UCB0TXBUF, 0x6f)
                [!provide]                PROVIDE (UCB0I2COA, 0x118)
                [!provide]                PROVIDE (UCB0I2CSA, 0x11a)
                0x00000120                PROVIDE (WDTCTL, 0x120)
                0x000010f8                PROVIDE (CALDCO_16MHZ, 0x10f8)
                0x000010f9                PROVIDE (CALBC1_16MHZ, 0x10f9)
                [!provide]                PROVIDE (CALDCO_12MHZ, 0x10fa)
                [!provide]                PROVIDE (CALBC1_12MHZ, 0x10fb)
                [!provide]                PROVIDE (CALDCO_8MHZ, 0x10fc)
                [!provide]                PROVIDE (CALBC1_8MHZ, 0x10fd)
                [!provide]                PROVIDE (CALDCO_1MHZ, 0x10fe)
                [!provide]                PROVIDE (CALBC1_1MHZ, 0x10ff)
                [!provide]                PROVIDE (TLV_CHECKSUM, 0x10c0)
                [!provide]                PROVIDE (TLV_DCO_30_TAG, 0x10f6)
                [!provide]                PROVIDE (TLV_DCO_30_LEN, 0x10f7)
                [!provide]                PROVIDE (TLV_ADC10_1_TAG, 0x10da)
                [!provide]                PROVIDE (TLV_ADC10_1_LEN, 0x10db)
OUTPUT(ShowCalibration.elf elf32-msp430)

Cross Reference Table

Symbol                                            File
ASCII                                             main.o
BCSCTL1                                           main.o
CALBC1_16MHZ                                      main.o
CALDCO_16MHZ                                      main.o
DCOCTL                                            main.o
IFG2                                              main.o
OutByte                                           main.o
Out_hex                                           main.o
P1DIR                                             main.o
P1OUT                                             main.o
P1SEL                                             main.o
P1SEL2                                            main.o
UCA0BR0                                           main.o
UCA0BR1                                           main.o
UCA0CTL1                                          main.o
UCA0MCTL                                          main.o
UCA0RXBUF                                         main.o
UCA0TXBUF                                         main.o
WDTCTL                                            main.o
__crt0_init_bss                                   main.o
__crt0_movedata                                   main.o
__mspabi_func_epilog_2                            main.o
__mspabi_func_epilog_7                            main.o
__mspabi_srli_4                                   main.o
__mspabi_srli_8                                   main.o
main                                              main.o
pfbuf                                             main.o
sprintf                                           main.o
uart_getc                                         main.o
uart_init                                         main.o
uart_putc                                         main.o
uart_puts                                         main.o
